
> nx run api:test

> bun test --preload ./test-setup.ts

[0m[1mbun test [0m[2mv1.3.11 (af24e281)[0m
[0m
src/credential-injector.test.ts:
[0m[32m✓[0m [0mloadInjectedCredentials[2m >[0m[1m returns false when AGENT_CREDENTIALS_JSON is not set[0m [0m[2m[0.47ms[0m[2m][0m
[0m[32m✓[0m [0mloadInjectedCredentials[2m >[0m[1m returns false when AGENT_CREDENTIALS_JSON is empty[0m [0m[2m[0.15ms[0m[2m][0m
{"timestamp":"2026-04-29T08:59:21.156Z","level":"warn","context":"Credentials","message":"AGENT_CREDENTIALS_JSON is set but SESSION_DIR is not. Skipping injection."}
[0m[32m✓[0m [0mloadInjectedCredentials[2m >[0m[1m returns false when SESSION_DIR is not set[0m [0m[2m[1.35ms[0m[2m][0m
{"timestamp":"2026-04-29T08:59:21.158Z","level":"error","context":"Credentials","message":"Failed to parse AGENT_CREDENTIALS_JSON: JSON Parse error: Unexpected identifier \"not\""}
[0m[32m✓[0m [0mloadInjectedCredentials[2m >[0m[1m returns false for invalid JSON[0m [0m[2m[0.25ms[0m[2m][0m
{"timestamp":"2026-04-29T08:59:21.158Z","level":"error","context":"Credentials","message":"AGENT_CREDENTIALS_JSON must be a JSON object { filename: content }"}
[0m[32m✓[0m [0mloadInjectedCredentials[2m >[0m[1m returns false for non-object JSON (array)[0m [0m[2m[0.19ms[0m[2m][0m
{"timestamp":"2026-04-29T08:59:21.158Z","level":"warn","context":"Credentials","message":"AGENT_CREDENTIALS_JSON is empty object. Skipping."}
[0m[32m✓[0m [0mloadInjectedCredentials[2m >[0m[1m returns false for empty object[0m [0m[2m[0.16ms[0m[2m][0m
{"timestamp":"2026-04-29T08:59:21.159Z","level":"log","context":"Credentials","message":"Injected 1 credential file(s) from stored Agent."}
[0m[32m✓[0m [0mloadInjectedCredentials[2m >[0m[1m writes credential file to SESSION_DIR with 0o600[0m [0m[2m[0.75ms[0m[2m][0m
{"timestamp":"2026-04-29T08:59:21.159Z","level":"log","context":"Credentials","message":"Created session directory: /var/folders/zb/8rbxhnqj5nqcrlsvjxjs7hs40000gn/T/cred-inject-6WVIKc/nested/session"}
{"timestamp":"2026-04-29T08:59:21.159Z","level":"log","context":"Credentials","message":"Injected 1 credential file(s) from stored Agent."}
[0m[32m✓[0m [0mloadInjectedCredentials[2m >[0m[1m creates SESSION_DIR if it does not exist[0m [0m[2m[0.76ms[0m[2m][0m
{"timestamp":"2026-04-29T08:59:21.160Z","level":"log","context":"Credentials","message":"Injected 2 credential file(s) from stored Agent."}
[0m[32m✓[0m [0mloadInjectedCredentials[2m >[0m[1m writes multiple credential files[0m [0m[2m[0.54ms[0m[2m][0m
{"timestamp":"2026-04-29T08:59:21.160Z","level":"warn","context":"Credentials","message":"Skipping suspicious filename: ../../../etc/passwd"}
[0m[32m✓[0m [0mloadInjectedCredentials[2m >[0m[1m rejects path traversal in filenames[0m [0m[2m[0.40ms[0m[2m][0m
{"timestamp":"2026-04-29T08:59:21.161Z","level":"error","context":"Credentials","message":"Failed to write /var/folders/zb/8rbxhnqj5nqcrlsvjxjs7hs40000gn/T/cred-inject-oZZ9A6/not-a-dir/file.txt: ENOTDIR: not a directory, open '/var/folders/zb/8rbxhnqj5nqcrlsvjxjs7hs40000gn/T/cred-inject-oZZ9A6/not-a-dir/file.txt'"}
[0m[32m✓[0m [0mloadInjectedCredentials[2m >[0m[1m handles write failure gracefully and returns false when all fail[0m [0m[2m[0.90ms[0m[2m][0m
{"timestamp":"2026-04-29T08:59:21.162Z","level":"warn","context":"Credentials","message":"Skipping suspicious filename: sub/bad.txt"}
{"timestamp":"2026-04-29T08:59:21.162Z","level":"log","context":"Credentials","message":"Injected 1 credential file(s) from stored Agent."}
[0m[32m✓[0m [0mloadInjectedCredentials[2m >[0m[1m returns true if at least one file succeeds even when another has suspicious name[0m [0m[2m[0.43ms[0m[2m][0m
[0m
src/container-logger.test.ts:
[0m[32m✓[0m [0mcontainerLog[2m >[0m[1m error writes to stderr with level error[0m [0m[2m[0.13ms[0m[2m][0m
[0m[32m✓[0m [0mcontainerLog[2m >[0m[1m error includes context when provided[0m [0m[2m[0.07ms[0m[2m][0m
[0m[32m✓[0m [0mcontainerLog[2m >[0m[1m error includes extra when provided[0m
[0m[32m✓[0m [0mcontainerLog[2m >[0m[1m warn writes to stderr with level warn[0m
[0m[32m✓[0m [0mcontainerLog[2m >[0m[1m log writes to stdout with level log[0m [0m[2m[0.06ms[0m[2m][0m
[0m[32m✓[0m [0mcontainerLog[2m >[0m[1m LOG_LEVEL error suppresses warn and log[0m
[0m[32m✓[0m [0mcontainerLog[2m >[0m[1m LOG_LEVEL warn allows error and warn[0m
[0m[32m✓[0m [0mcontainerLog[2m >[0m[1m LOG_LEVEL log allows error warn log[0m [0m[2m[0.08ms[0m[2m][0m
[0m[32m✓[0m [0mcontainerLog[2m >[0m[1m LOG_LEVEL info is treated as log[0m [0m[2m[0.08ms[0m[2m][0m
[0m[32m✓[0m [0mcontainerLog[2m >[0m[1m output has timestamp in ISO format[0m
[0m[32m✓[0m [0mContainerLoggerService[2m >[0m[1m setContext sets context for subsequent logs[0m [0m[2m[0.15ms[0m[2m][0m
[0m[32m✓[0m [0mContainerLoggerService[2m >[0m[1m constructor context is used when setContext not called[0m [0m[2m[0.07ms[0m[2m][0m
[0m[32m✓[0m [0mContainerLoggerService[2m >[0m[1m log forwards to containerLog with context[0m [0m[2m[0.03ms[0m[2m][0m
[0m[32m✓[0m [0mContainerLoggerService[2m >[0m[1m error forwards message and trace as extra[0m [0m[2m[0.03ms[0m[2m][0m
[0m[32m✓[0m [0mContainerLoggerService[2m >[0m[1m warn forwards to containerLog[0m [0m[2m[0.02ms[0m[2m][0m
[0m[32m✓[0m [0mContainerLoggerService[2m >[0m[1m debug forwards to containerLog[0m [0m[2m[0.02ms[0m[2m][0m
[0m[32m✓[0m [0mContainerLoggerService[2m >[0m[1m verbose forwards to containerLog[0m [0m[2m[0.02ms[0m[2m][0m
[0m[32m✓[0m [0mlogRequest[2m >[0m[1m writes JSON with context http and message request[0m [0m[2m[0.08ms[0m[2m][0m
[0m[32m✓[0m [0mlogRequest[2m >[0m[1m includes requestId method url statusCode durationMs[0m [0m[2m[0.04ms[0m[2m][0m
[0m[32m✓[0m [0mlogRequest[2m >[0m[1m does not write when LOG_LEVEL is error[0m [0m[2m[0.05ms[0m[2m][0m
[0m[32m✓[0m [0mlogWs[2m >[0m[1m connect event writes context ws and message connect[0m [0m[2m[0.14ms[0m[2m][0m
[0m[32m✓[0m [0mlogWs[2m >[0m[1m disconnect event can include closeCode[0m
[0m[32m✓[0m [0mlogWs[2m >[0m[1m action event includes action name[0m [0m[2m[0.05ms[0m[2m][0m
[0m[32m✓[0m [0mlogWs[2m >[0m[1m disconnect can include error[0m [0m[2m[0.02ms[0m[2m][0m
[0m[32m✓[0m [0mlogWs[2m >[0m[1m does not write when LOG_LEVEL is error[0m [0m[2m[0.02ms[0m[2m][0m
[0m
src/post-init-runner.test.ts:
[0m[32m✓[0m [0mpost-init-runner[2m >[0m[1m readPostInitState returns null when file does not exist[0m [0m[2m[0.15ms[0m[2m][0m
[0m[32m✓[0m [0mpost-init-runner[2m >[0m[1m readPostInitState returns null when file is invalid JSON[0m [0m[2m[0.62ms[0m[2m][0m
[0m[32m✓[0m [0mpost-init-runner[2m >[0m[1m readPostInitState returns parsed state when file exists[0m [0m[2m[0.28ms[0m[2m][0m
[0m[32m✓[0m [0mpost-init-runner[2m >[0m[1m writePostInitState creates file and readPostInitState reads it[0m [0m[2m[0.40ms[0m[2m][0m
[0m[32m✓[0m [0mpost-init-runner[2m >[0m[1m runPostInitOnce runs script and writes done state[0m [0m[2m[[1m76.93ms[0m[2m][0m
[0m[32m✓[0m [0mpost-init-runner[2m >[0m[1m runPostInitOnce skips run when state already done[0m [0m[2m[0.60ms[0m[2m][0m
[0m[32m✓[0m [0mpost-init-runner[2m >[0m[1m runPostInitOnce skips run when state already failed[0m [0m[2m[0.58ms[0m[2m][0m
[0m[32m✓[0m [0mpost-init-runner[2m >[0m[1m runPostInitOnce records failed state for non-zero exit code[0m [0m[2m[[1m98.36ms[0m[2m][0m
[0m[32m✓[0m [0mpost-init-runner[2m >[0m[1m runPostInitOnce captures stderr in output[0m [0m[2m[[1m104.20ms[0m[2m][0m
{"timestamp":"2026-04-29T08:59:21.450Z","level":"error","context":"PostInit","message":"Post-init script spawn error: ENOENT: no such file or directory, posix_spawn 'sh'"}
[0m[32m✓[0m [0mpost-init-runner[2m >[0m[1m runPostInitOnce handles spawn error gracefully[0m [0m[2m[1.62ms[0m[2m][0m
[0m[32m✓[0m [0mpost-init-runner[2m >[0m[1m writePostInitState creates dataDir recursively if needed[0m [0m[2m[0.94ms[0m[2m][0m
[0m[32m✓[0m [0mpost-init-runner[2m >[0m[1m runPostInitOnce re-runs when state is running[0m [0m[2m[[1m97.98ms[0m[2m][0m
[0m
src/load-env.test.ts:
[0m[32m✓[0m [0mloadDevEnv[2m >[0m[1m does nothing in production[0m [0m[2m[0.56ms[0m[2m][0m
[0m[32m✓[0m [0mloadDevEnv[2m >[0m[1m calls dotenv.config with cwd-relative .env path in non-production[0m [0m[2m[0.09ms[0m[2m][0m
[0m[32m✓[0m [0mloadDevEnv[2m >[0m[1m does not throw when dotenv is unavailable[0m [0m[2m[0.06ms[0m[2m][0m
[0m
src/cors-frame.config.test.ts:
[0m[32m✓[0m [0mgetCorsOrigin[2m >[0m[1m returns true when CORS_ORIGINS is unset[0m [0m[2m[0.15ms[0m[2m][0m
[0m[32m✓[0m [0mgetCorsOrigin[2m >[0m[1m returns true when CORS_ORIGINS is empty string[0m [0m[2m[0.05ms[0m[2m][0m
[0m[32m✓[0m [0mgetCorsOrigin[2m >[0m[1m returns true when CORS_ORIGINS is whitespace only[0m [0m[2m[0.02ms[0m[2m][0m
[0m[32m✓[0m [0mgetCorsOrigin[2m >[0m[1m returns true when CORS_ORIGINS is *[0m [0m[2m[0.02ms[0m[2m][0m
[0m[32m✓[0m [0mgetCorsOrigin[2m >[0m[1m returns list of origins when CORS_ORIGINS is comma-separated[0m [0m[2m[0.02ms[0m[2m][0m
[0m[32m✓[0m [0mgetCorsOrigin[2m >[0m[1m trims and filters empty segments[0m
[0m[32m✓[0m [0mgetCorsOrigin[2m >[0m[1m returns default origins when CORS_ORIGINS parses to empty list[0m
[0m[32m✓[0m [0mgetFrameAncestors[2m >[0m[1m returns [*] when FRAME_ANCESTORS is unset[0m
[0m[32m✓[0m [0mgetFrameAncestors[2m >[0m[1m returns [*] when FRAME_ANCESTORS is empty string[0m
[0m[32m✓[0m [0mgetFrameAncestors[2m >[0m[1m returns [*] when FRAME_ANCESTORS is whitespace only[0m
[0m[32m✓[0m [0mgetFrameAncestors[2m >[0m[1m returns list when FRAME_ANCESTORS is comma-separated[0m
[0m[32m✓[0m [0mgetFrameAncestors[2m >[0m[1m trims and filters empty segments[0m
[0m[32m✓[0m [0mgetFrameAncestors[2m >[0m[1m returns [*] when FRAME_ANCESTORS parses to empty list[0m
[0m
src/attach-websocket-server.spec.ts:
[0m[32m✓[0m [0mattachWebSocketServer — upgrade dispatcher[2m >[0m[1m returns a WebSocketServer instance[0m [0m[2m[0.39ms[0m[2m][0m
[0m[32m✓[0m [0mattachWebSocketServer — upgrade dispatcher[2m >[0m[1m destroys sockets for unknown paths[0m [0m[2m[0.17ms[0m[2m][0m
[0m[32m✓[0m [0mattachWebSocketServer — upgrade dispatcher[2m >[0m[1m does not destroy socket for /ws path[0m [0m[2m[0.21ms[0m[2m][0m
[0m[32m✓[0m [0mattachWebSocketServer — upgrade dispatcher[2m >[0m[1m does not destroy socket for /ws-terminal path[0m [0m[2m[0.05ms[0m[2m][0m
[0m[32m✓[0m [0mattachWebSocketServer — chat auth guard[2m >[0m[1m closes with 4001 when password is set and token is wrong[0m [0m[2m[0.14ms[0m[2m][0m
[0m[32m✓[0m [0mattachWebSocketServer — chat auth guard[2m >[0m[1m allows connection when token matches[0m [0m[2m[0.05ms[0m[2m][0m
[0m[32m✓[0m [0mattachWebSocketServer — chat auth guard[2m >[0m[1m allows connection when no password is configured[0m
[0m[32m✓[0m [0mattachWebSocketServer — session takeover[2m >[0m[1m closes previous client with 4002 when a 6th client connects[0m [0m[2m[0.13ms[0m[2m][0m
[0m[32m✓[0m [0mattachWebSocketServer — terminal WS handlers[2m >[0m[1m calls terminalService.create with the playground dir on connection[0m [0m[2m[0.02ms[0m[2m][0m
[0m[32m✓[0m [0mattachWebSocketServer — terminal WS handlers[2m >[0m[1m terminalService.write is called with incoming raw text[0m
[0m[32m✓[0m [0mattachWebSocketServer — terminal WS handlers[2m >[0m[1m terminalService.resize is called with cols and rows from resize JSON[0m
[0m[32m✓[0m [0mattachWebSocketServer — terminal WS handlers[2m >[0m[1m terminalService.kill is called when WS closes[0m
[0m[32m✓[0m [0mattachWebSocketServer — terminal WS handlers[2m >[0m[1m PTY onExit closes the WebSocket when it is OPEN[0m [0m[2m[0.09ms[0m[2m][0m
[0m[32m✓[0m [0mattachWebSocketServer — terminal WS handlers[2m >[0m[1m resize JSON message is distinguished from raw text input[0m [0m[2m[0.01ms[0m[2m][0m
[0m
src/app/gitignore-utils.test.ts:
[0m[32m✓[0m [0mgitignore-utils[2m >[0m[1m ignores files matching simple patterns[0m [0m[2m[1.16ms[0m[2m][0m
[0m[32m✓[0m [0mgitignore-utils[2m >[0m[1m handles comments and blank lines[0m [0m[2m[0.53ms[0m[2m][0m
[0m[32m✓[0m [0mgitignore-utils[2m >[0m[1m handles negation patterns[0m [0m[2m[0.57ms[0m[2m][0m
[0m[32m✓[0m [0mgitignore-utils[2m >[0m[1m handles directory patterns ending with /[0m [0m[2m[0.44ms[0m[2m][0m
[0m[32m✓[0m [0mgitignore-utils[2m >[0m[1m handles path patterns with /[0m [0m[2m[0.46ms[0m[2m][0m
[0m[32m✓[0m [0mgitignore-utils[2m >[0m[1m returns empty filter when .gitignore does not exist[0m [0m[2m[0.30ms[0m[2m][0m
[0m[32m✓[0m [0mgitignore-utils[2m >[0m[1m combines with parent filter[0m [0m[2m[0.35ms[0m[2m][0m
[0m[32m✓[0m [0mgitignore-utils[2m >[0m[1m handles glob wildcards[0m [0m[2m[0.52ms[0m[2m][0m
[0m
src/app/fibe-settings.test.ts:
[0m[1m16 |[0m   })[0m[2m;[0m
[0m[1m17 |[0m 
[0m[1m18 |[0m   it([0m[32m'should return defaults if file does not exist'[0m, [0m[35masync[0m () => {
[0m[1m19 |[0m     [0m[35mconst[0m error = [0m[35mnew[0m [0m[1mError[0m([0m[32m'ENOENT'[0m) [0m[34mas[0m [0m[34many[0m[0m[2m;[0m
[0m[1m20 |[0m     error.code = [0m[32m'ENOENT'[0m[0m[2m;[0m
[0m[1m21 |[0m     vi[0m[3m[1m.mocked[0m(fs.readFile)[0m[3m[1m.mockRejectedValueOnce[0m(error)[0m[2m;[0m
            [31m[1m^[0m
[0m[31mTypeError[0m[2m:[0m [1mvi.mocked is not a function. (In 'vi.mocked(fs.readFile)', 'vi.mocked' is undefined)[0m
[0m      [2mat [0m[0m[2m<anonymous>[0m[2m ([0m[0m[36m[2m/Users/vyakymenko/Documents/git/fibe third/fibe-agent/apps/api/[0m[36msrc/app/fibe-settings.test.ts[0m[2m:[0m[33m21[0m[2m:[33m8[0m[2m)[0m
[0m[31m✗[0m [0mloadFibeSettings[2m >[0m[1m should return defaults if file does not exist[0m
[0m[1m29 |[0m     expect(settings.visibleHidden[0m[3m[1m.has[0m([0m[32m'.opencode'[0m))[0m[3m[1m.toBe[0m([0m[33mtrue[0m)[0m[2m;[0m
[0m[1m30 |[0m     expect(settings.showHidden)[0m[3m[1m.toBe[0m([0m[33mfalse[0m)[0m[2m;[0m
[0m[1m31 |[0m   })[0m[2m;[0m
[0m[1m32 |[0m 
[0m[1m33 |[0m   it([0m[32m'should return defaults if file contains invalid JSON, but does not throw'[0m, [0m[35masync[0m () => {
[0m[1m34 |[0m     vi[0m[3m[1m.mocked[0m(fs.readFile)[0m[3m[1m.mockResolvedValueOnce[0m([0m[32m'invalid json'[0m)[0m[2m;[0m
            [31m[1m^[0m
[0m[31mTypeError[0m[2m:[0m [1mvi.mocked is not a function. (In 'vi.mocked(fs.readFile)', 'vi.mocked' is undefined)[0m
[0m      [2mat [0m[0m[2m<anonymous>[0m[2m ([0m[0m[36m[2m/Users/vyakymenko/Documents/git/fibe third/fibe-agent/apps/api/[0m[36msrc/app/fibe-settings.test.ts[0m[2m:[0m[33m34[0m[2m:[33m8[0m[2m)[0m
[0m[31m✗[0m [0mloadFibeSettings[2m >[0m[1m should return defaults if file contains invalid JSON, but does not throw[0m [0m[2m[0.44ms[0m[2m][0m
[0m[1m44 |[0m         exclude: [[0m[32m'my_secret'[0m],
[0m[1m45 |[0m         visibleHidden: [[0m[32m'.vscode'[0m],
[0m[1m46 |[0m         showHidden: [0m[33mtrue[0m,
[0m[1m47 |[0m       },
[0m[1m48 |[0m     }[0m[2m;[0m
[0m[1m49 |[0m     vi[0m[3m[1m.mocked[0m(fs.readFile)[0m[3m[1m.mockResolvedValueOnce[0m(JSON[0m[3m[1m.stringify[0m(mockJson))[0m[2m;[0m
            [31m[1m^[0m
[0m[31mTypeError[0m[2m:[0m [1mvi.mocked is not a function. (In 'vi.mocked(fs.readFile)', 'vi.mocked' is undefined)[0m
[0m      [2mat [0m[0m[2m<anonymous>[0m[2m ([0m[0m[36m[2m/Users/vyakymenko/Documents/git/fibe third/fibe-agent/apps/api/[0m[36msrc/app/fibe-settings.test.ts[0m[2m:[0m[33m49[0m[2m:[33m8[0m[2m)[0m
[0m[31m✗[0m [0mloadFibeSettings[2m >[0m[1m should merge user excludes and visibleHidden with defaults[0m [0m[2m[0.09ms[0m[2m][0m
[0m
src/app/serve-index.util.test.ts:
[0m[32m✓[0m [0mserveIndexLogic[2m >[0m[1m should call next() for /api/ routes[0m [0m[2m[0.07ms[0m[2m][0m
[0m[32m✓[0m [0mserveIndexLogic[2m >[0m[1m should call next() for /ws routes[0m
[0m[32m✓[0m [0mserveIndexLogic[2m >[0m[1m should call next() for /assets/ routes[0m [0m[2m[0.14ms[0m[2m][0m
[0m[32m✓[0m [0mserveIndexLogic[2m >[0m[1m should call next() for static files with extensions[0m [0m[2m[0.03ms[0m[2m][0m
[0m[32m✓[0m [0mserveIndexLogic[2m >[0m[1m should return 404 if index.html does not exist[0m
[0m[32m✓[0m [0mserveIndexLogic[2m >[0m[1m should serve index.html with ROOT base and empty basename if no prefix[0m [0m[2m[0.06ms[0m[2m][0m
[0m[32m✓[0m [0mserveIndexLogic[2m >[0m[1m should serve index.html with dynamic base and basename if X-Forwarded-Prefix is set[0m
[0m[32m✓[0m [0mserveIndexLogic[2m >[0m[1m should serve index.html with dynamic base and basename if AGENT_BASE_PATH is set[0m [0m[2m[0.04ms[0m[2m][0m
[0m[32m✓[0m [0mserveIndexLogic[2m >[0m[1m should verify that html is cached in memory[0m [0m[2m[0.03ms[0m[2m][0m
[0m
src/app/http-exception.filter.test.ts:
[0m[32m✓[0m [0mGlobalHttpExceptionFilter[2m >[0m[1m handles HttpException with string response[0m [0m[2m[0.29ms[0m[2m][0m
[0m[32m✓[0m [0mGlobalHttpExceptionFilter[2m >[0m[1m handles HttpException with object response containing message string[0m [0m[2m[0.13ms[0m[2m][0m
[0m[32m✓[0m [0mGlobalHttpExceptionFilter[2m >[0m[1m handles HttpException with message array (validation)[0m [0m[2m[0.20ms[0m[2m][0m
[31m[Nest] 77364  - [39m04/29/2026, 8:59:21 AM [31m  ERROR[39m [38;5;3m[HttpExceptionFilter] [39m[31msomething broke[39m
[95m[Nest] 77364  - [39m04/29/2026, 8:59:21 AM [95m  DEBUG[39m [38;5;3m[HttpExceptionFilter] [39m[95mError: something broke
    at <anonymous> (/Users/vyakymenko/Documents/git/fibe third/fibe-agent/apps/api/src/app/http-exception.filter.test.ts:59:22)[39m
[0m[32m✓[0m [0mGlobalHttpExceptionFilter[2m >[0m[1m handles unknown exceptions with 500 and generic message[0m [0m[2m[0.69ms[0m[2m][0m
[31m[Nest] 77364  - [39m04/29/2026, 8:59:21 AM [31m  ERROR[39m [38;5;3m[HttpExceptionFilter] [39m[31mstring error[39m
[0m[32m✓[0m [0mGlobalHttpExceptionFilter[2m >[0m[1m handles non-Error exceptions[0m [0m[2m[0.08ms[0m[2m][0m
[0m[32m✓[0m [0mGlobalHttpExceptionFilter[2m >[0m[1m includes error name in payload[0m [0m[2m[0.03ms[0m[2m][0m
[0m
src/assets/system-prompt.test.ts:
[0m[32m✓[0m [0mbuilt-in SYSTEM_PROMPT.md asset[2m >[0m[1m file exists[0m
[0m[32m✓[0m [0mbuilt-in SYSTEM_PROMPT.md asset[2m >[0m[1m is non-empty[0m [0m[2m[0.05ms[0m[2m][0m
[0m[32m✓[0m [0mbuilt-in SYSTEM_PROMPT.md asset[2m >[0m[1m contains scope constraint[0m [0m[2m[0.08ms[0m[2m][0m
[0m[32m✓[0m [0mbuilt-in SYSTEM_PROMPT.md asset[2m >[0m[1m mentions code playground context[0m [0m[2m[0.05ms[0m[2m][0m
[0m[32m✓[0m [0mprompts/ library — README[2m >[0m[1m README.md exists[0m
[0m[32m✓[0m [0mprompts/ library — README[2m >[0m[1m README.md documents SYSTEM_PROMPT_PATH[0m [0m[2m[0.05ms[0m[2m][0m
[0m[32m✓[0m [0mprompts/ library — base prompts[2m > [0mcode-playground.md[2m >[0m[1m file exists[0m
[0m[32m✓[0m [0mprompts/ library — base prompts[2m > [0mcode-playground.md[2m >[0m[1m is non-empty[0m
[0m[32m✓[0m [0mprompts/ library — base prompts[2m > [0mcode-playground.md[2m >[0m[1m contains "current working directory"[0m [0m[2m[0.10ms[0m[2m][0m
[0m[32m✓[0m [0mprompts/ library — base prompts[2m > [0mcode-playground.md[2m >[0m[1m contains "Scope rules"[0m [0m[2m[0.03ms[0m[2m][0m
[0m[32m✓[0m [0mprompts/ library — base prompts[2m > [0mcode-playground.md[2m >[0m[1m contains "Workflow"[0m
[0m[32m✓[0m [0mprompts/ library — base prompts[2m > [0mcode-playground.md[2m >[0m[1m contains "Code quality"[0m
[0m[32m✓[0m [0mprompts/ library — provider prompts[2m > [0mgemini.md[2m >[0m[1m file exists[0m
[0m[32m✓[0m [0mprompts/ library — provider prompts[2m > [0mgemini.md[2m >[0m[1m is non-empty[0m [0m[2m[0.09ms[0m[2m][0m
[0m[32m✓[0m [0mprompts/ library — provider prompts[2m > [0mgemini.md[2m >[0m[1m contains scope constraint (work only inside current directory)[0m [0m[2m[0.03ms[0m[2m][0m
[0m[32m✓[0m [0mprompts/ library — provider prompts[2m > [0mgemini.md[2m >[0m[1m contains provider name in content[0m [0m[2m[0.04ms[0m[2m][0m
[0m[32m✓[0m [0mprompts/ library — provider prompts[2m > [0mgemini.md[2m >[0m[1m mentions workflow[0m [0m[2m[0.03ms[0m[2m][0m
[0m[32m✓[0m [0mprompts/ library — provider prompts[2m > [0mclaude-code.md[2m >[0m[1m file exists[0m [0m[2m[0.01ms[0m[2m][0m
[0m[32m✓[0m [0mprompts/ library — provider prompts[2m > [0mclaude-code.md[2m >[0m[1m is non-empty[0m [0m[2m[0.03ms[0m[2m][0m
[0m[32m✓[0m [0mprompts/ library — provider prompts[2m > [0mclaude-code.md[2m >[0m[1m contains scope constraint (work only inside current directory)[0m [0m[2m[0.03ms[0m[2m][0m
[0m[32m✓[0m [0mprompts/ library — provider prompts[2m > [0mclaude-code.md[2m >[0m[1m contains provider name in content[0m [0m[2m[0.02ms[0m[2m][0m
[0m[32m✓[0m [0mprompts/ library — provider prompts[2m > [0mclaude-code.md[2m >[0m[1m mentions workflow[0m [0m[2m[0.01ms[0m[2m][0m
[0m[32m✓[0m [0mprompts/ library — provider prompts[2m > [0mopenai-codex.md[2m >[0m[1m file exists[0m
[0m[32m✓[0m [0mprompts/ library — provider prompts[2m > [0mopenai-codex.md[2m >[0m[1m is non-empty[0m [0m[2m[0.03ms[0m[2m][0m
[0m[32m✓[0m [0mprompts/ library — provider prompts[2m > [0mopenai-codex.md[2m >[0m[1m contains scope constraint (work only inside current directory)[0m [0m[2m[0.02ms[0m[2m][0m
[0m[32m✓[0m [0mprompts/ library — provider prompts[2m > [0mopenai-codex.md[2m >[0m[1m contains provider name in content[0m [0m[2m[0.04ms[0m[2m][0m
[0m[32m✓[0m [0mprompts/ library — provider prompts[2m > [0mopenai-codex.md[2m >[0m[1m mentions workflow[0m [0m[2m[0.03ms[0m[2m][0m
[0m[32m✓[0m [0mprompts/ library — provider prompts[2m > [0mopencode.md[2m >[0m[1m file exists[0m
[0m[32m✓[0m [0mprompts/ library — provider prompts[2m > [0mopencode.md[2m >[0m[1m is non-empty[0m [0m[2m[0.03ms[0m[2m][0m
[0m[32m✓[0m [0mprompts/ library — provider prompts[2m > [0mopencode.md[2m >[0m[1m contains scope constraint (work only inside current directory)[0m [0m[2m[0.03ms[0m[2m][0m
[0m[32m✓[0m [0mprompts/ library — provider prompts[2m > [0mopencode.md[2m >[0m[1m contains provider name in content[0m [0m[2m[0.02ms[0m[2m][0m
[0m[32m✓[0m [0mprompts/ library — provider prompts[2m > [0mopencode.md[2m >[0m[1m mentions workflow[0m [0m[2m[0.24ms[0m[2m][0m
[0m[32m✓[0m [0mprompts/ library — provider prompts[2m > [0mcursor.md[2m >[0m[1m file exists[0m [0m[2m[0.01ms[0m[2m][0m
[0m[32m✓[0m [0mprompts/ library — provider prompts[2m > [0mcursor.md[2m >[0m[1m is non-empty[0m [0m[2m[0.04ms[0m[2m][0m
[0m[32m✓[0m [0mprompts/ library — provider prompts[2m > [0mcursor.md[2m >[0m[1m contains scope constraint (work only inside current directory)[0m [0m[2m[0.02ms[0m[2m][0m
[0m[32m✓[0m [0mprompts/ library — provider prompts[2m > [0mcursor.md[2m >[0m[1m contains provider name in content[0m
[0m[32m✓[0m [0mprompts/ library — provider prompts[2m > [0mcursor.md[2m >[0m[1m mentions workflow[0m [0m[2m[0.04ms[0m[2m][0m
[0m
dist/assets/system-prompt.test.ts:
[0m[32m✓[0m [0mbuilt-in SYSTEM_PROMPT.md asset[2m >[0m[1m file exists[0m
[0m[32m✓[0m [0mbuilt-in SYSTEM_PROMPT.md asset[2m >[0m[1m is non-empty[0m [0m[2m[0.08ms[0m[2m][0m
[0m[32m✓[0m [0mbuilt-in SYSTEM_PROMPT.md asset[2m >[0m[1m contains scope constraint[0m [0m[2m[0.02ms[0m[2m][0m
[0m[32m✓[0m [0mbuilt-in SYSTEM_PROMPT.md asset[2m >[0m[1m mentions code playground context[0m
[0m[32m✓[0m [0mprompts/ library — README[2m >[0m[1m README.md exists[0m
[0m[32m✓[0m [0mprompts/ library — README[2m >[0m[1m README.md documents SYSTEM_PROMPT_PATH[0m [0m[2m[0.07ms[0m[2m][0m
[0m[32m✓[0m [0mprompts/ library — base prompts[2m > [0mcode-playground.md[2m >[0m[1m file exists[0m
[0m[32m✓[0m [0mprompts/ library — base prompts[2m > [0mcode-playground.md[2m >[0m[1m is non-empty[0m [0m[2m[0.03ms[0m[2m][0m
[0m[32m✓[0m [0mprompts/ library — base prompts[2m > [0mcode-playground.md[2m >[0m[1m contains "current working directory"[0m [0m[2m[0.02ms[0m[2m][0m
[0m[32m✓[0m [0mprompts/ library — base prompts[2m > [0mcode-playground.md[2m >[0m[1m contains "Scope rules"[0m [0m[2m[0.01ms[0m[2m][0m
[0m[32m✓[0m [0mprompts/ library — base prompts[2m > [0mcode-playground.md[2m >[0m[1m contains "Workflow"[0m
[0m[32m✓[0m [0mprompts/ library — base prompts[2m > [0mcode-playground.md[2m >[0m[1m contains "Code quality"[0m
[0m[32m✓[0m [0mprompts/ library — provider prompts[2m > [0mgemini.md[2m >[0m[1m file exists[0m [0m[2m[0.03ms[0m[2m][0m
[0m[32m✓[0m [0mprompts/ library — provider prompts[2m > [0mgemini.md[2m >[0m[1m is non-empty[0m [0m[2m[0.02ms[0m[2m][0m
[0m[32m✓[0m [0mprompts/ library — provider prompts[2m > [0mgemini.md[2m >[0m[1m contains scope constraint (work only inside current directory)[0m [0m[2m[0.03ms[0m[2m][0m
[0m[32m✓[0m [0mprompts/ library — provider prompts[2m > [0mgemini.md[2m >[0m[1m contains provider name in content[0m [0m[2m[0.02ms[0m[2m][0m
[0m[32m✓[0m [0mprompts/ library — provider prompts[2m > [0mgemini.md[2m >[0m[1m mentions workflow[0m [0m[2m[0.03ms[0m[2m][0m
[0m[32m✓[0m [0mprompts/ library — provider prompts[2m > [0mclaude-code.md[2m >[0m[1m file exists[0m
[0m[32m✓[0m [0mprompts/ library — provider prompts[2m > [0mclaude-code.md[2m >[0m[1m is non-empty[0m
[0m[32m✓[0m [0mprompts/ library — provider prompts[2m > [0mclaude-code.md[2m >[0m[1m contains scope constraint (work only inside current directory)[0m
[0m[32m✓[0m [0mprompts/ library — provider prompts[2m > [0mclaude-code.md[2m >[0m[1m contains provider name in content[0m [0m[2m[0.06ms[0m[2m][0m
[0m[32m✓[0m [0mprompts/ library — provider prompts[2m > [0mclaude-code.md[2m >[0m[1m mentions workflow[0m [0m[2m[0.01ms[0m[2m][0m
[0m[32m✓[0m [0mprompts/ library — provider prompts[2m > [0mopenai-codex.md[2m >[0m[1m file exists[0m
[0m[32m✓[0m [0mprompts/ library — provider prompts[2m > [0mopenai-codex.md[2m >[0m[1m is non-empty[0m [0m[2m[0.04ms[0m[2m][0m
[0m[32m✓[0m [0mprompts/ library — provider prompts[2m > [0mopenai-codex.md[2m >[0m[1m contains scope constraint (work only inside current directory)[0m [0m[2m[0.02ms[0m[2m][0m
[0m[32m✓[0m [0mprompts/ library — provider prompts[2m > [0mopenai-codex.md[2m >[0m[1m contains provider name in content[0m [0m[2m[0.03ms[0m[2m][0m
[0m[32m✓[0m [0mprompts/ library — provider prompts[2m > [0mopenai-codex.md[2m >[0m[1m mentions workflow[0m
[0m[32m✓[0m [0mprompts/ library — provider prompts[2m > [0mopencode.md[2m >[0m[1m file exists[0m [0m[2m[0.03ms[0m[2m][0m
[0m[32m✓[0m [0mprompts/ library — provider prompts[2m > [0mopencode.md[2m >[0m[1m is non-empty[0m [0m[2m[0.02ms[0m[2m][0m
[0m[32m✓[0m [0mprompts/ library — provider prompts[2m > [0mopencode.md[2m >[0m[1m contains scope constraint (work only inside current directory)[0m [0m[2m[0.01ms[0m[2m][0m
[0m[32m✓[0m [0mprompts/ library — provider prompts[2m > [0mopencode.md[2m >[0m[1m contains provider name in content[0m
[0m[32m✓[0m [0mprompts/ library — provider prompts[2m > [0mopencode.md[2m >[0m[1m mentions workflow[0m
[0m[32m✓[0m [0mprompts/ library — provider prompts[2m > [0mcursor.md[2m >[0m[1m file exists[0m
[0m[32m✓[0m [0mprompts/ library — provider prompts[2m > [0mcursor.md[2m >[0m[1m is non-empty[0m
[0m[32m✓[0m [0mprompts/ library — provider prompts[2m > [0mcursor.md[2m >[0m[1m contains scope constraint (work only inside current directory)[0m
[0m[32m✓[0m [0mprompts/ library — provider prompts[2m > [0mcursor.md[2m >[0m[1m contains provider name in content[0m
[0m[32m✓[0m [0mprompts/ library — provider prompts[2m > [0mcursor.md[2m >[0m[1m mentions workflow[0m
[0m
src/app/model-options/model-options.controller.test.ts:
[0m[32m✓[0m [0mModelOptionsController — merge logic[2m >[0m[1m returns env models when provider list is empty[0m [0m[2m[0.20ms[0m[2m][0m
[0m[32m✓[0m [0mModelOptionsController — merge logic[2m >[0m[1m merges env and provider models[0m [0m[2m[0.04ms[0m[2m][0m
[0m[32m✓[0m [0mModelOptionsController — merge logic[2m >[0m[1m deduplicates — env models come first[0m [0m[2m[0.01ms[0m[2m][0m
[0m[32m✓[0m [0mModelOptionsController — merge logic[2m >[0m[1m returns empty when both sources are empty[0m [0m[2m[0.03ms[0m[2m][0m
[0m[32m✓[0m [0mModelOptionsController — merge logic[2m >[0m[1m returns provider models only when no env models[0m
[0m[32m✓[0m [0mModelOptionsController — merge logic[2m >[0m[1m preserves order within each group[0m [0m[2m[0.03ms[0m[2m][0m
[0m[32m✓[0m [0mModelOptionsController — merge logic[2m >[0m[1m handles large provider list[0m [0m[2m[0.25ms[0m[2m][0m
[0m
src/app/crypto/crypto.util.test.ts:
[0m[32m✓[0m [0mcrypto.util[2m > [0mencryptData[2m >[0m[1m returns plain text when no key provided[0m [0m[2m[0.06ms[0m[2m][0m
[0m[32m✓[0m [0mcrypto.util[2m > [0mencryptData[2m >[0m[1m returns plain text when key is undefined[0m [0m[2m[0.01ms[0m[2m][0m
[0m[32m✓[0m [0mcrypto.util[2m > [0mencryptData[2m >[0m[1m returns ENC: prefixed string when key is provided[0m [0m[2m[0.23ms[0m[2m][0m
[0m[32m✓[0m [0mcrypto.util[2m > [0mencryptData[2m >[0m[1m produces different ciphertext each time (random IV)[0m [0m[2m[0.04ms[0m[2m][0m
[0m[32m✓[0m [0mcrypto.util[2m > [0mencryptData[2m >[0m[1m encrypted string has 4 colon-separated parts[0m [0m[2m[0.02ms[0m[2m][0m
[0m[32m✓[0m [0mcrypto.util[2m > [0mdecryptData[2m >[0m[1m returns plain text when input is not ENC: prefixed[0m [0m[2m[0.05ms[0m[2m][0m
[0m[32m✓[0m [0mcrypto.util[2m > [0mdecryptData[2m >[0m[1m decrypts text encrypted with same key[0m [0m[2m[0.12ms[0m[2m][0m
[0m[32m✓[0m [0mcrypto.util[2m > [0mdecryptData[2m >[0m[1m throws when key is missing but data is encrypted[0m [0m[2m[0.02ms[0m[2m][0m
[0m[32m✓[0m [0mcrypto.util[2m > [0mdecryptData[2m >[0m[1m throws when wrong key is used[0m [0m[2m[0.08ms[0m[2m][0m
[0m[32m✓[0m [0mcrypto.util[2m > [0mdecryptData[2m >[0m[1m throws on invalid encrypted format[0m [0m[2m[0.01ms[0m[2m][0m
[0m[32m✓[0m [0mcrypto.util[2m > [0mdecryptData[2m >[0m[1m handles empty string[0m
[0m[32m✓[0m [0mcrypto.util[2m > [0mdecryptData[2m >[0m[1m handles unicode text[0m [0m[2m[0.02ms[0m[2m][0m
[0m[32m✓[0m [0mcrypto.util[2m > [0mdecryptData[2m >[0m[1m handles key shorter than 32 chars (padded)[0m [0m[2m[0.04ms[0m[2m][0m
[0m[32m✓[0m [0mcrypto.util[2m > [0mdecryptData[2m >[0m[1m handles key longer than 32 chars (truncated)[0m [0m[2m[0.04ms[0m[2m][0m
[0m[32m✓[0m [0mcrypto.util[2m > [0mdecryptData[2m >[0m[1m encrypted output does not contain the plaintext[0m [0m[2m[0.01ms[0m[2m][0m
[0m[32m✓[0m [0mcrypto.util[2m > [0mdecryptData[2m >[0m[1m encrypted output does not contain the key material[0m [0m[2m[0.03ms[0m[2m][0m
[0m[32m✓[0m [0mcrypto.util[2m > [0mdecryptData[2m >[0m[1m decryption with tampered ciphertext fails[0m [0m[2m[0.04ms[0m[2m][0m
[0m[32m✓[0m [0mcrypto.util[2m > [0mdecryptData[2m >[0m[1m decryption with tampered auth tag fails[0m [0m[2m[0.03ms[0m[2m][0m
[0m
src/app/messages/enrich-messages-with-usage.test.ts:
[0m[32m✓[0m [0menrichMessagesWithActivityUsage[2m >[0m[1m returns messages unchanged when no activities have usage[0m [0m[2m[0.13ms[0m[2m][0m
[0m[32m✓[0m [0menrichMessagesWithActivityUsage[2m >[0m[1m attaches usage to assistant message when activity has usage[0m [0m[2m[0.06ms[0m[2m][0m
[0m[32m✓[0m [0menrichMessagesWithActivityUsage[2m >[0m[1m leaves user messages unchanged[0m [0m[2m[0.04ms[0m[2m][0m
[0m[32m✓[0m [0menrichMessagesWithActivityUsage[2m >[0m[1m leaves assistant message without activityId unchanged[0m
[0m[32m✓[0m [0menrichMessagesWithActivityUsage[2m >[0m[1m does not attach usage when activity usage is invalid[0m
[0m
src/app/runtime-config/runtime-config.controller.test.ts:
[0m[32m✓[0m [0mRuntimeConfigController — getConfig logic[2m >[0m[1m returns all nulls when no env vars are set[0m [0m[2m[0.12ms[0m[2m][0m
[0m[32m✓[0m [0mRuntimeConfigController — getConfig logic[2m >[0m[1m returns userAvatarUrl when USER_AVATAR_URL is set[0m [0m[2m[0.01ms[0m[2m][0m
[0m[32m✓[0m [0mRuntimeConfigController — getConfig logic[2m >[0m[1m trims whitespace from USER_AVATAR_URL[0m [0m[2m[0.03ms[0m[2m][0m
[0m[32m✓[0m [0mRuntimeConfigController — getConfig logic[2m >[0m[1m returns null when USER_AVATAR_URL is whitespace-only[0m [0m[2m[0.02ms[0m[2m][0m
[0m[32m✓[0m [0mRuntimeConfigController — getConfig logic[2m >[0m[1m returns userAvatarBase64 when USER_AVATAR_BASE64 is set[0m [0m[2m[0.02ms[0m[2m][0m
[0m[32m✓[0m [0mRuntimeConfigController — getConfig logic[2m >[0m[1m returns assistantAvatarUrl when ASSISTANT_AVATAR_URL is set[0m [0m[2m[0.01ms[0m[2m][0m
[0m[32m✓[0m [0mRuntimeConfigController — getConfig logic[2m >[0m[1m returns assistantAvatarBase64 when ASSISTANT_AVATAR_BASE64 is set[0m [0m[2m[0.02ms[0m[2m][0m
[0m[32m✓[0m [0mRuntimeConfigController — getConfig logic[2m >[0m[1m returns correct shape when all env vars are set[0m [0m[2m[0.02ms[0m[2m][0m
[0m
src/app/provider-traffic/connect-proxy.test.ts:
[32m[Nest] 77364  - [39m04/29/2026, 8:59:21 AM [32m    LOG[39m [38;5;3m[ConnectProxy] [39m[32mMITM proxy listening on 127.0.0.1:59723[39m
[0m[32m✓[0m [0mConnectProxy[2m >[0m[1m starts on ephemeral port and stops cleanly[0m [0m[2m[[1m156.15ms[0m[2m][0m
[32m[Nest] 77364  - [39m04/29/2026, 8:59:21 AM [32m    LOG[39m [38;5;3m[ConnectProxy] [39m[32mMITM proxy listening on 127.0.0.1:59724[39m
[0m[32m✓[0m [0mConnectProxy[2m >[0m[1m intercepts CONNECT to known provider domain and captures traffic[0m [0m[2m[[1m86.71ms[0m[2m][0m
[0m[32m✓[0m [0mConnectProxy[2m >[0m[1m CertificateManager produces certs for all intercepted domains[0m [0m[2m[[1m516.35ms[0m[2m][0m
[0m
src/app/provider-traffic/types.test.ts:
[0m[32m✓[0m [0mtypes[2m > [0mresolveProvider[2m >[0m[1m resolves known provider domains[0m [0m[2m[0.53ms[0m[2m][0m
[0m[32m✓[0m [0mtypes[2m > [0mresolveProvider[2m >[0m[1m returns unknown for unrecognized domains[0m [0m[2m[0.07ms[0m[2m][0m
[0m[32m✓[0m [0mtypes[2m > [0msanitizeHeaders[2m >[0m[1m redacts sensitive headers[0m [0m[2m[0.12ms[0m[2m][0m
[0m[32m✓[0m [0mtypes[2m > [0msanitizeHeaders[2m >[0m[1m handles mixed-case header names[0m [0m[2m[0.01ms[0m[2m][0m
[0m[32m✓[0m [0mtypes[2m > [0msanitizeHeaders[2m >[0m[1m returns empty object for empty input[0m [0m[2m[0.02ms[0m[2m][0m
[0m[32m✓[0m [0mtypes[2m > [0mINTERCEPTED_DOMAINS[2m >[0m[1m contains all known provider domains[0m
[0m[32m✓[0m [0mtypes[2m > [0mINTERCEPTED_DOMAINS[2m >[0m[1m does not contain unknown domains[0m [0m[2m[0.03ms[0m[2m][0m
[0m
src/app/provider-traffic/proxy.service.test.ts:
[32m[Nest] 77364  - [39m04/29/2026, 8:59:22 AM [32m    LOG[39m [38;5;3m[ProxyService] [39m[32mProvider traffic capture is disabled (set PROVIDER_TRAFFIC_CAPTURE=true to enable)[39m
[0m[32m✓[0m [0mProxyService[2m >[0m[1m does not start proxy when PROVIDER_TRAFFIC_CAPTURE is not set[0m [0m[2m[[1m51.89ms[0m[2m][0m
[32m[Nest] 77364  - [39m04/29/2026, 8:59:22 AM [32m    LOG[39m [38;5;3m[ProxyService] [39m[32mInitializing MITM provider traffic capture...[39m
[32m[Nest] 77364  - [39m04/29/2026, 8:59:22 AM [32m    LOG[39m [38;5;3m[ConnectProxy] [39m[32mMITM proxy listening on 127.0.0.1:59728[39m
[32m[Nest] 77364  - [39m04/29/2026, 8:59:22 AM [32m    LOG[39m [38;5;3m[ProxyService] [39m[32mMITM proxy active on 127.0.0.1:59728 — CA cert at /var/folders/zb/8rbxhnqj5nqcrlsvjxjs7hs40000gn/T/fibe-proxy-ca-77364.pem[39m
[32m[Nest] 77364  - [39m04/29/2026, 8:59:22 AM [32m    LOG[39m [38;5;3m[ProxyService] [39m[32mShutting down MITM proxy...[39m
[32m[Nest] 77364  - [39m04/29/2026, 8:59:22 AM [32m    LOG[39m [38;5;3m[ProxyService] [39m[32mMITM proxy shut down.[39m
[0m[32m✓[0m [0mProxyService[2m >[0m[1m starts proxy when PROVIDER_TRAFFIC_CAPTURE=true[0m [0m[2m[[1m164.01ms[0m[2m][0m
[32m[Nest] 77364  - [39m04/29/2026, 8:59:22 AM [32m    LOG[39m [38;5;3m[ProxyService] [39m[32mProvider traffic capture is disabled (set PROVIDER_TRAFFIC_CAPTURE=true to enable)[39m
[0m[32m✓[0m [0mProxyService[2m >[0m[1m does not start proxy when PROVIDER_TRAFFIC_CAPTURE=false[0m [0m[2m[[1m51.29ms[0m[2m][0m
[0m
src/app/provider-traffic/provider-traffic-store.service.test.ts:
[0m[32m✓[0m [0mProviderTrafficStoreService[2m >[0m[1m starts with empty records[0m [0m[2m[[1m52.29ms[0m[2m][0m
[0m[32m✓[0m [0mProviderTrafficStoreService[2m >[0m[1m append adds a record[0m [0m[2m[[1m52.03ms[0m[2m][0m
[0m[32m✓[0m [0mProviderTrafficStoreService[2m >[0m[1m persists records to disk[0m [0m[2m[[1m53.06ms[0m[2m][0m
[0m[32m✓[0m [0mProviderTrafficStoreService[2m >[0m[1m loads existing records from disk on construction[0m [0m[2m[[1m51.94ms[0m[2m][0m
[0m[32m✓[0m [0mProviderTrafficStoreService[2m >[0m[1m clear removes all records[0m [0m[2m[[1m52.33ms[0m[2m][0m
[0m[32m✓[0m [0mProviderTrafficStoreService[2m >[0m[1m onModuleDestroy flushes pending raw provider writes[0m [0m[2m[[1m52.63ms[0m[2m][0m
[0m
src/app/provider-traffic/certificate-manager.test.ts:
[0m[32m✓[0m [0mCertificateManager[2m >[0m[1m generates a CA cert and writes PEM to temp file[0m [0m[2m[[1m115.60ms[0m[2m][0m
[0m[32m✓[0m [0mCertificateManager[2m >[0m[1m getCaCertPem returns valid PEM string[0m [0m[2m[[1m88.99ms[0m[2m][0m
[0m[32m✓[0m [0mCertificateManager[2m >[0m[1m generates leaf cert signed by CA with correct SAN[0m [0m[2m[[1m347.29ms[0m[2m][0m
[0m[32m✓[0m [0mCertificateManager[2m >[0m[1m caches leaf certs per domain[0m [0m[2m[[1m265.48ms[0m[2m][0m
[0m[32m✓[0m [0mCertificateManager[2m >[0m[1m generates different certs for different domains[0m [0m[2m[[1m465.51ms[0m[2m][0m
[0m[32m✓[0m [0mCertificateManager[2m >[0m[1m cleanup removes temp CA file[0m [0m[2m[[1m119.13ms[0m[2m][0m
[0m
src/app/provider-traffic/traffic-recorder.test.ts:
[0m[32m✓[0m [0mTrafficRecorder[2m >[0m[1m captures a simple request-response pair[0m [0m[2m[1.25ms[0m[2m][0m
[0m[32m✓[0m [0mTrafficRecorder[2m >[0m[1m handles chunked transfer encoding[0m [0m[2m[0.16ms[0m[2m][0m
[0m[32m✓[0m [0mTrafficRecorder[2m >[0m[1m handles streaming data arriving in multiple chunks[0m [0m[2m[0.08ms[0m[2m][0m
[0m[32m✓[0m [0mTrafficRecorder[2m >[0m[1m truncates bodies exceeding max size[0m [0m[2m[0.09ms[0m[2m][0m
[0m[32m✓[0m [0mTrafficRecorder[2m >[0m[1m redacts bodies when option is set[0m [0m[2m[0.03ms[0m[2m][0m
[0m[32m✓[0m [0mTrafficRecorder[2m >[0m[1m records error on abnormal end[0m
[0m[32m✓[0m [0mTrafficRecorder[2m >[0m[1m only emits once even if end() called multiple times[0m [0m[2m[0.09ms[0m[2m][0m
[0m[32m✓[0m [0mTrafficRecorder[2m >[0m[1m extracts Anthropic usage from SSE stream[0m [0m[2m[0.06ms[0m[2m][0m
[0m[32m✓[0m [0mTrafficRecorder[2m >[0m[1m extracts OpenAI usage from SSE stream[0m [0m[2m[0.04ms[0m[2m][0m
[0m[32m✓[0m [0mTrafficRecorder[2m >[0m[1m resolves correct provider from hostname[0m [0m[2m[0.09ms[0m[2m][0m
[0m
src/app/config/config.service.test.ts:
[0m[32m✓[0m [0mConfigService[2m >[0m[1m getAgentPassword returns undefined when AGENT_PASSWORD not set[0m [0m[2m[0.07ms[0m[2m][0m
[0m[32m✓[0m [0mConfigService[2m >[0m[1m getAgentPassword returns value when AGENT_PASSWORD set[0m [0m[2m[0.02ms[0m[2m][0m
[0m[32m✓[0m [0mConfigService[2m >[0m[1m getModelOptions returns empty array when MODEL_OPTIONS not set[0m [0m[2m[0.04ms[0m[2m][0m
[0m[32m✓[0m [0mConfigService[2m >[0m[1m getModelOptions returns trimmed non-empty parts[0m [0m[2m[0.02ms[0m[2m][0m
[0m[32m✓[0m [0mConfigService[2m >[0m[1m getDefaultModel returns DEFAULT_MODEL when set[0m [0m[2m[0.03ms[0m[2m][0m
[0m[32m✓[0m [0mConfigService[2m >[0m[1m getDefaultModel returns first of MODEL_OPTIONS when DEFAULT_MODEL not set[0m
[0m[32m✓[0m [0mConfigService[2m >[0m[1m getDefaultModel returns empty string when no options[0m
[0m[32m✓[0m [0mConfigService[2m >[0m[1m getDataDir returns DATA_DIR when set[0m [0m[2m[0.05ms[0m[2m][0m
[0m[32m✓[0m [0mConfigService[2m >[0m[1m getDataDir returns default under cwd when not set[0m
[0m[32m✓[0m [0mConfigService[2m >[0m[1m getSystemPromptPath returns env when set[0m
[0m[32m✓[0m [0mConfigService[2m >[0m[1m getSystemPromptPath returns default dist path when not set[0m
[0m[32m✓[0m [0mConfigService[2m >[0m[1m getPlaygroundsDir returns PLAYGROUNDS_DIR when set[0m
[0m[32m✓[0m [0mConfigService[2m >[0m[1m getPlaygroundsDir returns default under cwd when not set[0m
[0m[32m✓[0m [0mConfigService[2m >[0m[1m getPostInitScript returns undefined when env not set[0m
[0m[32m✓[0m [0mConfigService[2m >[0m[1m getPostInitScript returns POST_INIT_SCRIPT when set[0m
[0m[32m✓[0m [0mConfigService[2m >[0m[1m getPostInitScript returns undefined for empty or whitespace[0m
[0m[32m✓[0m [0mConfigService[2m >[0m[1m getConversationId returns default when neither env set[0m [0m[2m[0.14ms[0m[2m][0m
[0m[32m✓[0m [0mConfigService[2m >[0m[1m getConversationId returns FIBE_AGENT_ID when set[0m [0m[2m[0.01ms[0m[2m][0m
[0m[32m✓[0m [0mConfigService[2m >[0m[1m getConversationId prefers FIBE_AGENT_ID over CONVERSATION_ID[0m
[0m[32m✓[0m [0mConfigService[2m >[0m[1m getConversationId returns CONVERSATION_ID when FIBE_AGENT_ID not set[0m [0m[2m[0.04ms[0m[2m][0m
[0m[32m✓[0m [0mConfigService[2m >[0m[1m getConversationId trims whitespace[0m [0m[2m[0.01ms[0m[2m][0m
[0m[32m✓[0m [0mConfigService[2m >[0m[1m getConversationId returns default when value is empty after trim[0m
[0m[32m✓[0m [0mConfigService[2m >[0m[1m getConversationDataDir is under getDataDir and includes sanitized id[0m [0m[2m[0.09ms[0m[2m][0m
[0m[32m✓[0m [0mConfigService[2m >[0m[1m getConversationDataDir sanitizes path-unsafe characters[0m
[0m[32m✓[0m [0mConfigService[2m >[0m[1m getConversationDataDir uses default when id would be empty after sanitize[0m [0m[2m[0.02ms[0m[2m][0m
[0m[32m✓[0m [0mConfigService[2m >[0m[1m getConversationDataDir keeps alphanumeric dash underscore[0m
[0m[32m✓[0m [0mConfigService[2m >[0m[1m getSystemPrompt returns SYSTEM_PROMPT when set[0m
[0m[32m✓[0m [0mConfigService[2m >[0m[1m getSystemPrompt returns undefined when not set[0m [0m[2m[0.04ms[0m[2m][0m
[0m[32m✓[0m [0mConfigService[2m >[0m[1m getFibeApiKey returns FIBE_API_KEY when set[0m
[0m[32m✓[0m [0mConfigService[2m >[0m[1m getFibeApiKey returns undefined when not set[0m
[0m[32m✓[0m [0mConfigService[2m >[0m[1m getFibeApiUrl returns FIBE_API_URL when set[0m
[0m[32m✓[0m [0mConfigService[2m >[0m[1m getFibeApiUrl returns undefined when not set[0m
[0m[32m✓[0m [0mConfigService[2m >[0m[1m getFibeAgentId returns FIBE_AGENT_ID when set[0m
[0m[32m✓[0m [0mConfigService[2m >[0m[1m isFibeSyncEnabled returns true when FIBE_SYNC_ENABLED is true[0m
[0m[32m✓[0m [0mConfigService[2m >[0m[1m isFibeSyncEnabled returns false when not set[0m [0m[2m[0.08ms[0m[2m][0m
[0m[32m✓[0m [0mConfigService[2m >[0m[1m isFibeSyncEnabled returns false for non-true values[0m
[0m
src/app/config/mcp-config-writer.test.ts:
[0m[32m✓[0m [0mwriteMcpConfig[2m >[0m[1m does nothing when MCP_CONFIG_JSON is not set[0m [0m[2m[0.41ms[0m[2m][0m
[32m[Nest] 77364  - [39m04/29/2026, 8:59:24 AM [32m    LOG[39m [38;5;3m[McpConfigWriter] [39m[32mWrote Claude project MCP config to /Users/vyakymenko/Documents/git/fibe third/fibe-agent/apps/api/data/default/claude_workspace/.mcp.json[39m
[32m[Nest] 77364  - [39m04/29/2026, 8:59:24 AM [32m    LOG[39m [38;5;3m[McpConfigWriter] [39m[32mWrote Claude MCP config to /var/folders/zb/8rbxhnqj5nqcrlsvjxjs7hs40000gn/T/mcp-test-1777453164437-gzj183aymhe/.claude/settings.json[39m
[32m[Nest] 77364  - [39m04/29/2026, 8:59:24 AM [32m    LOG[39m [38;5;3m[McpConfigWriter] [39m[32mWrote Claude MCP config to /var/folders/zb/8rbxhnqj5nqcrlsvjxjs7hs40000gn/T/mcp-test-1777453164437-gzj183aymhe/.claude.json[39m
[0m[32m✓[0m [0mwriteMcpConfig[2m >[0m[1m defaults to claude-code provider when AGENT_PROVIDER is not set[0m [0m[2m[1.24ms[0m[2m][0m
[32m[Nest] 77364  - [39m04/29/2026, 8:59:24 AM [32m    LOG[39m [38;5;3m[McpConfigWriter] [39m[32mWrote Gemini MCP config to /var/folders/zb/8rbxhnqj5nqcrlsvjxjs7hs40000gn/T/mcp-test-1777453164438-gl5qwttbl5/.gemini/settings.json[39m
[0m[32m✓[0m [0mwriteMcpConfig[2m > [0mgemini provider[2m >[0m[1m writes settings.json with mcpServers block[0m [0m[2m[0.52ms[0m[2m][0m
[32m[Nest] 77364  - [39m04/29/2026, 8:59:24 AM [32m    LOG[39m [38;5;3m[McpConfigWriter] [39m[32mWrote Gemini MCP config to /var/folders/zb/8rbxhnqj5nqcrlsvjxjs7hs40000gn/T/mcp-test-1777453164438-o3gpr3af4si/.gemini/settings.json[39m
[0m[32m✓[0m [0mwriteMcpConfig[2m > [0mgemini provider[2m >[0m[1m preserves existing settings.json content[0m [0m[2m[0.84ms[0m[2m][0m
[32m[Nest] 77364  - [39m04/29/2026, 8:59:24 AM [32m    LOG[39m [38;5;3m[McpConfigWriter] [39m[32mWrote Gemini MCP config to /var/folders/zb/8rbxhnqj5nqcrlsvjxjs7hs40000gn/T/mcp-test-1777453164439-cghs1b0oqq/.gemini/settings.json[39m
[0m[32m✓[0m [0mwriteMcpConfig[2m > [0mgemini provider[2m >[0m[1m writes multiple servers from MCP_CONFIG_JSON[0m [0m[2m[0.55ms[0m[2m][0m
[32m[Nest] 77364  - [39m04/29/2026, 8:59:24 AM [32m    LOG[39m [38;5;3m[McpConfigWriter] [39m[32mWrote Gemini MCP config to /var/folders/zb/8rbxhnqj5nqcrlsvjxjs7hs40000gn/T/mcp-test-1777453164440-gdnpv8fc8k/.gemini/settings.json[39m
[0m[32m✓[0m [0mwriteMcpConfig[2m > [0mgemini provider[2m >[0m[1m merges DOCKER_MCP_CONFIG_JSON servers[0m [0m[2m[0.45ms[0m[2m][0m
[32m[Nest] 77364  - [39m04/29/2026, 8:59:24 AM [32m    LOG[39m [38;5;3m[McpConfigWriter] [39m[32mWrote Gemini MCP config to /var/folders/zb/8rbxhnqj5nqcrlsvjxjs7hs40000gn/T/mcp-test-1777453164440-nzb32loovvi/.gemini/settings.json[39m
[0m[32m✓[0m [0mwriteMcpConfig[2m > [0mgemini provider[2m >[0m[1m writes stdio server entries as-is[0m [0m[2m[0.58ms[0m[2m][0m
[32m[Nest] 77364  - [39m04/29/2026, 8:59:24 AM [32m    LOG[39m [38;5;3m[McpConfigWriter] [39m[32mWrote Gemini MCP config to /var/folders/zb/8rbxhnqj5nqcrlsvjxjs7hs40000gn/T/mcp-test-1777453164441-y88qr7f221/.gemini/settings.json[39m
[0m[32m✓[0m [0mwriteMcpConfig[2m > [0mgemini provider[2m >[0m[1m includes --allow-http flag for non-HTTPS server URLs[0m [0m[2m[0.63ms[0m[2m][0m
[32m[Nest] 77364  - [39m04/29/2026, 8:59:24 AM [32m    LOG[39m [38;5;3m[McpConfigWriter] [39m[32mWrote Gemini MCP config to /var/folders/zb/8rbxhnqj5nqcrlsvjxjs7hs40000gn/T/mcp-test-1777453164441-j7ancbirkus/.gemini/settings.json[39m
[0m[32m✓[0m [0mwriteMcpConfig[2m > [0mgemini provider[2m >[0m[1m does NOT include --allow-http for HTTPS server URLs[0m [0m[2m[0.95ms[0m[2m][0m
[32m[Nest] 77364  - [39m04/29/2026, 8:59:24 AM [32m    LOG[39m [38;5;3m[McpConfigWriter] [39m[32mWrote Claude project MCP config to /Users/vyakymenko/Documents/git/fibe third/fibe-agent/apps/api/data/default/claude_workspace/.mcp.json[39m
[32m[Nest] 77364  - [39m04/29/2026, 8:59:24 AM [32m    LOG[39m [38;5;3m[McpConfigWriter] [39m[32mWrote Claude MCP config to /var/folders/zb/8rbxhnqj5nqcrlsvjxjs7hs40000gn/T/mcp-test-1777453164442-tefnmzxk4k/.claude/settings.json[39m
[32m[Nest] 77364  - [39m04/29/2026, 8:59:24 AM [32m    LOG[39m [38;5;3m[McpConfigWriter] [39m[32mWrote Claude MCP config to /var/folders/zb/8rbxhnqj5nqcrlsvjxjs7hs40000gn/T/mcp-test-1777453164442-tefnmzxk4k/.claude.json[39m
[0m[32m✓[0m [0mwriteMcpConfig[2m > [0mclaude-code provider[2m >[0m[1m writes .claude.json with mcpServers block[0m [0m[2m[1.16ms[0m[2m][0m
[32m[Nest] 77364  - [39m04/29/2026, 8:59:24 AM [32m    LOG[39m [38;5;3m[McpConfigWriter] [39m[32mWrote Claude project MCP config to /Users/vyakymenko/Documents/git/fibe third/fibe-agent/apps/api/data/default/claude_workspace/.mcp.json[39m
[32m[Nest] 77364  - [39m04/29/2026, 8:59:24 AM [32m    LOG[39m [38;5;3m[McpConfigWriter] [39m[32mWrote Claude MCP config to /var/folders/zb/8rbxhnqj5nqcrlsvjxjs7hs40000gn/T/mcp-test-1777453164444-hyu6rtj5d7m/.claude/settings.json[39m
[32m[Nest] 77364  - [39m04/29/2026, 8:59:24 AM [32m    LOG[39m [38;5;3m[McpConfigWriter] [39m[32mWrote Claude MCP config to /var/folders/zb/8rbxhnqj5nqcrlsvjxjs7hs40000gn/T/mcp-test-1777453164444-hyu6rtj5d7m/.claude.json[39m
[0m[32m✓[0m [0mwriteMcpConfig[2m > [0mclaude-code provider[2m >[0m[1m writes ~/.claude/settings.json with mcpServers block[0m [0m[2m[1.07ms[0m[2m][0m
[32m[Nest] 77364  - [39m04/29/2026, 8:59:24 AM [32m    LOG[39m [38;5;3m[McpConfigWriter] [39m[32mWrote Claude project MCP config to /Users/vyakymenko/Documents/git/fibe third/fibe-agent/apps/api/data/default/claude_workspace/.mcp.json[39m
[32m[Nest] 77364  - [39m04/29/2026, 8:59:24 AM [32m    LOG[39m [38;5;3m[McpConfigWriter] [39m[32mWrote Claude MCP config to /var/folders/zb/8rbxhnqj5nqcrlsvjxjs7hs40000gn/T/mcp-test-1777453164445-7kf8s0at4n6/.claude/settings.json[39m
[32m[Nest] 77364  - [39m04/29/2026, 8:59:24 AM [32m    LOG[39m [38;5;3m[McpConfigWriter] [39m[32mWrote Claude MCP config to /var/folders/zb/8rbxhnqj5nqcrlsvjxjs7hs40000gn/T/mcp-test-1777453164445-7kf8s0at4n6/.claude.json[39m
[0m[32m✓[0m [0mwriteMcpConfig[2m > [0mclaude-code provider[2m >[0m[1m merges docker and playgrounds servers[0m [0m[2m[0.80ms[0m[2m][0m
[32m[Nest] 77364  - [39m04/29/2026, 8:59:24 AM [32m    LOG[39m [38;5;3m[McpConfigWriter] [39m[32mWrote Claude project MCP config to /Users/vyakymenko/Documents/git/fibe third/fibe-agent/apps/api/data/default/claude_workspace/.mcp.json[39m
[32m[Nest] 77364  - [39m04/29/2026, 8:59:24 AM [32m    LOG[39m [38;5;3m[McpConfigWriter] [39m[32mWrote Claude MCP config to /var/folders/zb/8rbxhnqj5nqcrlsvjxjs7hs40000gn/T/mcp-test-1777453164445-wusi99sndul/.claude/settings.json[39m
[32m[Nest] 77364  - [39m04/29/2026, 8:59:24 AM [32m    LOG[39m [38;5;3m[McpConfigWriter] [39m[32mWrote Claude MCP config to /var/folders/zb/8rbxhnqj5nqcrlsvjxjs7hs40000gn/T/mcp-test-1777453164445-wusi99sndul/.claude.json[39m
[0m[32m✓[0m [0mwriteMcpConfig[2m > [0mclaude-code provider[2m >[0m[1m preserves existing .claude.json content[0m [0m[2m[1.02ms[0m[2m][0m
[32m[Nest] 77364  - [39m04/29/2026, 8:59:24 AM [32m    LOG[39m [38;5;3m[McpConfigWriter] [39m[32mWrote Claude project MCP config to /var/folders/zb/8rbxhnqj5nqcrlsvjxjs7hs40000gn/T/mcp-test-1777453164447-zvvm94dynnf/data/agent_claude/claude_workspace/.mcp.json[39m
[32m[Nest] 77364  - [39m04/29/2026, 8:59:24 AM [32m    LOG[39m [38;5;3m[McpConfigWriter] [39m[32mWrote Claude MCP config to /var/folders/zb/8rbxhnqj5nqcrlsvjxjs7hs40000gn/T/mcp-test-1777453164447-zvvm94dynnf/.claude/settings.json[39m
[32m[Nest] 77364  - [39m04/29/2026, 8:59:24 AM [32m    LOG[39m [38;5;3m[McpConfigWriter] [39m[32mWrote Claude MCP config to /var/folders/zb/8rbxhnqj5nqcrlsvjxjs7hs40000gn/T/mcp-test-1777453164447-zvvm94dynnf/.claude.json[39m
[0m[32m✓[0m [0mwriteMcpConfig[2m > [0mclaude-code provider[2m >[0m[1m writes project .mcp.json with stdio type when FIBE_AGENT_ID is available[0m [0m[2m[1.60ms[0m[2m][0m
[33m[Nest] 77364  - [39m04/29/2026, 8:59:24 AM [33m   WARN[39m [38;5;3m[McpConfigWriter] [39m[33mCodex MCP server "fibe" uses authHeader, but Codex only supports bearer_token_env_var for remote servers; skipping auth header[39m
[32m[Nest] 77364  - [39m04/29/2026, 8:59:24 AM [32m    LOG[39m [38;5;3m[McpConfigWriter] [39m[32mWrote Codex MCP config (TOML) to /var/folders/zb/8rbxhnqj5nqcrlsvjxjs7hs40000gn/T/mcp-test-1777453164448-egpz350t61/.codex/config.toml[39m
[0m[32m✓[0m [0mwriteMcpConfig[2m > [0mopenai-codex provider[2m >[0m[1m writes config.toml with mcp_servers block[0m [0m[2m[1.12ms[0m[2m][0m
[32m[Nest] 77364  - [39m04/29/2026, 8:59:24 AM [32m    LOG[39m [38;5;3m[McpConfigWriter] [39m[32mWrote Codex MCP config (TOML) to /var/folders/zb/8rbxhnqj5nqcrlsvjxjs7hs40000gn/T/mcp-test-1777453164449-z92kquzdwuh/.codex/config.toml[39m
[0m[32m✓[0m [0mwriteMcpConfig[2m > [0mopenai-codex provider[2m >[0m[1m writes bearer_token_env_var for remote servers when configured explicitly[0m [0m[2m[0.51ms[0m[2m][0m
[32m[Nest] 77364  - [39m04/29/2026, 8:59:24 AM [32m    LOG[39m [38;5;3m[McpConfigWriter] [39m[32mWrote Codex MCP config (TOML) to /var/folders/zb/8rbxhnqj5nqcrlsvjxjs7hs40000gn/T/mcp-test-1777453164450-acygjar82f/.codex/config.toml[39m
[0m[32m✓[0m [0mwriteMcpConfig[2m > [0mopenai-codex provider[2m >[0m[1m derives bearer_token_env_var from authHeader env placeholders[0m [0m[2m[0.32ms[0m[2m][0m
[33m[Nest] 77364  - [39m04/29/2026, 8:59:24 AM [33m   WARN[39m [38;5;3m[McpConfigWriter] [39m[33mCodex MCP server "fibe" uses authHeader, but Codex only supports bearer_token_env_var for remote servers; skipping auth header[39m
[32m[Nest] 77364  - [39m04/29/2026, 8:59:24 AM [32m    LOG[39m [38;5;3m[McpConfigWriter] [39m[32mWrote Codex MCP config (TOML) to /var/folders/zb/8rbxhnqj5nqcrlsvjxjs7hs40000gn/T/mcp-test-1777453164450-9f6mifg1zp8/.codex/config.toml[39m
[0m[32m✓[0m [0mwriteMcpConfig[2m > [0mopenai-codex provider[2m >[0m[1m preserves existing config.toml content[0m [0m[2m[0.65ms[0m[2m][0m
[33m[Nest] 77364  - [39m04/29/2026, 8:59:24 AM [33m   WARN[39m [38;5;3m[McpConfigWriter] [39m[33mCodex MCP server "fibe" uses authHeader, but Codex only supports bearer_token_env_var for remote servers; skipping auth header[39m
[32m[Nest] 77364  - [39m04/29/2026, 8:59:24 AM [32m    LOG[39m [38;5;3m[McpConfigWriter] [39m[32mWrote Codex MCP config (TOML) to /var/folders/zb/8rbxhnqj5nqcrlsvjxjs7hs40000gn/T/mcp-test-1777453164451-3yjl7km6dqu/.codex/config.toml[39m
[0m[32m✓[0m [0mwriteMcpConfig[2m > [0mopenai-codex provider[2m >[0m[1m writes stdio servers as type = stdio in toml[0m [0m[2m[0.45ms[0m[2m][0m
[32m[Nest] 77364  - [39m04/29/2026, 8:59:24 AM [32m    LOG[39m [38;5;3m[McpConfigWriter] [39m[32mWrote Codex MCP config (TOML) to /var/folders/zb/8rbxhnqj5nqcrlsvjxjs7hs40000gn/T/mcp-test-1777453164451-as3id39th1l/.codex/config.toml[39m
[32m[Nest] 77364  - [39m04/29/2026, 8:59:24 AM [32m    LOG[39m [38;5;3m[McpConfigWriter] [39m[32mWrote Codex MCP config (TOML) to /var/folders/zb/8rbxhnqj5nqcrlsvjxjs7hs40000gn/T/mcp-test-1777453164451-as3id39th1l/.codex/config.toml[39m
[0m[32m✓[0m [0mwriteMcpConfig[2m > [0mopenai-codex provider[2m >[0m[1m replacing block with args array does not corrupt toml[0m [0m[2m[0.65ms[0m[2m][0m
[32m[Nest] 77364  - [39m04/29/2026, 8:59:24 AM [32m    LOG[39m [38;5;3m[McpConfigWriter] [39m[32mWrote Codex MCP config (TOML) to /var/folders/zb/8rbxhnqj5nqcrlsvjxjs7hs40000gn/T/mcp-test-1777453164452-fked9m57tsq/.codex/config.toml[39m
[0m[32m✓[0m [0mwriteMcpConfig[2m > [0mopenai-codex provider[2m >[0m[1m writes stdio server with env vars in toml[0m [0m[2m[0.62ms[0m[2m][0m
[32m[Nest] 77364  - [39m04/29/2026, 8:59:24 AM [32m    LOG[39m [38;5;3m[McpConfigWriter] [39m[32mWrote Cursor MCP config to /var/folders/zb/8rbxhnqj5nqcrlsvjxjs7hs40000gn/T/mcp-test-1777453164453-sbd61zcu81i/data/agent_123/cursor_workspace/.cursor/mcp.json[39m
[0m[32m✓[0m [0mwriteMcpConfig[2m > [0mcursor provider[2m >[0m[1m writes workspace .cursor/mcp.json when FIBE_AGENT_ID is available[0m [0m[2m[1.01ms[0m[2m][0m
[32m[Nest] 77364  - [39m04/29/2026, 8:59:24 AM [32m    LOG[39m [38;5;3m[McpConfigWriter] [39m[32mWrote Cursor MCP config to /var/folders/zb/8rbxhnqj5nqcrlsvjxjs7hs40000gn/T/mcp-test-1777453164454-7mzxnpkdrnh/.cursor-session/mcp.json[39m
[0m[32m✓[0m [0mwriteMcpConfig[2m > [0mcursor provider[2m >[0m[1m falls back to SESSION_DIR/mcp.json without a conversation id[0m [0m[2m[0.51ms[0m[2m][0m
[32m[Nest] 77364  - [39m04/29/2026, 8:59:24 AM [32m    LOG[39m [38;5;3m[McpConfigWriter] [39m[32mWrote Cursor MCP config to /var/folders/zb/8rbxhnqj5nqcrlsvjxjs7hs40000gn/T/mcp-test-1777453164454-2sdw2h75jfx/data/agent-remote/cursor_workspace/.cursor/mcp.json[39m
[0m[32m✓[0m [0mwriteMcpConfig[2m > [0mcursor provider[2m >[0m[1m writes remote MCP servers via mcp-remote-wrapper[0m [0m[2m[0.97ms[0m[2m][0m
[32m[Nest] 77364  - [39m04/29/2026, 8:59:24 AM [32m    LOG[39m [38;5;3m[McpConfigWriter] [39m[32mWrote Cursor MCP config to /var/folders/zb/8rbxhnqj5nqcrlsvjxjs7hs40000gn/T/mcp-test-1777453164455-llmmu36yu2/data/agent-merge/cursor_workspace/.cursor/mcp.json[39m
[0m[32m✓[0m [0mwriteMcpConfig[2m > [0mcursor provider[2m >[0m[1m preserves existing cursor mcp.json content[0m [0m[2m[0.88ms[0m[2m][0m
[32m[Nest] 77364  - [39m04/29/2026, 8:59:24 AM [32m    LOG[39m [38;5;3m[McpConfigWriter] [39m[32mWrote Gemini MCP config to /var/folders/zb/8rbxhnqj5nqcrlsvjxjs7hs40000gn/T/mcp-test-1777453164456-xt0sjh8cv1b/.gemini/settings.json[39m
[0m[32m✓[0m [0mwriteMcpConfig[2m > [0mlegacy format support[2m >[0m[1m handles legacy flat { serverUrl, authHeader } format[0m [0m[2m[0.41ms[0m[2m][0m
[33m[Nest] 77364  - [39m04/29/2026, 8:59:24 AM [33m   WARN[39m [38;5;3m[McpConfigWriter] [39m[33mMCP_CONFIG_JSON could not be parsed[39m
[0m[32m✓[0m [0mwriteMcpConfig[2m >[0m[1m handles invalid JSON gracefully[0m [0m[2m[0.24ms[0m[2m][0m
[33m[Nest] 77364  - [39m04/29/2026, 8:59:24 AM [33m   WARN[39m [38;5;3m[McpConfigWriter] [39m[33mNo MCP config writer for provider: unknown-provider (raw: unknown-provider)[39m
[0m[32m✓[0m [0mwriteMcpConfig[2m >[0m[1m warns for unknown provider[0m [0m[2m[0.46ms[0m[2m][0m
[32m[Nest] 77364  - [39m04/29/2026, 8:59:24 AM [32m    LOG[39m [38;5;3m[McpConfigWriter] [39m[32mInjected MCP servers into OPENCODE_CONFIG_CONTENT env var[39m
[0m[32m✓[0m [0mwriteMcpConfig[2m >[0m[1m opencode writer mutates process.env.OPENCODE_CONFIG_CONTENT globally[0m [0m[2m[0.47ms[0m[2m][0m
[32m[Nest] 77364  - [39m04/29/2026, 8:59:24 AM [32m    LOG[39m [38;5;3m[McpConfigWriter] [39m[32mWrote Claude project MCP config to /Users/vyakymenko/Documents/git/fibe third/fibe-agent/apps/api/data/default/claude_workspace/.mcp.json[39m
[32m[Nest] 77364  - [39m04/29/2026, 8:59:24 AM [32m    LOG[39m [38;5;3m[McpConfigWriter] [39m[32mWrote Claude MCP config to /var/folders/zb/8rbxhnqj5nqcrlsvjxjs7hs40000gn/T/mcp-test-1777453164457-5a1m19tbqb2/.claude/settings.json[39m
[32m[Nest] 77364  - [39m04/29/2026, 8:59:24 AM [32m    LOG[39m [38;5;3m[McpConfigWriter] [39m[32mWrote Claude MCP config to /var/folders/zb/8rbxhnqj5nqcrlsvjxjs7hs40000gn/T/mcp-test-1777453164457-5a1m19tbqb2/.claude.json[39m
[0m[32m✓[0m [0mwriteMcpConfig[2m >[0m[1m normalizes provider name with underscores to hyphens[0m [0m[2m[1.02ms[0m[2m][0m
[32m[Nest] 77364  - [39m04/29/2026, 8:59:24 AM [32m    LOG[39m [38;5;3m[McpConfigWriter] [39m[32mWrote Gemini MCP config to /var/folders/zb/8rbxhnqj5nqcrlsvjxjs7hs40000gn/T/mcp-test-1777453164458-gf4ktc0td9f/.gemini/settings.json[39m
[0m[32m✓[0m [0mwriteMcpConfig[2m >[0m[1m merges DOCKER_MCP_CONFIG_JSON with MCP_CONFIG_JSON[0m [0m[2m[0.65ms[0m[2m][0m
[33m[Nest] 77364  - [39m04/29/2026, 8:59:24 AM [33m   WARN[39m [38;5;3m[McpConfigWriter] [39m[33mMCP_CONFIG_JSON could not be parsed[39m
[0m[32m✓[0m [0mwriteMcpConfig[2m >[0m[1m handles malformed MCP_CONFIG_JSON gracefully[0m [0m[2m[0.18ms[0m[2m][0m
[32m[Nest] 77364  - [39m04/29/2026, 8:59:24 AM [32m    LOG[39m [38;5;3m[McpConfigWriter] [39m[32mWrote Codex MCP config (TOML) to /var/folders/zb/8rbxhnqj5nqcrlsvjxjs7hs40000gn/T/mcp-test-1777453164459-tnlix1vexq/.codex/config.toml[39m
[0m[32m✓[0m [0mwriteMcpConfig[2m >[0m[1m escapes server args containing double quotes in TOML output[0m [0m[2m[0.50ms[0m[2m][0m
[32m[Nest] 77364  - [39m04/29/2026, 8:59:24 AM [32m    LOG[39m [38;5;3m[McpConfigWriter] [39m[32mWrote Codex MCP config (TOML) to /var/folders/zb/8rbxhnqj5nqcrlsvjxjs7hs40000gn/T/mcp-test-1777453164460-pxs2878m299/.codex/config.toml[39m
[0m[32m✓[0m [0mwriteMcpConfig[2m >[0m[1m TOML writer preserves existing non-MCP sections[0m [0m[2m[1.12ms[0m[2m][0m
[32m[Nest] 77364  - [39m04/29/2026, 8:59:24 AM [32m    LOG[39m [38;5;3m[McpConfigWriter] [39m[32mWrote Claude project MCP config to /var/folders/zb/8rbxhnqj5nqcrlsvjxjs7hs40000gn/T/mcp-test-1777453164461-tpf2pr8dlyr/data/agent-three-paths/claude_workspace/.mcp.json[39m
[32m[Nest] 77364  - [39m04/29/2026, 8:59:24 AM [32m    LOG[39m [38;5;3m[McpConfigWriter] [39m[32mWrote Claude MCP config to /var/folders/zb/8rbxhnqj5nqcrlsvjxjs7hs40000gn/T/mcp-test-1777453164461-tpf2pr8dlyr/.claude/settings.json[39m
[32m[Nest] 77364  - [39m04/29/2026, 8:59:24 AM [32m    LOG[39m [38;5;3m[McpConfigWriter] [39m[32mWrote Claude MCP config to /var/folders/zb/8rbxhnqj5nqcrlsvjxjs7hs40000gn/T/mcp-test-1777453164461-tpf2pr8dlyr/.claude.json[39m
[0m[32m✓[0m [0mwriteMcpConfig[2m >[0m[1m claude-code writer writes to project .mcp.json, settings.json, and legacy .claude.json[0m [0m[2m[1.51ms[0m[2m][0m
[0m
src/app/auth/agent-auth.guard.test.ts:
[0m[32m✓[0m [0mAgentAuthGuard[2m >[0m[1m allows when no password required[0m [0m[2m[0.13ms[0m[2m][0m
[0m[32m✓[0m [0mAgentAuthGuard[2m >[0m[1m allows when Bearer token matches[0m [0m[2m[0.14ms[0m[2m][0m
[0m[32m✓[0m [0mAgentAuthGuard[2m >[0m[1m allows when query token matches[0m [0m[2m[0.05ms[0m[2m][0m
[0m[32m✓[0m [0mAgentAuthGuard[2m >[0m[1m throws when password required and token missing[0m [0m[2m[0.08ms[0m[2m][0m
[0m[32m✓[0m [0mAgentAuthGuard[2m >[0m[1m throws when token does not match[0m [0m[2m[0.04ms[0m[2m][0m
[0m[32m✓[0m [0mAgentAuthGuard[2m >[0m[1m OWASP A07: uses non-timing-safe comparison (CWE-208)[0m [0m[2m[0.06ms[0m[2m][0m
[0m[32m✓[0m [0mAgentAuthGuard[2m >[0m[1m OWASP A01: token in query string exposes credential in URL (CWE-598)[0m [0m[2m[0.03ms[0m[2m][0m
[0m
src/app/auth/auth-login.handler.test.ts:
[0m[32m✓[0m [0mhandleLogin[2m >[0m[1m returns success when no password required[0m [0m[2m[0.04ms[0m[2m][0m
[0m[32m✓[0m [0mhandleLogin[2m >[0m[1m returns token when password matches[0m
[0m[32m✓[0m [0mhandleLogin[2m >[0m[1m throws when password wrong[0m
[0m[32m✓[0m [0mhandleLogin[2m >[0m[1m OWASP A02: token returned on login IS the plaintext password (CWE-256)[0m
[0m[32m✓[0m [0mhandleLogin[2m >[0m[1m OWASP A02: token equals the exact AGENT_PASSWORD value[0m
[0m
src/app/data-privacy/data-privacy.service.test.ts:
[0m[32m✓[0m [0mDataPrivacyService[2m >[0m[1m exportData returns consolidated JSON state[0m [0m[2m[0.54ms[0m[2m][0m
[32m[Nest] 77364  - [39m04/29/2026, 8:59:24 AM [32m    LOG[39m [38;5;3m[DataPrivacyService] [39m[32mDeleted user data directory: /mock/data/dir[39m
[0m[32m✓[0m [0mDataPrivacyService[2m >[0m[1m deleteData clears stores and removes directory[0m [0m[2m[0.13ms[0m[2m][0m
[31m[Nest] 77364  - [39m04/29/2026, 8:59:24 AM [31m  ERROR[39m [38;5;3m[DataPrivacyService] [39m[31mFailed to delete data directory: /mock/data/dir[39m
[31m[Nest] 77364  - [39m04/29/2026, 8:59:24 AM [31m  ERROR[39m [38;5;3m[DataPrivacyService] [39mError: Test error
    at <anonymous> [90m(/Users/vyakymenko/Documents/git/fibe third/fibe-agent/apps/api/[39msrc/app/data-privacy/data-privacy.service.test.ts:67:17[90m)[39m
    at rmSync (unknown)
    at deleteData [90m(/Users/vyakymenko/Documents/git/fibe third/fibe-agent/apps/api/[39msrc/app/data-privacy/data-privacy.service.ts:38:7[90m)[39m
    at toThrow (unknown)
    at <anonymous> [90m(/Users/vyakymenko/Documents/git/fibe third/fibe-agent/apps/api/[39msrc/app/data-privacy/data-privacy.service.test.ts:70:44[90m)[39m
[0m[32m✓[0m [0mDataPrivacyService[2m >[0m[1m deleteData catches filesystem errors gracefully[0m [0m[2m[1.37ms[0m[2m][0m
[0m
src/app/strategies/mock.strategy.test.ts:
[0m[32m✓[0m [0mMockStrategy[2m >[0m[1m interruptAgent rejects executePromptStreaming promise with INTERRUPTED[0m [0m[2m[0.19ms[0m[2m][0m
[0m[32m✓[0m [0mMockStrategy[2m >[0m[1m interruptAgent when no stream is running does not throw[0m [0m[2m[0.01ms[0m[2m][0m
[0m
src/app/strategies/opencode.strategy.test.ts:
[0m[32m✓[0m [0mOpencodeStrategy[2m >[0m[1m executeAuth shows manual token modal when no env key set[0m [0m[2m[0.45ms[0m[2m][0m
[32m[Nest] 77364  - [39m04/29/2026, 8:59:24 AM [32m    LOG[39m [38;5;3m[OpencodeStrategy] [39m[32mAPI key found in environment — skipping auth modal[39m
[0m[32m✓[0m [0mOpencodeStrategy[2m >[0m[1m executeAuth skips modal when ANTHROPIC_API_KEY is set[0m [0m[2m[0.23ms[0m[2m][0m
[32m[Nest] 77364  - [39m04/29/2026, 8:59:24 AM [32m    LOG[39m [38;5;3m[OpencodeStrategy] [39m[32mAPI key found in environment — skipping auth modal[39m
[0m[32m✓[0m [0mOpencodeStrategy[2m >[0m[1m executeAuth skips modal when OPENAI_API_KEY is set[0m [0m[2m[0.17ms[0m[2m][0m
[32m[Nest] 77364  - [39m04/29/2026, 8:59:24 AM [32m    LOG[39m [38;5;3m[OpencodeStrategy] [39m[32mAPI key found in environment — skipping auth modal[39m
[0m[32m✓[0m [0mOpencodeStrategy[2m >[0m[1m executeAuth skips modal when OPENROUTER_API_KEY is set[0m [0m[2m[0.17ms[0m[2m][0m
[32m[Nest] 77364  - [39m04/29/2026, 8:59:24 AM [32m    LOG[39m [38;5;3m[OpencodeStrategy] [39m[32mAPI key found in environment — skipping auth modal[39m
[0m[32m✓[0m [0mOpencodeStrategy[2m >[0m[1m executeAuth skips modal when GEMINI_API_KEY is set[0m [0m[2m[0.20ms[0m[2m][0m
[0m[32m✓[0m [0mOpencodeStrategy[2m >[0m[1m submitAuthCode writes auth file and signals success[0m [0m[2m[0.76ms[0m[2m][0m
[0m[32m✓[0m [0mOpencodeStrategy[2m >[0m[1m submitAuthCode with empty string sends unauthenticated[0m [0m[2m[0.15ms[0m[2m][0m
[0m[32m✓[0m [0mOpencodeStrategy[2m >[0m[1m submitAuthCode with whitespace-only sends unauthenticated[0m [0m[2m[0.14ms[0m[2m][0m
[0m[32m✓[0m [0mOpencodeStrategy[2m >[0m[1m checkAuthStatus returns false when no env key and no stored key[0m [0m[2m[0.62ms[0m[2m][0m
[0m[32m✓[0m [0mOpencodeStrategy[2m >[0m[1m checkAuthStatus returns true when ANTHROPIC_API_KEY env set[0m [0m[2m[0.22ms[0m[2m][0m
[0m[32m✓[0m [0mOpencodeStrategy[2m >[0m[1m checkAuthStatus returns true after submitAuthCode[0m [0m[2m[0.85ms[0m[2m][0m
[0m[32m✓[0m [0mOpencodeStrategy[2m >[0m[1m cancelAuth prevents subsequent submitAuthCode from signaling[0m [0m[2m[0.70ms[0m[2m][0m
[0m[32m✓[0m [0mOpencodeStrategy[2m >[0m[1m clearCredentials removes auth file[0m [0m[2m[1.02ms[0m[2m][0m
[0m[32m✓[0m [0mOpencodeStrategy[2m >[0m[1m executeLogout clears credentials and signals success[0m [0m[2m[0.37ms[0m[2m][0m
[0m[32m✓[0m [0mOpencodeStrategy[2m >[0m[1m getModelArgs returns --model flag without prefix when no OpenRouter key[0m [0m[2m[0.18ms[0m[2m][0m
[0m[32m✓[0m [0mOpencodeStrategy[2m >[0m[1m getModelArgs auto-prefixes openrouter/ when OPENROUTER_API_KEY is set[0m [0m[2m[0.14ms[0m[2m][0m
[0m[32m✓[0m [0mOpencodeStrategy[2m >[0m[1m getModelArgs does not double-prefix when model already has openrouter/[0m [0m[2m[0.12ms[0m[2m][0m
[0m[32m✓[0m [0mOpencodeStrategy[2m >[0m[1m getModelArgs returns empty array for empty model[0m [0m[2m[0.17ms[0m[2m][0m
[0m[32m✓[0m [0mOpencodeStrategy[2m >[0m[1m getModelArgs returns empty for undefined model[0m [0m[2m[0.05ms[0m[2m][0m
[0m[32m✓[0m [0mOpencodeStrategy[2m >[0m[1m interruptAgent does not throw[0m [0m[2m[0.24ms[0m[2m][0m
[0m[32m✓[0m [0mOpencodeStrategy[2m >[0m[1m constructor with conversationDataDir[0m [0m[2m[0.15ms[0m[2m][0m
[0m[32m✓[0m [0mOpencodeStrategy[2m >[0m[1m getModelArgs auto-prefixes when stored key is active[0m [0m[2m[0.79ms[0m[2m][0m
[0m[32m✓[0m [0mOpencodeStrategy[2m >[0m[1m clearCredentials is safe when no auth file exists[0m [0m[2m[0.14ms[0m[2m][0m
[32m[Nest] 77364  - [39m04/29/2026, 8:59:24 AM [32m    LOG[39m [38;5;3m[OpencodeStrategy] [39m[32mWrote yolo opencode.json config[39m
[32m[Nest] 77364  - [39m04/29/2026, 8:59:24 AM [32m    LOG[39m [38;5;3m[OpencodeStrategy] [39m[32mSpawning opencode: model=openai/gpt-5.4[39m
[0m[32m✓[0m [0mOpencodeStrategy[2m >[0m[1m executePromptStreaming clears stale session marker when OpenCode reports missing conversation[0m [0m[2m[[1m478.52ms[0m[2m][0m
[0m[32m✓[0m [0mbuildOpencodeRunArgs[2m >[0m[1m places `--` immediately before the prompt so opencode treats it as a positional[0m [0m[2m[0.05ms[0m[2m][0m
[0m[32m✓[0m [0mbuildOpencodeRunArgs[2m >[0m[1m still delimits the prompt with `--` when it starts with a dash (markdown bullet)[0m [0m[2m[0.03ms[0m[2m][0m
[0m[32m✓[0m [0mbuildOpencodeRunArgs[2m >[0m[1m includes --continue when hasSession is true[0m [0m[2m[0.03ms[0m[2m][0m
[0m[32m✓[0m [0mbuildOpencodeRunArgs[2m >[0m[1m places `--` immediately before the prompt so opencode treats it as a positional[0m
[0m[32m✓[0m [0mbuildOpencodeRunArgs[2m >[0m[1m still delimits the prompt with `--` when it starts with a dash (markdown bullet)[0m [0m[2m[0.03ms[0m[2m][0m
[0m[32m✓[0m [0mbuildOpencodeRunArgs[2m >[0m[1m includes --continue when hasSession is true[0m
[0m
src/app/strategies/strategy-registry.service.test.ts:
[0m[32m✓[0m [0mStrategyRegistryService[2m >[0m[1m resolveStrategy returns MockStrategy when AGENT_PROVIDER is mock[0m [0m[2m[0.10ms[0m[2m][0m
[0m[32m✓[0m [0mStrategyRegistryService[2m >[0m[1m resolveStrategy returns ClaudeCodeStrategy when AGENT_PROVIDER not set[0m [0m[2m[0.03ms[0m[2m][0m
[0m[32m✓[0m [0mStrategyRegistryService[2m >[0m[1m resolveStrategy throws for unknown provider[0m [0m[2m[0.07ms[0m[2m][0m
[0m[32m✓[0m [0mStrategyRegistryService[2m >[0m[1m resolveStrategy returns OpencodeStrategy when AGENT_PROVIDER is opencode[0m
[0m[32m✓[0m [0mStrategyRegistryService[2m >[0m[1m resolveStrategy returns OpencodeStrategy when AGENT_PROVIDER is opencodex (alias)[0m
[0m[32m✓[0m [0mStrategyRegistryService[2m >[0m[1m resolveStrategy returns OpenaiCodexStrategy when AGENT_PROVIDER is openai-codex[0m
[0m[32m✓[0m [0mStrategyRegistryService[2m >[0m[1m resolveStrategy returns OpenaiCodexStrategy when AGENT_PROVIDER is openai[0m [0m[2m[0.10ms[0m[2m][0m
[0m[32m✓[0m [0mStrategyRegistryService[2m >[0m[1m resolveStrategy returns CursorStrategy when AGENT_PROVIDER is cursor[0m [0m[2m[0.02ms[0m[2m][0m
[0m[32m✓[0m [0mStrategyRegistryService[2m >[0m[1m resolveStrategy returns GeminiStrategy when AGENT_PROVIDER is gemini[0m
[0m[32m✓[0m [0mStrategyRegistryService[2m >[0m[1m resolveStrategy with AGENT_AUTH_MODE=api-token uses api-token mode for Gemini[0m [0m[2m[0.11ms[0m[2m][0m
[0m
src/app/strategies/auth-process-helper.test.ts:
[0m[32m✓[0m [0mrunAuthProcess[2m >[0m[1m spawns a process and returns cancel function[0m [0m[2m[1.02ms[0m[2m][0m
[0m[32m✓[0m [0mrunAuthProcess[2m >[0m[1m calls onData with stdout data[0m [0m[2m[[1m65.48ms[0m[2m][0m
[0m[32m✓[0m [0mrunAuthProcess[2m >[0m[1m calls onClose with exit code[0m [0m[2m[[1m74.42ms[0m[2m][0m
[0m[32m✓[0m [0mrunAuthProcess[2m >[0m[1m calls onError when command not found[0m [0m[2m[0.69ms[0m[2m][0m
[0m[32m✓[0m [0mrunAuthProcess[2m >[0m[1m cancel kills the process[0m [0m[2m[[1m54.38ms[0m[2m][0m
[0m[32m✓[0m [0mrunAuthProcess[2m >[0m[1m captures stderr through onData[0m [0m[2m[[1m78.34ms[0m[2m][0m
[0m
src/app/strategies/openai-codex.strategy.test.ts:
[0m[32m✓[0m [0mhandleCodexExecJsonLine[2m >[0m[1m ignores empty and whitespace-only lines[0m [0m[2m[0.31ms[0m[2m][0m
[0m[32m✓[0m [0mhandleCodexExecJsonLine[2m >[0m[1m turn.started opens reasoning[0m [0m[2m[0.09ms[0m[2m][0m
[0m[32m✓[0m [0mhandleCodexExecJsonLine[2m >[0m[1m turn.started is idempotent when already in reasoning[0m [0m[2m[0.03ms[0m[2m][0m
[0m[32m✓[0m [0mhandleCodexExecJsonLine[2m >[0m[1m agent_message emits preview to reasoning, ends reasoning, then emits chunk[0m [0m[2m[0.06ms[0m[2m][0m
[0m[32m✓[0m [0mhandleCodexExecJsonLine[2m >[0m[1m agent_message with long text truncates preview at 200 chars[0m [0m[2m[0.08ms[0m[2m][0m
[0m[32m✓[0m [0mhandleCodexExecJsonLine[2m >[0m[1m agent_message with empty text is a no-op[0m [0m[2m[0.01ms[0m[2m][0m
[0m[32m✓[0m [0mhandleCodexExecJsonLine[2m >[0m[1m "message" type is treated the same as agent_message[0m [0m[2m[0.05ms[0m[2m][0m
[0m[32m✓[0m [0mhandleCodexExecJsonLine[2m >[0m[1m reasoning item opens reasoning and emits text[0m [0m[2m[0.02ms[0m[2m][0m
[0m[32m✓[0m [0mhandleCodexExecJsonLine[2m >[0m[1m reasoning item without text still starts reasoning[0m [0m[2m[0.03ms[0m[2m][0m
[0m[32m✓[0m [0mhandleCodexExecJsonLine[2m >[0m[1m full turn flow: started → reasoning → agent_message → completed[0m [0m[2m[0.05ms[0m[2m][0m
[0m[32m✓[0m [0mhandleCodexExecJsonLine[2m >[0m[1m command_execution emits tool event and reasoning chunk[0m [0m[2m[0.04ms[0m[2m][0m
[0m[32m✓[0m [0mhandleCodexExecJsonLine[2m >[0m[1m command_execution without command is a no-op[0m [0m[2m[0.04ms[0m[2m][0m
[0m[32m✓[0m [0mhandleCodexExecJsonLine[2m >[0m[1m command_execution truncates aggregated_output to 200 chars[0m [0m[2m[0.02ms[0m[2m][0m
[0m[32m✓[0m [0mhandleCodexExecJsonLine[2m >[0m[1m file_change emits tool events for each change[0m [0m[2m[0.24ms[0m[2m][0m
[0m[32m✓[0m [0mhandleCodexExecJsonLine[2m >[0m[1m file_change skips entries without path[0m [0m[2m[0.02ms[0m[2m][0m
[0m[32m✓[0m [0mhandleCodexExecJsonLine[2m >[0m[1m file_change with empty changes array is a no-op[0m [0m[2m[0.02ms[0m[2m][0m
[0m[32m✓[0m [0mhandleCodexExecJsonLine[2m >[0m[1m local_shell_call emits tool event[0m [0m[2m[0.02ms[0m[2m][0m
[0m[32m✓[0m [0mhandleCodexExecJsonLine[2m >[0m[1m turn.completed without usage does not call onUsage[0m
[0m[32m✓[0m [0mhandleCodexExecJsonLine[2m >[0m[1m turn.completed ends reasoning if active[0m [0m[2m[0.03ms[0m[2m][0m
[0m[32m✓[0m [0mhandleCodexExecJsonLine[2m >[0m[1m turn.failed emits error chunk and ends reasoning[0m [0m[2m[0.02ms[0m[2m][0m
[0m[32m✓[0m [0mhandleCodexExecJsonLine[2m >[0m[1m turn.failed without error message uses default[0m
[0m[32m✓[0m [0mhandleCodexExecJsonLine[2m >[0m[1m error event with top-level message[0m
[0m[32m✓[0m [0mhandleCodexExecJsonLine[2m >[0m[1m error event with nested error.message[0m [0m[2m[0.05ms[0m[2m][0m
[0m[32m✓[0m [0mhandleCodexExecJsonLine[2m >[0m[1m error event without any message uses default[0m
[0m[32m✓[0m [0mhandleCodexExecJsonLine[2m >[0m[1m non-JSON line is passed through with ANSI stripped[0m [0m[2m[0.15ms[0m[2m][0m
[0m[32m✓[0m [0mhandleCodexExecJsonLine[2m >[0m[1m non-JSON whitespace-only content after ANSI strip is ignored[0m
[0m[32m✓[0m [0mhandleCodexExecJsonLine[2m >[0m[1m thread.started captures the native Codex thread id without user-visible output[0m [0m[2m[0.04ms[0m[2m][0m
[0m[32m✓[0m [0mhandleCodexExecJsonLine[2m >[0m[1m unknown item type is silently ignored[0m [0m[2m[0.03ms[0m[2m][0m
[0m[32m✓[0m [0mhandleCodexExecJsonLine[2m >[0m[1m handlers without optional callbacks still work[0m [0m[2m[0.05ms[0m[2m][0m
[0m[32m✓[0m [0mhandleCodexExecJsonLine[2m >[0m[1m errorResult accumulates across multiple error events[0m [0m[2m[0.03ms[0m[2m][0m
[0m[32m✓[0m [0mOpenaiCodexStrategy[2m >[0m[1m ensureSettings creates Codex home directory when missing[0m [0m[2m[0.54ms[0m[2m][0m
[0m[32m✓[0m [0mOpenaiCodexStrategy[2m >[0m[1m ensureSettings leaves directory unchanged when it exists[0m [0m[2m[0.87ms[0m[2m][0m
[0m[32m✓[0m [0mOpenaiCodexStrategy[2m >[0m[1m checkAuthStatus returns false when auth file does not exist[0m [0m[2m[0.36ms[0m[2m][0m
[0m[32m✓[0m [0mOpenaiCodexStrategy[2m >[0m[1m checkAuthStatus returns true when auth.json has api_key[0m [0m[2m[0.57ms[0m[2m][0m
[0m[32m✓[0m [0mOpenaiCodexStrategy[2m >[0m[1m checkAuthStatus returns true when auth.json has access_token[0m [0m[2m[0.37ms[0m[2m][0m
[0m[32m✓[0m [0mOpenaiCodexStrategy[2m >[0m[1m checkAuthStatus returns false when auth.json is invalid JSON[0m [0m[2m[0.49ms[0m[2m][0m
[0m[32m✓[0m [0mOpenaiCodexStrategy[2m >[0m[1m clearCredentials removes auth.json when present[0m [0m[2m[0.46ms[0m[2m][0m
[0m[32m✓[0m [0mOpenaiCodexStrategy[2m >[0m[1m clearCredentials is no-op when auth file does not exist[0m [0m[2m[0.18ms[0m[2m][0m
[0m[32m✓[0m [0mOpenaiCodexStrategy[2m >[0m[1m checkAuthStatus returns true in api-token mode when OPENAI_API_KEY is set[0m [0m[2m[0.15ms[0m[2m][0m
[0m[32m✓[0m [0mOpenaiCodexStrategy[2m >[0m[1m checkAuthStatus returns false in api-token mode when OPENAI_API_KEY is not set[0m [0m[2m[0.14ms[0m[2m][0m
[0m[32m✓[0m [0mOpenaiCodexStrategy[2m >[0m[1m ensureSettings in api-token mode writes auth.json when OPENAI_API_KEY is set[0m [0m[2m[0.50ms[0m[2m][0m
[0m[32m✓[0m [0mOpenaiCodexStrategy[2m >[0m[1m ensureSettings in api-token mode does not write auth.json when OPENAI_API_KEY is empty[0m [0m[2m[0.24ms[0m[2m][0m
[0m[32m✓[0m [0mOpenaiCodexStrategy[2m >[0m[1m executeAuth in api-token mode sends authSuccess when OPENAI_API_KEY is set[0m [0m[2m[0.23ms[0m[2m][0m
[0m[32m✓[0m [0mOpenaiCodexStrategy[2m >[0m[1m cancelAuth clears state safely[0m [0m[2m[0.14ms[0m[2m][0m
[0m[32m✓[0m [0mOpenaiCodexStrategy[2m >[0m[1m submitAuthCode does nothing when code is empty[0m [0m[2m[0.17ms[0m[2m][0m
[0m[32m✓[0m [0mOpenaiCodexStrategy[2m >[0m[1m interruptAgent does not throw[0m [0m[2m[0.12ms[0m[2m][0m
[0m[32m✓[0m [0mOpenaiCodexStrategy[2m >[0m[1m getModelArgs returns Codex model args only for real model names[0m [0m[2m[0.08ms[0m[2m][0m
[0m[32m✓[0m [0mOpenaiCodexStrategy[2m >[0m[1m constructor with conversationDataDir[0m [0m[2m[0.23ms[0m[2m][0m
[0m[32m✓[0m [0mOpenaiCodexStrategy[2m >[0m[1m getWorkingDir returns codex_workspace relative to cwd by default[0m [0m[2m[0.13ms[0m[2m][0m
[0m[32m✓[0m [0mOpenaiCodexStrategy[2m >[0m[1m getWorkingDir returns codex_workspace under conversationDataDir[0m [0m[2m[0.19ms[0m[2m][0m
[0m[32m✓[0m [0mOpenaiCodexStrategy[2m >[0m[1m hasNativeSessionSupport is true only when a Codex session marker exists[0m [0m[2m[0.73ms[0m[2m][0m
[0m[32m✓[0m [0mOpenaiCodexStrategy[2m >[0m[1m executePromptStreaming starts a new Codex exec run and saves the captured thread id[0m [0m[2m[[1m431.17ms[0m[2m][0m
[0m[32m✓[0m [0mOpenaiCodexStrategy[2m >[0m[1m executePromptStreaming resumes an existing Codex session and keeps marker when no new thread id is emitted[0m [0m[2m[[1m410.26ms[0m[2m][0m
[0m[32m✓[0m [0mOpenaiCodexStrategy[2m >[0m[1m executePromptStreaming places `--` before a dash-prefixed prompt so Codex arg parsing does not treat it as a flag[0m [0m[2m[[1m432.02ms[0m[2m][0m
[0m[32m✓[0m [0mOpenaiCodexStrategy[2m >[0m[1m executePromptStreaming does not save a first-run session marker when Codex returns no output[0m [0m[2m[[1m341.41ms[0m[2m][0m
[0m[32m✓[0m [0mOpenaiCodexStrategy[2m >[0m[1m executePromptStreaming clears stale session marker when Codex reports missing conversation[0m [0m[2m[[1m572.78ms[0m[2m][0m
[0m
src/app/strategies/cursor.strategy.test.ts:
[0m[32m✓[0m [0mhandleCursorExecJsonLine[2m >[0m[1m system init starts reasoning and captures session id[0m [0m[2m[0.22ms[0m[2m][0m
[0m[32m✓[0m [0mhandleCursorExecJsonLine[2m >[0m[1m assistant content is streamed as chunks and reasoning previews[0m [0m[2m[0.13ms[0m[2m][0m
[0m[32m✓[0m [0mhandleCursorExecJsonLine[2m >[0m[1m duplicate assistant chunks are ignored[0m
[0m[32m✓[0m [0mhandleCursorExecJsonLine[2m >[0m[1m tool calls emit file events for file tools[0m [0m[2m[0.15ms[0m[2m][0m
[0m[32m✓[0m [0mhandleCursorExecJsonLine[2m >[0m[1m result ends reasoning[0m [0m[2m[0.09ms[0m[2m][0m
[0m[32m✓[0m [0mhandleCursorExecJsonLine[2m >[0m[1m result forwards token usage when present[0m [0m[2m[0.02ms[0m[2m][0m
[0m[32m✓[0m [0mhandleCursorExecJsonLine[2m >[0m[1m error events mark useful output and accumulate error text[0m
[0m[32m✓[0m [0mhandleCursorExecJsonLine[2m >[0m[1m non-json fallback text marks useful output[0m [0m[2m[0.12ms[0m[2m][0m
[0m[32m✓[0m [0mCursorStrategy[2m >[0m[1m getModelArgs returns cursor model flag[0m [0m[2m[0.33ms[0m[2m][0m
[0m[32m✓[0m [0mCursorStrategy[2m >[0m[1m checkAuthStatus returns false without CURSOR_API_KEY[0m [0m[2m[0.34ms[0m[2m][0m
[0m[32m✓[0m [0mCursorStrategy[2m >[0m[1m submitAuthCode stores pasted key and marks auth as available[0m [0m[2m[0.54ms[0m[2m][0m
[0m[32m✓[0m [0mCursorStrategy[2m >[0m[1m executeAuth succeeds when a stored key already exists[0m [0m[2m[0.39ms[0m[2m][0m
[0m[32m✓[0m [0mCursorStrategy[2m >[0m[1m buildExecArgs inserts separator before prompt text[0m [0m[2m[0.19ms[0m[2m][0m
[0m[32m✓[0m [0mCursorStrategy[2m >[0m[1m executePromptStreaming saves captured session id after successful useful output[0m [0m[2m[[1m495.10ms[0m[2m][0m
[0m[32m✓[0m [0mCursorStrategy[2m >[0m[1m executePromptStreaming does not save captured session id after failed run[0m [0m[2m[[1m429.34ms[0m[2m][0m
[0m[32m✓[0m [0mCursorStrategy[2m >[0m[1m executePromptStreaming rejects successful empty run and does not save first-run marker[0m [0m[2m[[1m427.08ms[0m[2m][0m
[0m[32m✓[0m [0mCursorStrategy[2m >[0m[1m executePromptStreaming resumes existing session and preserves marker when no new session id is emitted[0m [0m[2m[[1m420.65ms[0m[2m][0m
[0m[32m✓[0m [0mCursorStrategy[2m >[0m[1m executePromptStreaming treats tool events as useful output[0m [0m[2m[[1m422.46ms[0m[2m][0m
[0m[32m✓[0m [0mCursorStrategy[2m >[0m[1m executePromptStreaming clears stale session marker when Cursor reports missing conversation[0m [0m[2m[[1m417.10ms[0m[2m][0m
[0m
src/app/strategies/claude-code.strategy.test.ts:
[0m[32m✓[0m [0mtoolUseToEvent[2m >[0m[1m returns file_created for write_file with path[0m [0m[2m[0.17ms[0m[2m][0m
[0m[32m✓[0m [0mtoolUseToEvent[2m >[0m[1m returns file_created for edit_file with file_path[0m [0m[2m[0.05ms[0m[2m][0m
[0m[32m✓[0m [0mtoolUseToEvent[2m >[0m[1m returns file_created for search_replace with path_input[0m [0m[2m[0.03ms[0m[2m][0m
[0m[32m✓[0m [0mtoolUseToEvent[2m >[0m[1m returns tool_call for run_terminal_cmd with command[0m
[0m[32m✓[0m [0mtoolUseToEvent[2m >[0m[1m returns tool_call for unknown tool name[0m
[0m[32m✓[0m [0mtoolUseToEvent[2m >[0m[1m uses cb.name when input is undefined[0m
[0m[32m✓[0m [0mtoolUseToEvent[2m >[0m[1m extracts command from input.arguments[0m [0m[2m[0.07ms[0m[2m][0m
[0m[32m✓[0m [0mtoolUseToEvent[2m >[0m[1m builds full command from command plus args array[0m [0m[2m[0.07ms[0m[2m][0m
[0m[32m✓[0m [0mtoolUseToEvent[2m >[0m[1m builds command from arguments array only[0m [0m[2m[0.06ms[0m[2m][0m
[0m[32m✓[0m [0mtoolUseToEvent[2m >[0m[1m includes details for tool_call[0m [0m[2m[0.05ms[0m[2m][0m
[0m[32m✓[0m [0mClaudeCodeStrategy API token mode[2m >[0m[1m checkAuthStatus returns false in api-token mode when no env token is set[0m [0m[2m[0.51ms[0m[2m][0m
[0m[32m✓[0m [0mClaudeCodeStrategy API token mode[2m >[0m[1m checkAuthStatus returns true in api-token mode when CLAUDE_CODE_OAUTH_TOKEN is set[0m [0m[2m[0.26ms[0m[2m][0m
[0m[32m✓[0m [0mClaudeCodeStrategy API token mode[2m >[0m[1m executeAuth in api-token mode sends success when env token set[0m [0m[2m[0.50ms[0m[2m][0m
[0m[32m✓[0m [0mClaudeCodeStrategy API token mode[2m >[0m[1m executeAuth in api-token mode sends unauthenticated when no token[0m [0m[2m[0.35ms[0m[2m][0m
[0m[32m✓[0m [0mClaudeCodeStrategy API token mode[2m >[0m[1m executeAuth in default mode sends manual token prompt[0m [0m[2m[0.18ms[0m[2m][0m
[0m[32m✓[0m [0mClaudeCodeStrategy API token mode[2m >[0m[1m submitAuthCode sends success when code is valid[0m [0m[2m[0.55ms[0m[2m][0m
[0m[32m✓[0m [0mClaudeCodeStrategy API token mode[2m >[0m[1m submitAuthCode sends unauthenticated when code is empty[0m [0m[2m[0.15ms[0m[2m][0m
[0m[32m✓[0m [0mClaudeCodeStrategy API token mode[2m >[0m[1m cancelAuth clears connection[0m [0m[2m[0.10ms[0m[2m][0m
[0m[32m✓[0m [0mClaudeCodeStrategy API token mode[2m >[0m[1m clearCredentials does not throw when no token file[0m [0m[2m[0.17ms[0m[2m][0m
[0m[32m✓[0m [0mClaudeCodeStrategy API token mode[2m >[0m[1m interruptAgent does not throw[0m [0m[2m[0.14ms[0m[2m][0m
[0m[32m✓[0m [0mClaudeCodeStrategy API token mode[2m >[0m[1m constructor with conversation data dir[0m [0m[2m[0.11ms[0m[2m][0m
[0m[32m✓[0m [0mClaudeCodeStrategy API token mode[2m >[0m[1m checkAuthStatus returns true when ANTHROPIC_API_KEY is set[0m [0m[2m[0.27ms[0m[2m][0m
[0m[32m✓[0m [0mClaudeCodeStrategy API token mode[2m >[0m[1m checkAuthStatus returns true when CLAUDE_API_KEY is set[0m [0m[2m[0.42ms[0m[2m][0m
[0m[32m✓[0m [0mClaudeCodeStrategy API token mode[2m >[0m[1m hasNativeSessionSupport returns true[0m [0m[2m[0.42ms[0m[2m][0m
[0m[32m✓[0m [0mClaudeCodeStrategy API token mode[2m >[0m[1m session marker file is read on sendMessage for resume support[0m [0m[2m[0.93ms[0m[2m][0m
[0m[32m✓[0m [0mClaudeCodeStrategy API token mode[2m >[0m[1m executePromptStreaming clears stale session marker when Claude reports missing conversation[0m [0m[2m[[1m399.59ms[0m[2m][0m
[0m[32m✓[0m [0mClaudeCodeStrategy API token mode[2m >[0m[1m executePromptStreaming points Claude HOME at the persisted SESSION_DIR parent[0m [0m[2m[[1m407.57ms[0m[2m][0m
[0m
src/app/strategies/mock.strategy.list-models.test.ts:
[0m[32m✓[0m [0mMockStrategy.listModels[2m >[0m[1m returns hardcoded model list[0m
[0m
src/app/strategies/gemini.strategy.test.ts:
[0m[32m✓[0m [0mGeminiStrategy API token mode[2m >[0m[1m checkAuthStatus returns false when GEMINI_API_KEY is not set in api-token mode[0m [0m[2m[0.26ms[0m[2m][0m
[0m[32m✓[0m [0mGeminiStrategy API token mode[2m >[0m[1m checkAuthStatus returns true when GEMINI_API_KEY is set in api-token mode[0m [0m[2m[0.08ms[0m[2m][0m
[0m[32m✓[0m [0mGeminiStrategy API token mode[2m >[0m[1m executeAuth sends authSuccess when GEMINI_API_KEY is set in api-token mode[0m [0m[2m[0.11ms[0m[2m][0m
[0m[32m✓[0m [0mGeminiStrategy API token mode[2m >[0m[1m executeAuth sends sendAuthManualToken when GEMINI_API_KEY is missing in api-token mode[0m [0m[2m[0.04ms[0m[2m][0m
[0m[32m✓[0m [0mGeminiStrategy API token mode[2m >[0m[1m submitAuthCode in api-token mode stores token and sends authSuccess[0m [0m[2m[0.08ms[0m[2m][0m
[0m[32m✓[0m [0mGeminiStrategy API token mode[2m >[0m[1m checkAuthStatus returns true in api-token mode when only _apiToken is set[0m [0m[2m[0.06ms[0m[2m][0m
[0m[32m✓[0m [0mGeminiStrategy API token mode[2m >[0m[1m submitAuthCode with empty string sends unauthenticated[0m [0m[2m[0.02ms[0m[2m][0m
[0m[32m✓[0m [0mGeminiStrategy API token mode[2m >[0m[1m cancelAuth clears state safely[0m
[0m[32m✓[0m [0mGeminiStrategy API token mode[2m >[0m[1m clearCredentials is safe when no credentials exist[0m [0m[2m[0.09ms[0m[2m][0m
[0m[32m✓[0m [0mGeminiStrategy API token mode[2m >[0m[1m getModelArgs returns flags for valid model[0m [0m[2m[0.02ms[0m[2m][0m
[0m[32m✓[0m [0mGeminiStrategy API token mode[2m >[0m[1m getModelArgs returns empty array for empty model[0m [0m[2m[0.02ms[0m[2m][0m
[0m[32m✓[0m [0mGeminiStrategy API token mode[2m >[0m[1m getModelArgs returns empty for undefined model[0m
[0m[32m✓[0m [0mGeminiStrategy API token mode[2m >[0m[1m interruptAgent does not throw[0m [0m[2m[0.03ms[0m[2m][0m
[0m[32m✓[0m [0mGeminiStrategy API token mode[2m >[0m[1m constructor with conversationDataDir[0m [0m[2m[0.03ms[0m[2m][0m
[0m[32m✓[0m [0mGeminiStrategy API token mode[2m >[0m[1m executeLogout in api-token mode clears credentials immediately[0m [0m[2m[0.06ms[0m[2m][0m
[0m[32m✓[0m [0mbuildGeminiArgs[2m >[0m[1m passes the prompt via the -p=value equals form so yargs binds it to -p[0m [0m[2m[0.05ms[0m[2m][0m
[0m[32m✓[0m [0mbuildGeminiArgs[2m >[0m[1m keeps -p bound to the value when the prompt starts with a dash (markdown bullet)[0m [0m[2m[0.06ms[0m[2m][0m
[0m[32m✓[0m [0mbuildGeminiArgs[2m >[0m[1m includes --resume when hasSession is true[0m [0m[2m[0.02ms[0m[2m][0m
[0m[32m✓[0m [0mbuildGeminiArgs[2m >[0m[1m omits -m when model is empty or the literal string "undefined"[0m [0m[2m[0.01ms[0m[2m][0m
[0m[32m✓[0m [0mGeminiStrategy session recovery[2m >[0m[1m executePromptStreaming clears stale session marker when Gemini reports missing conversation[0m [0m[2m[[1m429.85ms[0m[2m][0m
[0m
src/app/gemma-router/gemma-router.service.test.ts:
[0m[32m✓[0m [0mGemmaRouterService[2m > [0mwhen disabled via config[2m >[0m[1m returns skipped result without calling Ollama[0m [0m[2m[0.25ms[0m[2m][0m
[0m[32m✓[0m [0mGemmaRouterService[2m > [0mwhen no MCP tools are provided[2m >[0m[1m returns skipped result[0m [0m[2m[0.04ms[0m[2m][0m
[0m[32m✓[0m [0mGemmaRouterService[2m > [0mwhen Ollama is available[2m >[0m[1m returns tools and confidence on valid JSON response[0m [0m[2m[0.63ms[0m[2m][0m
[0m[32m✓[0m [0mGemmaRouterService[2m > [0mwhen Ollama is available[2m >[0m[1m handles markdown-wrapped JSON from Ollama[0m [0m[2m[0.31ms[0m[2m][0m
[95m[Nest] 77364  - [39m04/29/2026, 8:59:31 AM [95m  DEBUG[39m [38;5;3m[GemmaRouterService] [39m[95mOllama returned HTTP 500[39m
[95m[Nest] 77364  - [39m04/29/2026, 8:59:31 AM [95m  DEBUG[39m [38;5;3m[GemmaRouterService] [39m[95mGemmaRouter call failed (will skip): AbortError[39m
[0m[32m✓[0m [0mGemmaRouterService[2m > [0mwhen Ollama is available[2m >[0m[1m returns skipped on HTTP error from Ollama[0m [0m[2m[0.21ms[0m[2m][0m
[0m[32m✓[0m [0mGemmaRouterService[2m > [0mwhen Ollama is available[2m >[0m[1m returns skipped when Ollama fetch throws (e.g. timeout)[0m [0m[2m[0.13ms[0m[2m][0m
[0m[32m✓[0m [0mGemmaRouterService[2m > [0mwhen Ollama is available[2m >[0m[1m returns skipped when Gemma returns invalid JSON[0m [0m[2m[0.17ms[0m[2m][0m
[95m[Nest] 77364  - [39m04/29/2026, 8:59:31 AM [95m  DEBUG[39m [38;5;3m[GemmaRouterService] [39m[95mCould not parse Gemma response as JSON: Sure! I can help with that.[39m
[0m[32m✓[0m [0mGemmaRouterService[2m > [0mwhen Ollama is available[2m >[0m[1m clamps confidence to [0, 1][0m [0m[2m[0.14ms[0m[2m][0m
[0m[32m✓[0m [0mGemmaRouterService[2m > [0mwhen Ollama is available[2m >[0m[1m ignores non-string entries in tools array[0m [0m[2m[0.08ms[0m[2m][0m
[32m[Nest] 77364  - [39m04/29/2026, 8:59:31 AM [32m    LOG[39m [38;5;3m[GemmaRouterService] [39m[32mOllama available at http://localhost:11434 — GemmaRouter ready (model: gemma3:4b)[39m
[0m[32m✓[0m [0mGemmaRouterService[2m > [0mprobe on module init[2m >[0m[1m sets isAvailable=true when Ollama responds ok[0m [0m[2m[0.67ms[0m[2m][0m
[0m[32m✓[0m [0mGemmaRouterService[2m > [0mprobe on module init[2m >[0m[1m sets isAvailable=false when Ollama is unreachable[0m [0m[2m[0.17ms[0m[2m][0m
[33m[Nest] 77364  - [39m04/29/2026, 8:59:31 AM [33m   WARN[39m [38;5;3m[GemmaRouterService] [39m[33mOllama not reachable at startup — GemmaRouter will be skipped until next restart[39m
[32m[Nest] 77364  - [39m04/29/2026, 8:59:31 AM [32m    LOG[39m [38;5;3m[GemmaRouterService] [39m[32mGemmaRouter disabled (GEMMA_ROUTER_ENABLED is not set to true)[39m
[0m[32m✓[0m [0mGemmaRouterService[2m > [0mprobe on module init[2m >[0m[1m skips probe entirely when disabled[0m [0m[2m[0.07ms[0m[2m][0m
[0m
src/app/local-mcp/local-mcp.server.spec.ts:
[0m[32m✓[0m [0mlocal-mcp.server — JSON-RPC handler[2m >[0m[1m initialize returns protocol metadata[0m [0m[2m[0.46ms[0m[2m][0m
[0m[32m✓[0m [0mlocal-mcp.server — JSON-RPC handler[2m >[0m[1m notifications/initialized returns null (no response)[0m [0m[2m[0.03ms[0m[2m][0m
[0m[32m✓[0m [0mlocal-mcp.server — JSON-RPC handler[2m >[0m[1m ping returns empty result[0m [0m[2m[0.05ms[0m[2m][0m
[0m[32m✓[0m [0mlocal-mcp.server — JSON-RPC handler[2m >[0m[1m tools/list returns all 7 tool definitions[0m [0m[2m[0.11ms[0m[2m][0m
[0m[32m✓[0m [0mlocal-mcp.server — JSON-RPC handler[2m >[0m[1m tools/call for a known tool calls the API and returns content[0m [0m[2m[0.12ms[0m[2m][0m
[0m[32m✓[0m [0mlocal-mcp.server — JSON-RPC handler[2m >[0m[1m tools/call for an unknown tool returns -32601 error[0m [0m[2m[0.17ms[0m[2m][0m
[0m[32m✓[0m [0mlocal-mcp.server — JSON-RPC handler[2m >[0m[1m tools/call when API returns ok=false yields isError=true[0m [0m[2m[0.10ms[0m[2m][0m
[0m[32m✓[0m [0mlocal-mcp.server — JSON-RPC handler[2m >[0m[1m unknown method returns -32601 error[0m [0m[2m[0.04ms[0m[2m][0m
[0m[32m✓[0m [0mlocal-mcp.server — JSON-RPC handler[2m >[0m[1m null id is preserved in response[0m [0m[2m[0.07ms[0m[2m][0m
[0m[32m✓[0m [0mlocal-mcp.server — JSON-RPC handler[2m >[0m[1m string id is preserved in response[0m [0m[2m[0.02ms[0m[2m][0m
[0m
src/app/local-mcp/local-mcp.service.spec.ts:
[0m[32m✓[0m [0mLocalMcpService[2m >[0m[1m show_image (url) emits SHOW_IMAGE and resolves { ok: true }[0m [0m[2m[1.01ms[0m[2m][0m
[33m[Nest] 77364  - [39m04/29/2026, 8:59:31 AM [33m   WARN[39m [38;5;3m[LocalMcpService] [39m[33mLocal tool 'show_image' failed: show_image: either url or base64 must be provided[39m
[0m[32m✓[0m [0mLocalMcpService[2m >[0m[1m show_image without url/base64 returns error[0m [0m[2m[0.22ms[0m[2m][0m
[0m[32m✓[0m [0mLocalMcpService[2m >[0m[1m show_image with base64 emits correct mimeType default[0m [0m[2m[0.04ms[0m[2m][0m
[0m[32m✓[0m [0mLocalMcpService[2m >[0m[1m notify emits NOTIFY event[0m [0m[2m[0.18ms[0m[2m][0m
[0m[32m✓[0m [0mLocalMcpService[2m >[0m[1m notify defaults level to info[0m [0m[2m[0.27ms[0m[2m][0m
[0m[32m✓[0m [0mLocalMcpService[2m >[0m[1m set_title emits SET_TITLE event[0m [0m[2m[0.12ms[0m[2m][0m
[0m[32m✓[0m [0mLocalMcpService[2m >[0m[1m get_mode returns mode from injected getter[0m [0m[2m[0.07ms[0m[2m][0m
[0m[32m✓[0m [0mLocalMcpService[2m >[0m[1m get_mode falls back to default when no getter registered[0m [0m[2m[0.05ms[0m[2m][0m
[0m[32m✓[0m [0mLocalMcpService[2m >[0m[1m set_mode calls the setter and returns resolved mode[0m [0m[2m[0.07ms[0m[2m][0m
[33m[Nest] 77364  - [39m04/29/2026, 8:59:31 AM [33m   WARN[39m [38;5;3m[LocalMcpService] [39m[33mLocal tool 'set_mode' failed: Invalid mode "hacking". Valid values: exploring, casting, overseeing, greenfielding, brownfielding[39m
[0m[32m✓[0m [0mLocalMcpService[2m >[0m[1m set_mode with invalid value returns error[0m [0m[2m[0.17ms[0m[2m][0m
[33m[Nest] 77364  - [39m04/29/2026, 8:59:31 AM [33m   WARN[39m [38;5;3m[LocalMcpService] [39m[33mLocal tool 'set_mode' failed: Failed to resolve mode "casting"[39m
[0m[32m✓[0m [0mLocalMcpService[2m >[0m[1m set_mode returns error when setter returns null[0m [0m[2m[0.10ms[0m[2m][0m
[33m[Nest] 77364  - [39m04/29/2026, 8:59:31 AM [33m   WARN[39m [38;5;3m[LocalMcpService] [39m[33mLocal tool 'no_such_tool' failed: Unknown local tool: no_such_tool[39m
[0m[32m✓[0m [0mLocalMcpService[2m >[0m[1m unknown tool returns error[0m [0m[2m[0.06ms[0m[2m][0m
[0m[32m✓[0m [0mLocalMcpService[2m >[0m[1m ask_user emits prompt and resolves when resolveQuestion is called[0m [0m[2m[[1m11.34ms[0m[2m][0m
[33m[Nest] 77364  - [39m04/29/2026, 8:59:31 AM [33m   WARN[39m [38;5;3m[LocalMcpService] [39m[33mLocal tool 'ask_user' failed: ask_user: question must not be empty[39m
[0m[32m✓[0m [0mLocalMcpService[2m >[0m[1m ask_user with empty question returns error immediately[0m [0m[2m[0.36ms[0m[2m][0m
[33m[Nest] 77364  - [39m04/29/2026, 8:59:31 AM [33m   WARN[39m [38;5;3m[LocalMcpService] [39m[33mLocal tool 'ask_user' failed: Timed out waiting for operator reply (questionId=1dd94de9-dd1f-4dfc-b761-cc805805e38a)[39m
[0m[32m✓[0m [0mLocalMcpService[2m >[0m[1m ask_user times out after askTimeoutMs[0m [0m[2m[[1m51.59ms[0m[2m][0m
[0m[32m✓[0m [0mLocalMcpService[2m >[0m[1m confirm_action emits prompt and resolves with confirmed=false[0m [0m[2m[[1m11.41ms[0m[2m][0m
[33m[Nest] 77364  - [39m04/29/2026, 8:59:31 AM [33m   WARN[39m [38;5;3m[LocalMcpService] [39m[33mLocal tool 'confirm_action' failed: confirm_action: message must not be empty[39m
[0m[32m✓[0m [0mLocalMcpService[2m >[0m[1m confirm_action with empty message returns error immediately[0m [0m[2m[0.27ms[0m[2m][0m
[0m[32m✓[0m [0mLocalMcpService[2m >[0m[1m confirm_action defaults confirmLabel/cancelLabel[0m [0m[2m[[1m11.79ms[0m[2m][0m
[33m[Nest] 77364  - [39m04/29/2026, 8:59:31 AM [33m   WARN[39m [38;5;3m[LocalMcpService] [39m[33mNo pending question with id=ghost-id[39m
[0m[32m✓[0m [0mLocalMcpService[2m >[0m[1m resolveQuestion with unknown id is a no-op (no throw)[0m [0m[2m[0.24ms[0m[2m][0m
[0m
src/app/local-mcp/local-mcp.controller.spec.ts:
[0m[32m✓[0m [0mLocalMcpController[2m >[0m[1m delegates to LocalMcpService.handleToolCall with the request body[0m [0m[2m[0.10ms[0m[2m][0m
[0m[32m✓[0m [0mLocalMcpController[2m >[0m[1m returns the service response unchanged on success[0m [0m[2m[0.06ms[0m[2m][0m
[0m[32m✓[0m [0mLocalMcpController[2m >[0m[1m returns the service error response unchanged[0m [0m[2m[0.06ms[0m[2m][0m
[0m[32m✓[0m [0mLocalMcpController[2m >[0m[1m passes all args fields to the service[0m [0m[2m[0.04ms[0m[2m][0m
[0m[32m✓[0m [0mLocalMcpController[2m >[0m[1m each call is independent (no shared state)[0m [0m[2m[0.08ms[0m[2m][0m
[0m
src/app/activity-store/activity-store.service.test.ts:
[0m[32m✓[0m [0mActivityStoreService[2m >[0m[1m all returns empty array initially[0m [0m[2m[[1m31.97ms[0m[2m][0m
[0m[32m✓[0m [0mActivityStoreService[2m >[0m[1m append adds entry and returns it[0m [0m[2m[[1m32.10ms[0m[2m][0m
[0m[32m✓[0m [0mActivityStoreService[2m >[0m[1m append multiple grows array[0m [0m[2m[[1m32.60ms[0m[2m][0m
[0m[32m✓[0m [0mActivityStoreService[2m >[0m[1m clear removes all activities[0m [0m[2m[[1m31.25ms[0m[2m][0m
[0m[32m✓[0m [0mActivityStoreService[2m >[0m[1m createWithEntry creates activity with single story entry[0m [0m[2m[[1m31.71ms[0m[2m][0m
[0m[32m✓[0m [0mActivityStoreService[2m >[0m[1m appendEntry adds story entry to existing activity[0m [0m[2m[[1m32.35ms[0m[2m][0m
[0m[32m✓[0m [0mActivityStoreService[2m >[0m[1m appendEntry does nothing for unknown activity id[0m [0m[2m[[1m31.93ms[0m[2m][0m
[0m[32m✓[0m [0mActivityStoreService[2m >[0m[1m replaceStory overwrites activity story[0m [0m[2m[[1m31.83ms[0m[2m][0m
[0m[32m✓[0m [0mActivityStoreService[2m >[0m[1m replaceStory does nothing for unknown activity id[0m [0m[2m[[1m32.02ms[0m[2m][0m
[0m[32m✓[0m [0mActivityStoreService[2m >[0m[1m setUsage stores token usage on activity[0m [0m[2m[[1m32.29ms[0m[2m][0m
[0m[32m✓[0m [0mActivityStoreService[2m >[0m[1m setUsage does nothing for unknown activity id[0m [0m[2m[[1m31.95ms[0m[2m][0m
[0m[32m✓[0m [0mActivityStoreService[2m >[0m[1m replaceStory deduplicates story by id[0m [0m[2m[[1m32.32ms[0m[2m][0m
[0m[32m✓[0m [0mActivityStoreService[2m >[0m[1m appendEntry does not add duplicate entry id[0m [0m[2m[[1m32.04ms[0m[2m][0m
[0m[32m✓[0m [0mActivityStoreService[2m >[0m[1m getById returns undefined for unknown id[0m [0m[2m[[1m31.88ms[0m[2m][0m
[0m[32m✓[0m [0mActivityStoreService[2m >[0m[1m findByStoryEntryId returns activity containing the story entry[0m [0m[2m[[1m32.04ms[0m[2m][0m
[0m[32m✓[0m [0mActivityStoreService[2m >[0m[1m findByStoryEntryId returns undefined when entry not in any activity[0m [0m[2m[[1m31.54ms[0m[2m][0m
[0m[32m✓[0m [0mActivityStoreService[2m >[0m[1m loads activities from disk on construction with valid JSON[0m [0m[2m[[1m32.43ms[0m[2m][0m
[0m[31mFailed to parse activity load: [0m[1m125 |[0m   [0m[34mprivate[0m load(): StoredActivityEntry[] {
[0m[1m126 |[0m     [0m[35mif[0m (!existsSync([0m[33mthis[0m.activityPath)) [0m[35mreturn[0m [][0m[2m;[0m
[0m[1m127 |[0m     [0m[35mtry[0m {
[0m[1m128 |[0m       [0m[35mconst[0m raw = readFileSync([0m[33mthis[0m.activityPath, [0m[32m'utf8'[0m)[0m[2m;[0m
[0m[1m129 |[0m       [0m[35mconst[0m decrypted = decryptData(raw, [0m[33mthis[0m.config[0m[3m[1m.getEncryptionKey[0m())[0m[2m;[0m
[0m[1m130 |[0m       [0m[35mconst[0m data = JSON[0m[3m[1m.parse[0m(decrypted)[0m[2m;[0m
                              [31m[1m^[0m
[0m[31mSyntaxError[0m[2m:[0m [1mJSON Parse error: Unexpected identifier "invalid"[0m
[0m      [2mat [0m[0m[1m[3mload[0m[2m ([0m[0m[36m[2m/Users/vyakymenko/Documents/git/fibe third/fibe-agent/apps/api/[0m[36msrc/app/activity-store/activity-store.service.ts[0m[2m:[0m[33m130[0m[2m:[33m25[0m[2m)[0m
[0m      [2mat [0mnew ActivityStoreService[2m ([0m[0m[36m[2m/Users/vyakymenko/Documents/git/fibe third/fibe-agent/apps/api/[0m[36msrc/app/activity-store/activity-store.service.ts[0m[2m:[0m[33m38[0m[2m:[33m28[0m[2m)[0m
[0m      [2mat [0m[0m[2m<anonymous>[0m[2m ([0m[0m[36m[2m/Users/vyakymenko/Documents/git/fibe third/fibe-agent/apps/api/[0m[36msrc/app/activity-store/activity-store.service.test.ts[0m[2m:[0m[33m209[0m[2m:[33m17[0m[2m)[0m
[0m
[0m[32m✓[0m [0mActivityStoreService[2m >[0m[1m loads gracefully when activities file has corrupt JSON[0m [0m[2m[[1m32.79ms[0m[2m][0m
[0m[32m✓[0m [0mActivityStoreService[2m >[0m[1m loads gracefully when activities file has non-array JSON[0m [0m[2m[[1m32.12ms[0m[2m][0m
[0m[32m✓[0m [0mActivityStoreService[2m >[0m[1m load deduplicates story entries with same id from disk[0m [0m[2m[[1m31.31ms[0m[2m][0m
[0m[32m✓[0m [0mActivityStoreService[2m >[0m[1m onModuleDestroy flushes pending activity writes[0m [0m[2m[[1m33.30ms[0m[2m][0m
[0m
src/app/terminal/terminal.service.spec.ts:
[0m[32m✓[0m [0mTerminalService[2m >[0m[1m spawns a PTY shell with default dimensions[0m [0m[2m[0.22ms[0m[2m][0m
[0m[32m✓[0m [0mTerminalService[2m >[0m[1m returns the spawned IPty instance[0m [0m[2m[0.08ms[0m[2m][0m
[0m[32m✓[0m [0mTerminalService[2m >[0m[1m stores the session and increments sessionCount[0m [0m[2m[0.09ms[0m[2m][0m
[0m[32m✓[0m [0mTerminalService[2m >[0m[1m auto-generates a UUID id when none is provided[0m [0m[2m[0.03ms[0m[2m][0m
[0m[32m✓[0m [0mTerminalService[2m >[0m[1m clamps cols below minimum to MIN_COLS (10)[0m [0m[2m[0.02ms[0m[2m][0m
[0m[32m✓[0m [0mTerminalService[2m >[0m[1m clamps rows below minimum to MIN_ROWS (5)[0m [0m[2m[0.04ms[0m[2m][0m
[0m[32m✓[0m [0mTerminalService[2m >[0m[1m uses SHELL env var when set[0m [0m[2m[0.02ms[0m[2m][0m
[0m[32m✓[0m [0mTerminalService[2m >[0m[1m falls back to bash on non-Windows when SHELL is unset[0m [0m[2m[0.08ms[0m[2m][0m
[0m[32m✓[0m [0mTerminalService[2m >[0m[1m uses explicit cwd when provided[0m [0m[2m[0.03ms[0m[2m][0m
[0m[32m✓[0m [0mTerminalService[2m >[0m[1m adds fibe binary locations to PTY PATH[0m [0m[2m[0.04ms[0m[2m][0m
[0m[32m✓[0m [0mTerminalService[2m >[0m[1m falls back to PLAYGROUNDS_DIR when no explicit cwd given[0m [0m[2m[0.03ms[0m[2m][0m
[0m[32m✓[0m [0mTerminalService[2m >[0m[1m falls back to process.cwd() when neither cwd nor PLAYGROUNDS_DIR is set[0m
[0m[32m✓[0m [0mTerminalService[2m >[0m[1m forwards data to the PTY process[0m [0m[2m[0.07ms[0m[2m][0m
[0m[32m✓[0m [0mTerminalService[2m >[0m[1m does nothing on write when session does not exist[0m [0m[2m[0.02ms[0m[2m][0m
[0m[32m✓[0m [0mTerminalService[2m >[0m[1m resizes the PTY to new dimensions[0m [0m[2m[0.03ms[0m[2m][0m
[0m[32m✓[0m [0mTerminalService[2m >[0m[1m clamps resize dimensions to minimums[0m
[0m[32m✓[0m [0mTerminalService[2m >[0m[1m does nothing on resize when session does not exist[0m [0m[2m[0.02ms[0m[2m][0m
[0m[32m✓[0m [0mTerminalService[2m >[0m[1m swallows errors thrown by PTY resize[0m [0m[2m[0.08ms[0m[2m][0m
[0m[32m✓[0m [0mTerminalService[2m >[0m[1m kills the PTY and removes the session[0m [0m[2m[0.05ms[0m[2m][0m
[0m[32m✓[0m [0mTerminalService[2m >[0m[1m does nothing on kill when session does not exist[0m
[0m[32m✓[0m [0mTerminalService[2m >[0m[1m swallows errors thrown by PTY kill[0m [0m[2m[0.06ms[0m[2m][0m
[0m[32m✓[0m [0mTerminalService[2m >[0m[1m kills all sessions on module destroy[0m [0m[2m[0.06ms[0m[2m][0m
[0m
src/app/uploads/uploads-handler.test.ts:
[0m[32m✓[0m [0mvalidateUploadMimetype[2m >[0m[1m allows image mimetypes[0m
[0m[32m✓[0m [0mvalidateUploadMimetype[2m >[0m[1m allows audio mimetypes[0m [0m[2m[0.25ms[0m[2m][0m
[0m[32m✓[0m [0mvalidateUploadMimetype[2m >[0m[1m allows document mimetypes[0m [0m[2m[0.07ms[0m[2m][0m
[0m[32m✓[0m [0mvalidateUploadMimetype[2m >[0m[1m throws for blocked mimetype[0m [0m[2m[0.05ms[0m[2m][0m
[0m[32m✓[0m [0mvalidateUploadMimetype[2m >[0m[1m throws for unknown mimetype[0m [0m[2m[0.02ms[0m[2m][0m
[0m[32m✓[0m [0mextFromMimetype[2m >[0m[1m returns correct ext for known types[0m [0m[2m[0.03ms[0m[2m][0m
[0m[32m✓[0m [0mextFromMimetype[2m >[0m[1m returns correct ext for audio types[0m [0m[2m[0.03ms[0m[2m][0m
[0m[32m✓[0m [0mextFromMimetype[2m >[0m[1m returns webm for unknown audio types[0m
[0m[32m✓[0m [0mextFromMimetype[2m >[0m[1m handles codec parameters in audio mimetype[0m
[0m[32m✓[0m [0mextFromMimetype[2m >[0m[1m returns bin for unknown types[0m
[0m[32m✓[0m [0mextFromMimetype[2m >[0m[1m handles image subtypes[0m
[0m[32m✓[0m [0mprocessUploadFile[2m >[0m[1m throws when no file[0m [0m[2m[0.09ms[0m[2m][0m
[0m[32m✓[0m [0mprocessUploadFile[2m >[0m[1m throws when mimetype blocked[0m [0m[2m[0.06ms[0m[2m][0m
[0m[32m✓[0m [0mprocessUploadFile[2m >[0m[1m returns filename for valid audio[0m [0m[2m[0.07ms[0m[2m][0m
[0m[32m✓[0m [0mprocessUploadFile[2m >[0m[1m returns filename for valid image[0m [0m[2m[0.05ms[0m[2m][0m
[0m
src/app/uploads/uploads.service.test.ts:
[0m[32m✓[0m [0mUploadsService[2m >[0m[1m getUploadsDir returns path under data dir[0m [0m[2m[0.32ms[0m[2m][0m
[0m[32m✓[0m [0mUploadsService[2m >[0m[1m saveImage creates file and returns filename[0m [0m[2m[0.78ms[0m[2m][0m
[0m[32m✓[0m [0mUploadsService[2m >[0m[1m saveImage uses jpg for jpeg mime[0m [0m[2m[0.63ms[0m[2m][0m
[0m[32m✓[0m [0mUploadsService[2m >[0m[1m saveAudio creates file from data URL[0m [0m[2m[0.57ms[0m[2m][0m
[0m[32m✓[0m [0mUploadsService[2m >[0m[1m saveAudioFromBuffer creates file with correct extension[0m [0m[2m[0.81ms[0m[2m][0m
[0m[32m✓[0m [0mUploadsService[2m >[0m[1m saveAudioFromBuffer uses m4a for mp4 mime[0m [0m[2m[1.30ms[0m[2m][0m
[0m[32m✓[0m [0mUploadsService[2m >[0m[1m getPath returns null for path traversal[0m [0m[2m[0.36ms[0m[2m][0m
[0m[32m✓[0m [0mUploadsService[2m >[0m[1m getPath returns null for non-existent file[0m [0m[2m[0.22ms[0m[2m][0m
[0m[32m✓[0m [0mUploadsService[2m >[0m[1m getPath returns path for existing file[0m [0m[2m[0.68ms[0m[2m][0m
[0m[32m✓[0m [0mUploadsService[2m >[0m[1m saveAudioFromBuffer creates uploads dir when missing[0m [0m[2m[0.73ms[0m[2m][0m
[0m[32m✓[0m [0mUploadsService[2m >[0m[1m saveFileFromBuffer creates file with correct extension for PDF[0m [0m[2m[0.67ms[0m[2m][0m
[0m[32m✓[0m [0mUploadsService[2m >[0m[1m saveFileFromBuffer uses correct extension for spreadsheet and text[0m [0m[2m[0.64ms[0m[2m][0m
[0m[32m✓[0m [0mUploadsService[2m > [0mextractImageInfo[2m >[0m[1m returns null if path does not exist[0m [0m[2m[0.38ms[0m[2m][0m
[0m[32m✓[0m [0mUploadsService[2m > [0mextractImageInfo[2m >[0m[1m returns null if not an image extension[0m [0m[2m[0.79ms[0m[2m][0m
[33m[Nest] 77364  - [39m04/29/2026, 8:59:32 AM [33m   WARN[39m [38;5;3m[UploadsService] [39m[33mFailed to read cached metadata for 554c5c93-bdba-4ab6-8a83-58e2e9542751.png[39m
[33m[Nest] 77364  - [39m04/29/2026, 8:59:32 AM [33m   WARN[39m [38;5;3m[UploadsService] [39mSyntaxError: JSON Parse error: Unexpected identifier "undefined"
    at <parse> (:0)
    at parse (unknown)
    at extractImageInfo [90m(/Users/vyakymenko/Documents/git/fibe third/fibe-agent/apps/api/[39msrc/app/uploads/uploads.service.ts:89:21[90m)[39m
    at async <anonymous> [90m(/Users/vyakymenko/Documents/git/fibe third/fibe-agent/apps/api/[39msrc/app/uploads/uploads.service.test.ts:152:35[90m)[39m
    at processTicksAndRejections (native:7:39)
[0m[1m149 |[0m       expect(Tesseract.recognize)[0m[3m[1m.toHaveBeenCalledTimes[0m([0m[33m1[0m)[0m[2m;[0m
[0m[1m150 |[0m 
[0m[1m151 |[0m       [0m[2m// Next call should use cached metadata[0m
[0m[1m152 |[0m       [0m[35mconst[0m info2 = [0m[35mawait[0m service[0m[3m[1m.extractImageInfo[0m(filename)[0m[2m;[0m
[0m[1m153 |[0m       expect(info2)[0m[3m[1m.toEqual[0m(info1)[0m[2m;[0m
[0m[1m154 |[0m       expect(sizeOf)[0m[3m[1m.toHaveBeenCalledTimes[0m([0m[33m1[0m)[0m[2m;[0m [0m[2m// Still 1[0m
                           [31m[1m^[0m
[0m[31merror[0m[2m:[0m [1m[2mexpect([0m[31mreceived[0m[2m).[0mtoHaveBeenCalledTimes[2m([0m[32mexpected[0m[2m)[0m

Expected number of calls: [32m1[0m
Received number of calls: [31m2[0m
[0m
[0m      [2mat [0m[0m[2m<anonymous>[0m[2m ([0m[0m[36m[2m/Users/vyakymenko/Documents/git/fibe third/fibe-agent/apps/api/[0m[36msrc/app/uploads/uploads.service.test.ts[0m[2m:[0m[33m154[0m[2m:[33m22[0m[2m)[0m
[0m[31m✗[0m [0mUploadsService[2m > [0mextractImageInfo[2m >[0m[1m returns info using mocks and caches it[0m [0m[2m[1.45ms[0m[2m][0m
[33m[Nest] 77364  - [39m04/29/2026, 8:59:32 AM [33m   WARN[39m [38;5;3m[UploadsService] [39m[33mFailed to extract image info for 6a036700-19cf-4f0c-a794-4add8608f3cc.png[39m
[33m[Nest] 77364  - [39m04/29/2026, 8:59:32 AM [33m   WARN[39m [38;5;3m[UploadsService] [39mError: Corrupt
    at <anonymous> [90m(/Users/vyakymenko/Documents/git/fibe third/fibe-agent/apps/api/[39msrc/app/uploads/uploads.service.test.ts:167:83[90m)[39m
    at mockConstructor (unknown)
    at extractImageInfo [90m(/Users/vyakymenko/Documents/git/fibe third/fibe-agent/apps/api/[39msrc/app/uploads/uploads.service.ts:97:24[90m)[39m
    at async <anonymous> [90m(/Users/vyakymenko/Documents/git/fibe third/fibe-agent/apps/api/[39msrc/app/uploads/uploads.service.test.ts:168:34[90m)[39m
    at processTicksAndRejections (native:7:39)
[0m[32m✓[0m [0mUploadsService[2m > [0mextractImageInfo[2m >[0m[1m handles extraction errors gracefully[0m [0m[2m[0.84ms[0m[2m][0m
[0m
src/app/agent/agent.controller.test.ts:
[0m[32m✓[0m [0mhandleSendMessage[2m >[0m[1m returns accepted and messageId when result is accepted[0m [0m[2m[0.04ms[0m[2m][0m
[0m[32m✓[0m [0mhandleSendMessage[2m >[0m[1m throws BadRequestException when accepted true but messageId missing[0m [0m[2m[0.03ms[0m[2m][0m
[0m[32m✓[0m [0mhandleSendMessage[2m >[0m[1m throws ForbiddenException when result error is NEED_AUTH[0m [0m[2m[0.09ms[0m[2m][0m
[0m[32m✓[0m [0mhandleSendMessage[2m >[0m[1m throws ConflictException when result error is AGENT_BUSY[0m [0m[2m[0.14ms[0m[2m][0m
[0m[32m✓[0m [0mhandleSendMessage[2m >[0m[1m throws BadRequestException when result has other error[0m [0m[2m[0.04ms[0m[2m][0m
[0m[32m✓[0m [0mhandleSendMessage[2m >[0m[1m throws BadRequestException when result accepted false and no error[0m [0m[2m[0.03ms[0m[2m][0m
[0m
src/app/model-store/model-store.service.test.ts:
[0m[32m✓[0m [0mModelStoreService[2m >[0m[1m get returns default model when no file[0m [0m[2m[[1m31.65ms[0m[2m][0m
[0m[32m✓[0m [0mModelStoreService[2m >[0m[1m get returns default when stored value is empty[0m [0m[2m[[1m30.50ms[0m[2m][0m
[0m[32m✓[0m [0mModelStoreService[2m >[0m[1m set then get returns value[0m [0m[2m[[1m31.75ms[0m[2m][0m
[0m[32m✓[0m [0mModelStoreService[2m >[0m[1m set trims value[0m [0m[2m[[1m31.67ms[0m[2m][0m
[0m[32m✓[0m [0mModelStoreService[2m >[0m[1m get uses cache after first read[0m [0m[2m[[1m31.85ms[0m[2m][0m
[0m[32m✓[0m [0mModelStoreService[2m >[0m[1m flush persists model.json immediately[0m [0m[2m[[1m32.74ms[0m[2m][0m
[0m[32m✓[0m [0mModelStoreService[2m >[0m[1m onModuleDestroy flushes pending model writes[0m [0m[2m[[1m32.46ms[0m[2m][0m
[0m
src/app/playgrounds/playgrounds.service.test.ts:
[33m[Nest] 77364  - [39m04/29/2026, 8:59:32 AM [33m   WARN[39m [38;5;3m[FibeSettings] [39m[33mFailed to parse .fibe/settings.json in /var/folders/zb/8rbxhnqj5nqcrlsvjxjs7hs40000gn/T/playground-a3CVxZ: JSON Parse error: Unexpected identifier "undefined"[39m
[0m[32m✓[0m [0mPlaygroundsService[2m >[0m[1m getTree returns empty array when directory is empty[0m [0m[2m[[1m168.75ms[0m[2m][0m
[33m[Nest] 77364  - [39m04/29/2026, 8:59:32 AM [33m   WARN[39m [38;5;3m[FibeSettings] [39m[33mFailed to parse .fibe/settings.json in /var/folders/zb/8rbxhnqj5nqcrlsvjxjs7hs40000gn/T/playground-q4Nom4: JSON Parse error: Unexpected identifier "undefined"[39m
[0m[32m✓[0m [0mPlaygroundsService[2m >[0m[1m getTree returns directories first then files, each sorted by name[0m [0m[2m[[1m208.35ms[0m[2m][0m
[33m[Nest] 77364  - [39m04/29/2026, 8:59:32 AM [33m   WARN[39m [38;5;3m[FibeSettings] [39m[33mFailed to parse .fibe/settings.json in /var/folders/zb/8rbxhnqj5nqcrlsvjxjs7hs40000gn/T/playground-S3Wo8r: JSON Parse error: Unexpected identifier "undefined"[39m
[0m[32m✓[0m [0mPlaygroundsService[2m >[0m[1m getTree skips dotfiles and dotdirs but shows .claude[0m [0m[2m[[1m200.77ms[0m[2m][0m
[33m[Nest] 77364  - [39m04/29/2026, 8:59:32 AM [33m   WARN[39m [38;5;3m[FibeSettings] [39m[33mFailed to parse .fibe/settings.json in /var/folders/zb/8rbxhnqj5nqcrlsvjxjs7hs40000gn/T/playground-JJQ9Ri: JSON Parse error: Unexpected identifier "undefined"[39m
[0m[32m✓[0m [0mPlaygroundsService[2m >[0m[1m getTree skips node_modules and .git[0m [0m[2m[[1m223.84ms[0m[2m][0m
[33m[Nest] 77364  - [39m04/29/2026, 8:59:33 AM [33m   WARN[39m [38;5;3m[FibeSettings] [39m[33mFailed to parse .fibe/settings.json in /var/folders/zb/8rbxhnqj5nqcrlsvjxjs7hs40000gn/T/playground-LHkrlH: JSON Parse error: Unexpected identifier "undefined"[39m
[0m[32m✓[0m [0mPlaygroundsService[2m >[0m[1m getTree returns nested structure with relative paths[0m [0m[2m[[1m201.89ms[0m[2m][0m
[33m[Nest] 77364  - [39m04/29/2026, 8:59:34 AM [33m   WARN[39m [38;5;3m[FibeSettings] [39m[33mFailed to parse .fibe/settings.json in /var/folders/zb/8rbxhnqj5nqcrlsvjxjs7hs40000gn/T/playground-KL6tfE: JSON Parse error: Unexpected identifier "undefined"[39m
[0m[32m✓[0m [0mPlaygroundsService[2m >[0m[1m getTree returns git status for files in a git repository[0m [0m[2m[[1m1566.74ms[0m[2m][0m
[33m[Nest] 77364  - [39m04/29/2026, 8:59:34 AM [33m   WARN[39m [38;5;3m[FibeSettings] [39m[33mFailed to parse .fibe/settings.json in /var/folders/zb/8rbxhnqj5nqcrlsvjxjs7hs40000gn/T/playground-BFjZ6X/nonexistent: JSON Parse error: Unexpected identifier "undefined"[39m
[0m[32m✓[0m [0mPlaygroundsService[2m >[0m[1m getTree returns empty array when directory does not exist[0m [0m[2m[1.04ms[0m[2m][0m
[33m[Nest] 77364  - [39m04/29/2026, 8:59:34 AM [33m   WARN[39m [38;5;3m[FibeSettings] [39m[33mFailed to parse .fibe/settings.json in /var/folders/zb/8rbxhnqj5nqcrlsvjxjs7hs40000gn/T/playground-jltX9P: JSON Parse error: Unexpected identifier "undefined"[39m
[0m[1m148 |[0m 
[0m[1m149 |[0m   test([0m[32m'getFileContent returns file content for valid path'[0m, [0m[35masync[0m () => {
[0m[1m150 |[0m     writeFileSync(join(playgroundDir, [0m[32m'readme.md'[0m), [0m[32m'# Hello\n'[0m)[0m[2m;[0m
[0m[1m151 |[0m     [0m[35mconst[0m config = { getPlaygroundsDir: () => playgroundDir }[0m[2m;[0m
[0m[1m152 |[0m     [0m[35mconst[0m service = [0m[35mnew[0m [0m[1mPlaygroundsService[0m(config [0m[34mas[0m [0m[34mnever[0m)[0m[2m;[0m
[0m[1m153 |[0m     expect([0m[35mawait[0m service[0m[3m[1m.getFileContent[0m([0m[32m'readme.md'[0m))[0m[3m[1m.toBe[0m([0m[32m'# Hello\n'[0m)[0m[2m;[0m
                                                            [31m[1m^[0m
[0m[31merror[0m[2m:[0m [1m[2mexpect([0m[31mreceived[0m[2m).[0mtoBe[2m([0m[32mexpected[0m[2m)[0m

Expected: [32m"# Hello\n"[0m
Received: [31mundefined[0m
[0m
[0m      [2mat [0m[0m[2m<anonymous>[0m[2m ([0m[0m[36m[2m/Users/vyakymenko/Documents/git/fibe third/fibe-agent/apps/api/[0m[36msrc/app/playgrounds/playgrounds.service.test.ts[0m[2m:[0m[33m153[0m[2m:[33m55[0m[2m)[0m
[0m[31m✗[0m [0mPlaygroundsService[2m >[0m[1m getFileContent returns file content for valid path[0m [0m[2m[0.83ms[0m[2m][0m
[33m[Nest] 77364  - [39m04/29/2026, 8:59:34 AM [33m   WARN[39m [38;5;3m[FibeSettings] [39m[33mFailed to parse .fibe/settings.json in /var/folders/zb/8rbxhnqj5nqcrlsvjxjs7hs40000gn/T/playground-neDwBa: JSON Parse error: Unexpected identifier "undefined"[39m
[0m[1m156 |[0m   test([0m[32m'getFileContent returns content for file in subdirectory'[0m, [0m[35masync[0m () => {
[0m[1m157 |[0m     mkdirSync(join(playgroundDir, [0m[32m'src'[0m))[0m[2m;[0m
[0m[1m158 |[0m     writeFileSync(join(playgroundDir, [0m[32m'src'[0m, [0m[32m'index.ts'[0m), [0m[32m'export {};'[0m)[0m[2m;[0m
[0m[1m159 |[0m     [0m[35mconst[0m config = { getPlaygroundsDir: () => playgroundDir }[0m[2m;[0m
[0m[1m160 |[0m     [0m[35mconst[0m service = [0m[35mnew[0m [0m[1mPlaygroundsService[0m(config [0m[34mas[0m [0m[34mnever[0m)[0m[2m;[0m
[0m[1m161 |[0m     expect([0m[35mawait[0m service[0m[3m[1m.getFileContent[0m([0m[32m'src/index.ts'[0m))[0m[3m[1m.toBe[0m([0m[32m'export {};'[0m)[0m[2m;[0m
                                                               [31m[1m^[0m
[0m[31merror[0m[2m:[0m [1m[2mexpect([0m[31mreceived[0m[2m).[0mtoBe[2m([0m[32mexpected[0m[2m)[0m

Expected: [32m"export {};"[0m
Received: [31mundefined[0m
[0m
[0m      [2mat [0m[0m[2m<anonymous>[0m[2m ([0m[0m[36m[2m/Users/vyakymenko/Documents/git/fibe third/fibe-agent/apps/api/[0m[36msrc/app/playgrounds/playgrounds.service.test.ts[0m[2m:[0m[33m161[0m[2m:[33m58[0m[2m)[0m
[0m[31m✗[0m [0mPlaygroundsService[2m >[0m[1m getFileContent returns content for file in subdirectory[0m [0m[2m[0.87ms[0m[2m][0m
[33m[Nest] 77364  - [39m04/29/2026, 8:59:34 AM [33m   WARN[39m [38;5;3m[FibeSettings] [39m[33mFailed to parse .fibe/settings.json in /var/folders/zb/8rbxhnqj5nqcrlsvjxjs7hs40000gn/T/playground-NMFJPt: JSON Parse error: Unexpected identifier "undefined"[39m
[0m[32m✓[0m [0mPlaygroundsService[2m >[0m[1m getFileContent throws NotFoundException for path traversal[0m [0m[2m[0.48ms[0m[2m][0m
[33m[Nest] 77364  - [39m04/29/2026, 8:59:34 AM [33m   WARN[39m [38;5;3m[FibeSettings] [39m[33mFailed to parse .fibe/settings.json in /var/folders/zb/8rbxhnqj5nqcrlsvjxjs7hs40000gn/T/playground-lRWML8: JSON Parse error: Unexpected identifier "undefined"[39m
[0m[32m✓[0m [0mPlaygroundsService[2m >[0m[1m getFileContent throws NotFoundException for directory[0m [0m[2m[0.31ms[0m[2m][0m
[33m[Nest] 77364  - [39m04/29/2026, 8:59:34 AM [33m   WARN[39m [38;5;3m[FibeSettings] [39m[33mFailed to parse .fibe/settings.json in /var/folders/zb/8rbxhnqj5nqcrlsvjxjs7hs40000gn/T/playground-c6bIAD: JSON Parse error: Unexpected identifier "undefined"[39m
[0m[32m✓[0m [0mPlaygroundsService[2m >[0m[1m getFileContent throws NotFoundException for missing file[0m [0m[2m[0.29ms[0m[2m][0m
[33m[Nest] 77364  - [39m04/29/2026, 8:59:34 AM [33m   WARN[39m [38;5;3m[FibeSettings] [39m[33mFailed to parse .fibe/settings.json in /var/folders/zb/8rbxhnqj5nqcrlsvjxjs7hs40000gn/T/playground-CM5Hce: JSON Parse error: Unexpected identifier "undefined"[39m
[33m[Nest] 77364  - [39m04/29/2026, 8:59:34 AM [33m   WARN[39m [38;5;3m[FibeSettings] [39m[33mFailed to parse .fibe/settings.json in /var/folders/zb/8rbxhnqj5nqcrlsvjxjs7hs40000gn/T/playground-CM5Hce: JSON Parse error: Unexpected identifier "undefined"[39m
[0m[32m✓[0m [0mPlaygroundsService[2m >[0m[1m getFileContent throws NotFoundException for path under node_modules or .git[0m [0m[2m[0.75ms[0m[2m][0m
[33m[Nest] 77364  - [39m04/29/2026, 8:59:34 AM [33m   WARN[39m [38;5;3m[FibeSettings] [39m[33mFailed to parse .fibe/settings.json in /var/folders/zb/8rbxhnqj5nqcrlsvjxjs7hs40000gn/T/playground-9k1jG0: JSON Parse error: Unexpected identifier "undefined"[39m
[0m[32m✓[0m [0mPlaygroundsService[2m >[0m[1m getFileContent throws NotFoundException when path has node_modules or .git as segment[0m [0m[2m[0.65ms[0m[2m][0m
[33m[Nest] 77364  - [39m04/29/2026, 8:59:34 AM [33m   WARN[39m [38;5;3m[FibeSettings] [39m[33mFailed to parse .fibe/settings.json in /var/folders/zb/8rbxhnqj5nqcrlsvjxjs7hs40000gn/T/playground-143xuH: JSON Parse error: Unexpected identifier "undefined"[39m
[0m[1m209 |[0m     [0m[35mconst[0m service = [0m[35mnew[0m [0m[1mPlaygroundsService[0m(config [0m[34mas[0m [0m[34mnever[0m)[0m[2m;[0m
[0m[1m210 |[0m     [0m[35mconst[0m result = [0m[35mawait[0m service[0m[3m[1m.getFolderFileContents[0m([0m[32m'docs'[0m)[0m[2m;[0m
[0m[1m211 |[0m     expect(result.length)[0m[3m[1m.toBe[0m([0m[33m3[0m)[0m[2m;[0m
[0m[1m212 |[0m     [0m[35mconst[0m paths = result[0m[3m[1m.map[0m((r) => r.path)[0m[3m[1m.sort[0m()[0m[2m;[0m
[0m[1m213 |[0m     expect(paths)[0m[3m[1m.toEqual[0m([[0m[32m'docs/a.md'[0m, [0m[32m'docs/b.md'[0m, [0m[32m'docs/nested/c.txt'[0m])[0m[2m;[0m
[0m[1m214 |[0m     expect(result[0m[3m[1m.find[0m((r) => r.path === [0m[32m'docs/a.md'[0m)?.content)[0m[3m[1m.toBe[0m([0m[32m'# A'[0m)[0m[2m;[0m
                                                                      [31m[1m^[0m
[0m[31merror[0m[2m:[0m [1m[2mexpect([0m[31mreceived[0m[2m).[0mtoBe[2m([0m[32mexpected[0m[2m)[0m

Expected: [32m"# A"[0m
Received: [31mundefined[0m
[0m
[0m      [2mat [0m[0m[2m<anonymous>[0m[2m ([0m[0m[36m[2m/Users/vyakymenko/Documents/git/fibe third/fibe-agent/apps/api/[0m[36msrc/app/playgrounds/playgrounds.service.test.ts[0m[2m:[0m[33m214[0m[2m:[33m65[0m[2m)[0m
[0m[31m✗[0m [0mPlaygroundsService[2m >[0m[1m getFolderFileContents returns all file contents under folder[0m [0m[2m[1.88ms[0m[2m][0m
[33m[Nest] 77364  - [39m04/29/2026, 8:59:34 AM [33m   WARN[39m [38;5;3m[FibeSettings] [39m[33mFailed to parse .fibe/settings.json in /var/folders/zb/8rbxhnqj5nqcrlsvjxjs7hs40000gn/T/playground-i2Cxl8: JSON Parse error: Unexpected identifier "undefined"[39m
[0m[32m✓[0m [0mPlaygroundsService[2m >[0m[1m getFolderFileContents skips node_modules and .git[0m [0m[2m[2.18ms[0m[2m][0m
[33m[Nest] 77364  - [39m04/29/2026, 8:59:34 AM [33m   WARN[39m [38;5;3m[FibeSettings] [39m[33mFailed to parse .fibe/settings.json in /var/folders/zb/8rbxhnqj5nqcrlsvjxjs7hs40000gn/T/playground-Nxm3pZ: JSON Parse error: Unexpected identifier "undefined"[39m
[33m[Nest] 77364  - [39m04/29/2026, 8:59:34 AM [33m   WARN[39m [38;5;3m[FibeSettings] [39m[33mFailed to parse .fibe/settings.json in /var/folders/zb/8rbxhnqj5nqcrlsvjxjs7hs40000gn/T/playground-Nxm3pZ: JSON Parse error: Unexpected identifier "undefined"[39m
[0m[32m✓[0m [0mPlaygroundsService[2m >[0m[1m getFolderFileContents throws NotFoundException for node_modules or .git[0m [0m[2m[0.84ms[0m[2m][0m
[33m[Nest] 77364  - [39m04/29/2026, 8:59:34 AM [33m   WARN[39m [38;5;3m[FibeSettings] [39m[33mFailed to parse .fibe/settings.json in /var/folders/zb/8rbxhnqj5nqcrlsvjxjs7hs40000gn/T/playground-D3MJ8j: JSON Parse error: Unexpected identifier "undefined"[39m
[0m[32m✓[0m [0mPlaygroundsService[2m >[0m[1m getFolderFileContents throws NotFoundException for file path[0m [0m[2m[0.44ms[0m[2m][0m
[33m[Nest] 77364  - [39m04/29/2026, 8:59:34 AM [33m   WARN[39m [38;5;3m[FibeSettings] [39m[33mFailed to parse .fibe/settings.json in /var/folders/zb/8rbxhnqj5nqcrlsvjxjs7hs40000gn/T/playground-aNqIHU: JSON Parse error: Unexpected identifier "undefined"[39m
[0m[32m✓[0m [0mPlaygroundsService[2m >[0m[1m getTree handles symlink to file correctly[0m [0m[2m[[1m184.44ms[0m[2m][0m
[33m[Nest] 77364  - [39m04/29/2026, 8:59:35 AM [33m   WARN[39m [38;5;3m[FibeSettings] [39m[33mFailed to parse .fibe/settings.json in /var/folders/zb/8rbxhnqj5nqcrlsvjxjs7hs40000gn/T/playground-CFEc9B: JSON Parse error: Unexpected identifier "undefined"[39m
[0m[32m✓[0m [0mPlaygroundsService[2m >[0m[1m countStats follows symlinks to files[0m [0m[2m[2.23ms[0m[2m][0m
[33m[Nest] 77364  - [39m04/29/2026, 8:59:35 AM [33m   WARN[39m [38;5;3m[FibeSettings] [39m[33mFailed to parse .fibe/settings.json in /var/folders/zb/8rbxhnqj5nqcrlsvjxjs7hs40000gn/T/playground-oKOXXJ: JSON Parse error: Unexpected identifier "undefined"[39m
[0m[32m✓[0m [0mPlaygroundsService[2m >[0m[1m getTree does not crash on broken symlinks[0m [0m[2m[[1m197.40ms[0m[2m][0m
[33m[Nest] 77364  - [39m04/29/2026, 8:59:35 AM [33m   WARN[39m [38;5;3m[FibeSettings] [39m[33mFailed to parse .fibe/settings.json in /var/folders/zb/8rbxhnqj5nqcrlsvjxjs7hs40000gn/T/playground-nZuTWb: JSON Parse error: Unexpected identifier "undefined"[39m
[0m[32m✓[0m [0mPlaygroundsService[2m >[0m[1m getTree with symlink cycle does not hang or crash (BUG: no cycle detection)[0m [0m[2m[[1m202.13ms[0m[2m][0m
[33m[Nest] 77364  - [39m04/29/2026, 8:59:35 AM [33m   WARN[39m [38;5;3m[FibeSettings] [39m[33mFailed to parse .fibe/settings.json in /var/folders/zb/8rbxhnqj5nqcrlsvjxjs7hs40000gn/T/playground-UZdvnZ: JSON Parse error: Unexpected identifier "undefined"[39m
[0m[32m✓[0m [0mPlaygroundsService[2m >[0m[1m getFileContent rejects paths with null bytes[0m [0m[2m[0.49ms[0m[2m][0m
[33m[Nest] 77364  - [39m04/29/2026, 8:59:35 AM [33m   WARN[39m [38;5;3m[FibeSettings] [39m[33mFailed to parse .fibe/settings.json in /var/folders/zb/8rbxhnqj5nqcrlsvjxjs7hs40000gn/T/playground-layVSf: JSON Parse error: Unexpected identifier "undefined"[39m
[0m[32m✓[0m [0mPlaygroundsService[2m >[0m[1m saveFileContent rejects path traversal[0m [0m[2m[0.57ms[0m[2m][0m
[33m[Nest] 77364  - [39m04/29/2026, 8:59:35 AM [33m   WARN[39m [38;5;3m[FibeSettings] [39m[33mFailed to parse .fibe/settings.json in /var/folders/zb/8rbxhnqj5nqcrlsvjxjs7hs40000gn/T/playground-i1moY1: JSON Parse error: Unexpected identifier "undefined"[39m
[0m[32m✓[0m [0mPlaygroundsService[2m >[0m[1m saveFileContent creates parent directories[0m [0m[2m[1.06ms[0m[2m][0m
[33m[Nest] 77364  - [39m04/29/2026, 8:59:35 AM [33m   WARN[39m [38;5;3m[FibeSettings] [39m[33mFailed to parse .fibe/settings.json in /var/folders/zb/8rbxhnqj5nqcrlsvjxjs7hs40000gn/T/playground-N13Pkw: JSON Parse error: Unexpected identifier "undefined"[39m
[0m[32m✓[0m [0mPlaygroundsService[2m >[0m[1m collectFileContents handles deeply nested directories without stack overflow[0m [0m[2m[4.35ms[0m[2m][0m
[0m[32m✓[0m [0mPlaygroundsService[2m >[0m[1m getUrls uses local-playgrounds urls when a current link exists[0m [0m[2m[0.68ms[0m[2m][0m
[0m[32m✓[0m [0mPlaygroundsService[2m >[0m[1m getUrls lists playgrounds and combines urls when no current link exists[0m [0m[2m[0.27ms[0m[2m][0m
[0m[32m✓[0m [0mPlaygroundsService[2m >[0m[1m getUrls returns empty array on local-playgrounds failure[0m [0m[2m[0.53ms[0m[2m][0m
[0m
src/app/playgrounds/playroom-browser.service.test.ts:
[0m[32m✓[0m [0mPlayroomBrowserService[2m > [0mbrowse()[2m >[0m[1m returns empty array when relPath is provided[0m [0m[2m[0.97ms[0m[2m][0m
[0m[32m✓[0m [0mPlayroomBrowserService[2m > [0mbrowse()[2m >[0m[1m parses stdout into BrowseEntry array[0m [0m[2m[0.42ms[0m[2m][0m
[0m[32m✓[0m [0mPlayroomBrowserService[2m > [0mbrowse()[2m >[0m[1m throws NotFoundException on execution failure[0m [0m[2m[0.46ms[0m[2m][0m
[0m[32m✓[0m [0mPlayroomBrowserService[2m > [0mlinkPlayground()[2m >[0m[1m throws BadRequestException for empty path[0m [0m[2m[0.65ms[0m[2m][0m
[0m[32m✓[0m [0mPlayroomBrowserService[2m > [0mlinkPlayground()[2m >[0m[1m throws BadRequestException for path traversal attempts[0m [0m[2m[0.34ms[0m[2m][0m
[0m[32m✓[0m [0mPlayroomBrowserService[2m > [0mlinkPlayground()[2m >[0m[1m throws NotFoundException if target does not exist[0m [0m[2m[0.50ms[0m[2m][0m
[0m[32m✓[0m [0mPlayroomBrowserService[2m > [0mlinkPlayground()[2m >[0m[1m runs fibe local-playgrounds link when target exists[0m [0m[2m[0.79ms[0m[2m][0m
[0m[32m✓[0m [0mPlayroomBrowserService[2m > [0mlinkPlayground()[2m >[0m[1m throws BadRequestException if scripting fails[0m [0m[2m[1.64ms[0m[2m][0m
[0m[1m150 |[0m   describe([0m[32m'getCurrentLink()'[0m, () => {
[0m[1m151 |[0m     test([0m[32m'returns content of .current_playground'[0m, [0m[35masync[0m () => {
[0m[1m152 |[0m       writeFileSync(join(playgroundDir, [0m[32m'.current_playground'[0m), [0m[32m'my-project\n'[0m)[0m[2m;[0m
[0m[1m153 |[0m 
[0m[1m154 |[0m       [0m[35mconst[0m link = [0m[35mawait[0m service[0m[3m[1m.getCurrentLink[0m()[0m[2m;[0m
[0m[1m155 |[0m       expect(link)[0m[3m[1m.toBe[0m([0m[32m'my-project'[0m)[0m[2m;[0m
                         [31m[1m^[0m
[0m[31merror[0m[2m:[0m [1m[2mexpect([0m[31mreceived[0m[2m).[0mtoBe[2m([0m[32mexpected[0m[2m)[0m

Expected: [32m"my-project"[0m
Received: [31mnull[0m
[0m
[0m      [2mat [0m[0m[2m<anonymous>[0m[2m ([0m[0m[36m[2m/Users/vyakymenko/Documents/git/fibe third/fibe-agent/apps/api/[0m[36msrc/app/playgrounds/playroom-browser.service.test.ts[0m[2m:[0m[33m155[0m[2m:[33m20[0m[2m)[0m
[0m[31m✗[0m [0mPlayroomBrowserService[2m > [0mgetCurrentLink()[2m >[0m[1m returns content of .current_playground[0m [0m[2m[0.84ms[0m[2m][0m
[0m[32m✓[0m [0mPlayroomBrowserService[2m > [0mgetCurrentLink()[2m >[0m[1m returns null if .current_playground does not exist[0m [0m[2m[0.31ms[0m[2m][0m
[0m
src/app/persistence/sequential-json-writer.test.ts:
[0m[32m✓[0m [0mSequentialJsonWriter[2m >[0m[1m writes snapshot to file as JSON[0m [0m[2m[0.77ms[0m[2m][0m
[0m[32m✓[0m [0mSequentialJsonWriter[2m >[0m[1m serializes rapid concurrent writes in order[0m [0m[2m[1.30ms[0m[2m][0m
[0m[31mSequentialJsonWriter failed: [0m[31mENOENT[0m[2m:[0m [1mno such file or directory, open '/nonexistent/dir/.file.json.77364.1777453175535.1.tmp'[0m
    path[0m[2m:[0m [0m[32m"/nonexistent/dir/.file.json.77364.1777453175535.1.tmp"[0m[0m[2m,[0m
 syscall[0m[2m:[0m [0m[32m"open"[0m[0m[2m,[0m
   errno[0m[2m:[0m [0m[33m-2[0m[0m[2m,[0m
    code[0m[2m:[0m [32m"ENOENT"[0m

[0m
[0m[32m✓[0m [0mSequentialJsonWriter[2m >[0m[1m catches write errors without breaking the chain[0m [0m[2m[1.39ms[0m[2m][0m
[0m[32m✓[0m [0mSequentialJsonWriter[2m >[0m[1m writes encrypted data when encryption key is provided[0m [0m[2m[0.69ms[0m[2m][0m
[0m[31mSequentialJsonWriter failed: [0m[1m58 |[0m     expect(content).not[0m[3m[1m.toContain[0m([0m[32m'secret'[0m)[0m[2m;[0m
[0m[1m59 |[0m   })[0m[2m;[0m
[0m[1m60 |[0m 
[0m[1m61 |[0m   test([0m[32m'handles snapshot function that throws'[0m, [0m[35masync[0m () => {
[0m[1m62 |[0m     [0m[35mconst[0m writer = [0m[35mnew[0m [0m[1mSequentialJsonWriter[0m(testFile, () => {
[0m[1m63 |[0m       [0m[35mthrow[0m [0m[35mnew[0m [0m[1mError[0m([0m[32m'snapshot failed'[0m)[0m[2m;[0m
                     [31m[1m^[0m
[0m[31merror[0m[2m:[0m [1msnapshot failed[0m
[0m      [2mat [0m[0m[2m<anonymous>[0m[2m ([0m[0m[36m[2m/Users/vyakymenko/Documents/git/fibe third/fibe-agent/apps/api/[0m[36msrc/app/persistence/sequential-json-writer.test.ts[0m[2m:[0m[33m63[0m[2m:[33m17[0m[2m)[0m
[0m      [2mat [0m[0m[1m[3mwriteSnapshot[0m[2m ([0m[0m[36m[2m/Users/vyakymenko/Documents/git/fibe third/fibe-agent/apps/api/[0m[36msrc/app/persistence/sequential-json-writer.ts[0m[2m:[0m[33m33[0m[2m:[33m38[0m[2m)[0m
[0m
[0m[32m✓[0m [0mSequentialJsonWriter[2m >[0m[1m handles snapshot function that throws[0m [0m[2m[0.33ms[0m[2m][0m
[0m[31mSequentialJsonWriter failed: [0m[1m71 |[0m 
[0m[1m72 |[0m   test([0m[32m'chain recovers after a snapshot failure'[0m, [0m[35masync[0m () => {
[0m[1m73 |[0m     [0m[35mlet[0m shouldFail = [0m[33mtrue[0m[0m[2m;[0m
[0m[1m74 |[0m     [0m[35mconst[0m writer = [0m[35mnew[0m [0m[1mSequentialJsonWriter[0m(testFile, () => {
[0m[1m75 |[0m       [0m[35mif[0m (shouldFail) {
[0m[1m76 |[0m         [0m[35mthrow[0m [0m[35mnew[0m [0m[1mError[0m([0m[32m'snapshot failed'[0m)[0m[2m;[0m
                       [31m[1m^[0m
[0m[31merror[0m[2m:[0m [1msnapshot failed[0m
[0m      [2mat [0m[0m[2m<anonymous>[0m[2m ([0m[0m[36m[2m/Users/vyakymenko/Documents/git/fibe third/fibe-agent/apps/api/[0m[36msrc/app/persistence/sequential-json-writer.test.ts[0m[2m:[0m[33m76[0m[2m:[33m19[0m[2m)[0m
[0m      [2mat [0m[0m[1m[3mwriteSnapshot[0m[2m ([0m[0m[36m[2m/Users/vyakymenko/Documents/git/fibe third/fibe-agent/apps/api/[0m[36msrc/app/persistence/sequential-json-writer.ts[0m[2m:[0m[33m33[0m[2m:[33m38[0m[2m)[0m
[0m
[0m[32m✓[0m [0mSequentialJsonWriter[2m >[0m[1m chain recovers after a snapshot failure[0m [0m[2m[0.80ms[0m[2m][0m
[0m[32m✓[0m [0mSequentialJsonWriter[2m >[0m[1m handles very large data without corruption[0m [0m[2m[1.40ms[0m[2m][0m
[0m[32m✓[0m [0mSequentialJsonWriter[2m >[0m[1m atomic writes do not leave temporary files after success[0m [0m[2m[1.56ms[0m[2m][0m
[0m[31mSequentialJsonWriter failed: [0m[1m116 |[0m   test([0m[32m'failed write leaves previous file content intact'[0m, [0m[35masync[0m () => {
[0m[1m117 |[0m     [0m[35mconst[0m goodWriter = [0m[35mnew[0m [0m[1mSequentialJsonWriter[0m(testFile, () => ({ version: [0m[32m'old'[0m }))[0m[2m;[0m
[0m[1m118 |[0m     [0m[35mawait[0m goodWriter[0m[3m[1m.schedule[0m()[0m[2m;[0m
[0m[1m119 |[0m 
[0m[1m120 |[0m     [0m[35mconst[0m failingWriter = [0m[35mnew[0m [0m[1mSequentialJsonWriter[0m(testFile, () => {
[0m[1m121 |[0m       [0m[35mthrow[0m [0m[35mnew[0m [0m[1mError[0m([0m[32m'snapshot failed'[0m)[0m[2m;[0m
                      [31m[1m^[0m
[0m[31merror[0m[2m:[0m [1msnapshot failed[0m
[0m      [2mat [0m[0m[2m<anonymous>[0m[2m ([0m[0m[36m[2m/Users/vyakymenko/Documents/git/fibe third/fibe-agent/apps/api/[0m[36msrc/app/persistence/sequential-json-writer.test.ts[0m[2m:[0m[33m121[0m[2m:[33m17[0m[2m)[0m
[0m      [2mat [0m[0m[1m[3mwriteSnapshot[0m[2m ([0m[0m[36m[2m/Users/vyakymenko/Documents/git/fibe third/fibe-agent/apps/api/[0m[36msrc/app/persistence/sequential-json-writer.ts[0m[2m:[0m[33m33[0m[2m:[33m38[0m[2m)[0m
[0m
[0m[32m✓[0m [0mSequentialJsonWriter[2m >[0m[1m failed write leaves previous file content intact[0m [0m[2m[0.93ms[0m[2m][0m
[0m
src/app/init-status/init-status.controller.test.ts:
[0m[32m✓[0m [0mInitStatusController — buildInitStatusResponse[2m >[0m[1m returns disabled when no script[0m [0m[2m[0.11ms[0m[2m][0m
[0m[32m✓[0m [0mInitStatusController — buildInitStatusResponse[2m >[0m[1m returns disabled when script is empty string[0m [0m[2m[0.02ms[0m[2m][0m
[0m[32m✓[0m [0mInitStatusController — buildInitStatusResponse[2m >[0m[1m returns pending when script set but no state file[0m [0m[2m[0.02ms[0m[2m][0m
[0m[32m✓[0m [0mInitStatusController — buildInitStatusResponse[2m >[0m[1m returns running when state file says running[0m
[0m[32m✓[0m [0mInitStatusController — buildInitStatusResponse[2m >[0m[1m returns only state when state file has no optional fields[0m [0m[2m[0.04ms[0m[2m][0m
[0m[32m✓[0m [0mInitStatusController — buildInitStatusResponse[2m >[0m[1m returns done with output and finishedAt when state file says done[0m [0m[2m[0.07ms[0m[2m][0m
[0m[32m✓[0m [0mInitStatusController — buildInitStatusResponse[2m >[0m[1m returns failed with error when state file says failed[0m
[0m[32m✓[0m [0mInitStatusController — buildInitStatusResponse[2m >[0m[1m includes systemPrompt in response if provided[0m [0m[2m[0.04ms[0m[2m][0m
[0m
src/app/steering/steering.service.test.ts:
[32m[Nest] 77364  - [39m04/29/2026, 8:59:35 AM [32m    LOG[39m [38;5;3m[SteeringService] [39m[32mCreated STEERING.md at /var/folders/zb/8rbxhnqj5nqcrlsvjxjs7hs40000gn/T/steering-Jkg4Sk/STEERING.md[39m
[0m[32m✓[0m [0mSteeringService[2m >[0m[1m creates STEERING.md on init[0m [0m[2m[1.27ms[0m[2m][0m
[32m[Nest] 77364  - [39m04/29/2026, 8:59:35 AM [32m    LOG[39m [38;5;3m[SteeringService] [39m[32mCreated STEERING.md at /var/folders/zb/8rbxhnqj5nqcrlsvjxjs7hs40000gn/T/steering-YTPJit/STEERING.md[39m
[0m[1m77 |[0m         // File may have been deleted externally — recreate on write
[0m[1m78 |[0m       }
[0m[1m79 |[0m 
[0m[1m80 |[0m       [0m[35mconst[0m formatted = [0m[32m`- [[0m${entry.timestamp}[0m[32m] [0m${entry.text}[0m[32m\n`[0m[0m[2m;[0m
[0m[1m81 |[0m       [0m[35mlet[0m newContent = [0m[32m''[0m[0m[2m;[0m
[0m[1m82 |[0m       [0m[35mif[0m (content[0m[3m[1m.trim[0m().length === [0m[33m0[0m) {
               [31m[1m^[0m
[0m[31mTypeError[0m[2m:[0m [1mundefined is not an object (evaluating 'content.trim')[0m
[0m      [2mat [0m[0m[2m<anonymous>[0m[2m ([0m[0m[36m[2m/Users/vyakymenko/Documents/git/fibe third/fibe-agent/apps/api/[0m[36msrc/app/steering/steering.service.ts[0m[2m:[0m[33m82[0m[2m:[33m11[0m[2m)[0m
[0m      [2mat [0m[0m[1m[3masync withLock[0m[2m ([0m[0m[36m[2m/Users/vyakymenko/Documents/git/fibe third/fibe-agent/apps/api/[0m[36msrc/app/steering/steering.service.ts[0m[2m:[0m[33m220[0m[2m:[33m20[0m[2m)[0m
[0m      [2mat [0m[0m[1m[3masync enqueue[0m[2m ([0m[0m[36m[2m/Users/vyakymenko/Documents/git/fibe third/fibe-agent/apps/api/[0m[36msrc/app/steering/steering.service.ts[0m[2m:[0m[33m72[0m[2m:[33m16[0m[2m)[0m
[0m      [2mat [0m[0m[2masync <anonymous>[0m[2m ([0m[0m[36m[2m/Users/vyakymenko/Documents/git/fibe third/fibe-agent/apps/api/[0m[36msrc/app/steering/steering.service.test.ts[0m[2m:[0m[33m29[0m[2m:[33m19[0m[2m)[0m
[0m[31m✗[0m [0mSteeringService[2m >[0m[1m enqueue adds a message and writes STEERING.md[0m [0m[2m[1.14ms[0m[2m][0m
[32m[Nest] 77364  - [39m04/29/2026, 8:59:35 AM [32m    LOG[39m [38;5;3m[SteeringService] [39m[32mCreated STEERING.md at /var/folders/zb/8rbxhnqj5nqcrlsvjxjs7hs40000gn/T/steering-gDl5SI/STEERING.md[39m
[0m[1m77 |[0m         // File may have been deleted externally — recreate on write
[0m[1m78 |[0m       }
[0m[1m79 |[0m 
[0m[1m80 |[0m       [0m[35mconst[0m formatted = [0m[32m`- [[0m${entry.timestamp}[0m[32m] [0m${entry.text}[0m[32m\n`[0m[0m[2m;[0m
[0m[1m81 |[0m       [0m[35mlet[0m newContent = [0m[32m''[0m[0m[2m;[0m
[0m[1m82 |[0m       [0m[35mif[0m (content[0m[3m[1m.trim[0m().length === [0m[33m0[0m) {
               [31m[1m^[0m
[0m[31mTypeError[0m[2m:[0m [1mundefined is not an object (evaluating 'content.trim')[0m
[0m      [2mat [0m[0m[2m<anonymous>[0m[2m ([0m[0m[36m[2m/Users/vyakymenko/Documents/git/fibe third/fibe-agent/apps/api/[0m[36msrc/app/steering/steering.service.ts[0m[2m:[0m[33m82[0m[2m:[33m11[0m[2m)[0m
[0m      [2mat [0m[0m[1m[3masync withLock[0m[2m ([0m[0m[36m[2m/Users/vyakymenko/Documents/git/fibe third/fibe-agent/apps/api/[0m[36msrc/app/steering/steering.service.ts[0m[2m:[0m[33m220[0m[2m:[33m20[0m[2m)[0m
[0m      [2mat [0m[0m[1m[3masync enqueue[0m[2m ([0m[0m[36m[2m/Users/vyakymenko/Documents/git/fibe third/fibe-agent/apps/api/[0m[36msrc/app/steering/steering.service.ts[0m[2m:[0m[33m72[0m[2m:[33m16[0m[2m)[0m
[0m      [2mat [0m[0m[2masync <anonymous>[0m[2m ([0m[0m[36m[2m/Users/vyakymenko/Documents/git/fibe third/fibe-agent/apps/api/[0m[36msrc/app/steering/steering.service.test.ts[0m[2m:[0m[33m38[0m[2m:[33m19[0m[2m)[0m
[0m[31m✗[0m [0mSteeringService[2m >[0m[1m enqueue multiple messages preserves order[0m [0m[2m[0.66ms[0m[2m][0m
[32m[Nest] 77364  - [39m04/29/2026, 8:59:35 AM [32m    LOG[39m [38;5;3m[SteeringService] [39m[32mCreated STEERING.md at /var/folders/zb/8rbxhnqj5nqcrlsvjxjs7hs40000gn/T/steering-mlbvwf/STEERING.md[39m
[0m[1m77 |[0m         // File may have been deleted externally — recreate on write
[0m[1m78 |[0m       }
[0m[1m79 |[0m 
[0m[1m80 |[0m       [0m[35mconst[0m formatted = [0m[32m`- [[0m${entry.timestamp}[0m[32m] [0m${entry.text}[0m[32m\n`[0m[0m[2m;[0m
[0m[1m81 |[0m       [0m[35mlet[0m newContent = [0m[32m''[0m[0m[2m;[0m
[0m[1m82 |[0m       [0m[35mif[0m (content[0m[3m[1m.trim[0m().length === [0m[33m0[0m) {
               [31m[1m^[0m
[0m[31mTypeError[0m[2m:[0m [1mundefined is not an object (evaluating 'content.trim')[0m
[0m      [2mat [0m[0m[2m<anonymous>[0m[2m ([0m[0m[36m[2m/Users/vyakymenko/Documents/git/fibe third/fibe-agent/apps/api/[0m[36msrc/app/steering/steering.service.ts[0m[2m:[0m[33m82[0m[2m:[33m11[0m[2m)[0m
[0m      [2mat [0m[0m[1m[3masync withLock[0m[2m ([0m[0m[36m[2m/Users/vyakymenko/Documents/git/fibe third/fibe-agent/apps/api/[0m[36msrc/app/steering/steering.service.ts[0m[2m:[0m[33m220[0m[2m:[33m20[0m[2m)[0m
[0m      [2mat [0m[0m[1m[3masync enqueue[0m[2m ([0m[0m[36m[2m/Users/vyakymenko/Documents/git/fibe third/fibe-agent/apps/api/[0m[36msrc/app/steering/steering.service.ts[0m[2m:[0m[33m72[0m[2m:[33m16[0m[2m)[0m
[0m      [2mat [0m[0m[2masync <anonymous>[0m[2m ([0m[0m[36m[2m/Users/vyakymenko/Documents/git/fibe third/fibe-agent/apps/api/[0m[36msrc/app/steering/steering.service.test.ts[0m[2m:[0m[33m52[0m[2m:[33m19[0m[2m)[0m
[0m[31m✗[0m [0mSteeringService[2m >[0m[1m resetQueue clears STEERING.md and count[0m [0m[2m[0.63ms[0m[2m][0m
[32m[Nest] 77364  - [39m04/29/2026, 8:59:35 AM [32m    LOG[39m [38;5;3m[SteeringService] [39m[32mCreated STEERING.md at /var/folders/zb/8rbxhnqj5nqcrlsvjxjs7hs40000gn/T/steering-zpKhzO/STEERING.md[39m
[0m[32m✓[0m [0mSteeringService[2m >[0m[1m resetQueue with empty queue is a no-op[0m [0m[2m[1.58ms[0m[2m][0m
[32m[Nest] 77364  - [39m04/29/2026, 8:59:35 AM [32m    LOG[39m [38;5;3m[SteeringService] [39m[32mCreated STEERING.md at /var/folders/zb/8rbxhnqj5nqcrlsvjxjs7hs40000gn/T/steering-qBZa1C/STEERING.md[39m
[0m[32m✓[0m [0mSteeringService[2m >[0m[1m exposes steering file path as absolute[0m [0m[2m[0.63ms[0m[2m][0m
[32m[Nest] 77364  - [39m04/29/2026, 8:59:35 AM [32m    LOG[39m [38;5;3m[SteeringService] [39m[32mCreated STEERING.md at /var/folders/zb/8rbxhnqj5nqcrlsvjxjs7hs40000gn/T/steering-FHQc2S/STEERING.md[39m
[0m[1m77 |[0m         // File may have been deleted externally — recreate on write
[0m[1m78 |[0m       }
[0m[1m79 |[0m 
[0m[1m80 |[0m       [0m[35mconst[0m formatted = [0m[32m`- [[0m${entry.timestamp}[0m[32m] [0m${entry.text}[0m[32m\n`[0m[0m[2m;[0m
[0m[1m81 |[0m       [0m[35mlet[0m newContent = [0m[32m''[0m[0m[2m;[0m
[0m[1m82 |[0m       [0m[35mif[0m (content[0m[3m[1m.trim[0m().length === [0m[33m0[0m) {
               [31m[1m^[0m
[0m[31mTypeError[0m[2m:[0m [1mundefined is not an object (evaluating 'content.trim')[0m
[0m      [2mat [0m[0m[2m<anonymous>[0m[2m ([0m[0m[36m[2m/Users/vyakymenko/Documents/git/fibe third/fibe-agent/apps/api/[0m[36msrc/app/steering/steering.service.ts[0m[2m:[0m[33m82[0m[2m:[33m11[0m[2m)[0m
[0m      [2mat [0m[0m[1m[3masync withLock[0m[2m ([0m[0m[36m[2m/Users/vyakymenko/Documents/git/fibe third/fibe-agent/apps/api/[0m[36msrc/app/steering/steering.service.ts[0m[2m:[0m[33m220[0m[2m:[33m20[0m[2m)[0m
[0m      [2mat [0m[0m[1m[3masync enqueue[0m[2m ([0m[0m[36m[2m/Users/vyakymenko/Documents/git/fibe third/fibe-agent/apps/api/[0m[36msrc/app/steering/steering.service.ts[0m[2m:[0m[33m72[0m[2m:[33m16[0m[2m)[0m
[0m      [2mat [0m[0m[2masync <anonymous>[0m[2m ([0m[0m[36m[2m/Users/vyakymenko/Documents/git/fibe third/fibe-agent/apps/api/[0m[36msrc/app/steering/steering.service.test.ts[0m[2m:[0m[33m78[0m[2m:[33m19[0m[2m)[0m
[0m[31m✗[0m [0mSteeringService[2m >[0m[1m fs.watch updates count when file is changed externally[0m [0m[2m[0.83ms[0m[2m][0m
[32m[Nest] 77364  - [39m04/29/2026, 8:59:35 AM [32m    LOG[39m [38;5;3m[SteeringService] [39m[32mCreated STEERING.md at /var/folders/zb/8rbxhnqj5nqcrlsvjxjs7hs40000gn/T/steering-isXspk/STEERING.md[39m
[0m[32m✓[0m [0mSteeringService[2m >[0m[1m enqueue rejects empty text[0m [0m[2m[0.46ms[0m[2m][0m
[32m[Nest] 77364  - [39m04/29/2026, 8:59:35 AM [32m    LOG[39m [38;5;3m[SteeringService] [39m[32mCreated STEERING.md at /var/folders/zb/8rbxhnqj5nqcrlsvjxjs7hs40000gn/T/steering-slTQnT/STEERING.md[39m
[0m[1m77 |[0m         // File may have been deleted externally — recreate on write
[0m[1m78 |[0m       }
[0m[1m79 |[0m 
[0m[1m80 |[0m       [0m[35mconst[0m formatted = [0m[32m`- [[0m${entry.timestamp}[0m[32m] [0m${entry.text}[0m[32m\n`[0m[0m[2m;[0m
[0m[1m81 |[0m       [0m[35mlet[0m newContent = [0m[32m''[0m[0m[2m;[0m
[0m[1m82 |[0m       [0m[35mif[0m (content[0m[3m[1m.trim[0m().length === [0m[33m0[0m) {
               [31m[1m^[0m
[0m[31mTypeError[0m[2m:[0m [1mundefined is not an object (evaluating 'content.trim')[0m
[0m      [2mat [0m[0m[2m<anonymous>[0m[2m ([0m[0m[36m[2m/Users/vyakymenko/Documents/git/fibe third/fibe-agent/apps/api/[0m[36msrc/app/steering/steering.service.ts[0m[2m:[0m[33m82[0m[2m:[33m11[0m[2m)[0m
[0m      [2mat [0m[0m[1m[3masync withLock[0m[2m ([0m[0m[36m[2m/Users/vyakymenko/Documents/git/fibe third/fibe-agent/apps/api/[0m[36msrc/app/steering/steering.service.ts[0m[2m:[0m[33m220[0m[2m:[33m20[0m[2m)[0m
[0m      [2mat [0m[0m[1m[3masync enqueue[0m[2m ([0m[0m[36m[2m/Users/vyakymenko/Documents/git/fibe third/fibe-agent/apps/api/[0m[36msrc/app/steering/steering.service.ts[0m[2m:[0m[33m72[0m[2m:[33m16[0m[2m)[0m
[0m      [2mat [0m[0m[2masync <anonymous>[0m[2m ([0m[0m[36m[2m/Users/vyakymenko/Documents/git/fibe third/fibe-agent/apps/api/[0m[36msrc/app/steering/steering.service.test.ts[0m[2m:[0m[33m116[0m[2m:[33m19[0m[2m)[0m
[0m[31m✗[0m [0mSteeringService[2m >[0m[1m enqueue trims whitespace from text[0m [0m[2m[0.59ms[0m[2m][0m
[32m[Nest] 77364  - [39m04/29/2026, 8:59:35 AM [32m    LOG[39m [38;5;3m[SteeringService] [39m[32mCreated STEERING.md at /var/folders/zb/8rbxhnqj5nqcrlsvjxjs7hs40000gn/T/steering-w43T9L/STEERING.md[39m
[33m[Nest] 77364  - [39m04/29/2026, 8:59:35 AM [33m   WARN[39m [38;5;3m[SteeringService] [39m[33mCleaned up stale STEERING.md lock (age: 60s)[39m
[0m[1m77 |[0m         // File may have been deleted externally — recreate on write
[0m[1m78 |[0m       }
[0m[1m79 |[0m 
[0m[1m80 |[0m       [0m[35mconst[0m formatted = [0m[32m`- [[0m${entry.timestamp}[0m[32m] [0m${entry.text}[0m[32m\n`[0m[0m[2m;[0m
[0m[1m81 |[0m       [0m[35mlet[0m newContent = [0m[32m''[0m[0m[2m;[0m
[0m[1m82 |[0m       [0m[35mif[0m (content[0m[3m[1m.trim[0m().length === [0m[33m0[0m) {
               [31m[1m^[0m
[0m[31mTypeError[0m[2m:[0m [1mundefined is not an object (evaluating 'content.trim')[0m
[0m      [2mat [0m[0m[2m<anonymous>[0m[2m ([0m[0m[36m[2m/Users/vyakymenko/Documents/git/fibe third/fibe-agent/apps/api/[0m[36msrc/app/steering/steering.service.ts[0m[2m:[0m[33m82[0m[2m:[33m11[0m[2m)[0m
[0m      [2mat [0m[0m[1m[3masync withLock[0m[2m ([0m[0m[36m[2m/Users/vyakymenko/Documents/git/fibe third/fibe-agent/apps/api/[0m[36msrc/app/steering/steering.service.ts[0m[2m:[0m[33m220[0m[2m:[33m20[0m[2m)[0m
[0m      [2mat [0m[0m[1m[3masync enqueue[0m[2m ([0m[0m[36m[2m/Users/vyakymenko/Documents/git/fibe third/fibe-agent/apps/api/[0m[36msrc/app/steering/steering.service.ts[0m[2m:[0m[33m72[0m[2m:[33m16[0m[2m)[0m
[0m      [2mat [0m[0m[2masync <anonymous>[0m[2m ([0m[0m[36m[2m/Users/vyakymenko/Documents/git/fibe third/fibe-agent/apps/api/[0m[36msrc/app/steering/steering.service.test.ts[0m[2m:[0m[33m132[0m[2m:[33m19[0m[2m)[0m
[0m[31m✗[0m [0mSteeringService[2m >[0m[1m stale lock is cleaned up automatically[0m [0m[2m[0.77ms[0m[2m][0m
[32m[Nest] 77364  - [39m04/29/2026, 8:59:35 AM [32m    LOG[39m [38;5;3m[SteeringService] [39m[32mCreated STEERING.md at /var/folders/zb/8rbxhnqj5nqcrlsvjxjs7hs40000gn/T/steering-v9vwal/STEERING.md[39m
[0m[1m77 |[0m         // File may have been deleted externally — recreate on write
[0m[1m78 |[0m       }
[0m[1m79 |[0m 
[0m[1m80 |[0m       [0m[35mconst[0m formatted = [0m[32m`- [[0m${entry.timestamp}[0m[32m] [0m${entry.text}[0m[32m\n`[0m[0m[2m;[0m
[0m[1m81 |[0m       [0m[35mlet[0m newContent = [0m[32m''[0m[0m[2m;[0m
[0m[1m82 |[0m       [0m[35mif[0m (content[0m[3m[1m.trim[0m().length === [0m[33m0[0m) {
               [31m[1m^[0m
[0m[31mTypeError[0m[2m:[0m [1mundefined is not an object (evaluating 'content.trim')[0m
[0m      [2mat [0m[0m[2m<anonymous>[0m[2m ([0m[0m[36m[2m/Users/vyakymenko/Documents/git/fibe third/fibe-agent/apps/api/[0m[36msrc/app/steering/steering.service.ts[0m[2m:[0m[33m82[0m[2m:[33m11[0m[2m)[0m
[0m      [2mat [0m[0m[1m[3masync withLock[0m[2m ([0m[0m[36m[2m/Users/vyakymenko/Documents/git/fibe third/fibe-agent/apps/api/[0m[36msrc/app/steering/steering.service.ts[0m[2m:[0m[33m220[0m[2m:[33m20[0m[2m)[0m
[0m      [2mat [0m[0m[1m[3masync enqueue[0m[2m ([0m[0m[36m[2m/Users/vyakymenko/Documents/git/fibe third/fibe-agent/apps/api/[0m[36msrc/app/steering/steering.service.ts[0m[2m:[0m[33m72[0m[2m:[33m16[0m[2m)[0m
[0m      [2mat [0m[0m[2masync <anonymous>[0m[2m ([0m[0m[36m[2m/Users/vyakymenko/Documents/git/fibe third/fibe-agent/apps/api/[0m[36msrc/app/steering/steering.service.test.ts[0m[2m:[0m[33m139[0m[2m:[33m19[0m[2m)[0m
[0m[31m✗[0m [0mSteeringService[2m >[0m[1m recovers when STEERING.md is deleted externally[0m [0m[2m[0.58ms[0m[2m][0m
[0m
src/app/agent-mode/agent-mode.store.service.test.ts:
[0m[32m✓[0m [0mAgentModeStoreService[2m >[0m[1m get returns default mode when no file exists[0m [0m[2m[[1m31.39ms[0m[2m][0m
[0m[32m✓[0m [0mAgentModeStoreService[2m >[0m[1m set with a canonical key resolves to display string[0m [0m[2m[[1m33.29ms[0m[2m][0m
[0m[32m✓[0m [0mAgentModeStoreService[2m >[0m[1m set with a display string is accepted (backwards compat)[0m [0m[2m[[1m32.92ms[0m[2m][0m
[0m[32m✓[0m [0mAgentModeStoreService[2m >[0m[1m set with unknown value returns null and does not change stored mode[0m [0m[2m[[1m31.97ms[0m[2m][0m
[0m[32m✓[0m [0mAgentModeStoreService[2m >[0m[1m set with whitespace-padded key is accepted[0m [0m[2m[[1m32.25ms[0m[2m][0m
[0m[32m✓[0m [0mAgentModeStoreService[2m >[0m[1m all canonical keys are accepted[0m [0m[2m[[1m31.81ms[0m[2m][0m
[0m[32m✓[0m [0mAgentModeStoreService[2m >[0m[1m flush persists mode.json[0m [0m[2m[[1m33.30ms[0m[2m][0m
[0m[32m✓[0m [0mAgentModeStoreService[2m >[0m[1m get uses cache after first read[0m [0m[2m[[1m32.36ms[0m[2m][0m
[0m[32m✓[0m [0mAgentModeStoreService[2m >[0m[1m onModuleDestroy flushes pending writes[0m [0m[2m[[1m32.61ms[0m[2m][0m
[0m[32m✓[0m [0mAgentModeStoreService[2m >[0m[1m get reads previously persisted value from disk[0m [0m[2m[[1m32.95ms[0m[2m][0m
[0m
src/app/github-token-refresh/github-token-refresh.service.test.ts:
[95m[Nest] 77364  - [39m04/29/2026, 8:59:35 AM [95m  DEBUG[39m [38;5;3m[GithubTokenRefreshService] [39m[95mFibe API config missing — skipping GitHub token refresh[39m
[0m[32m✓[0m [0mGithubTokenRefreshService[2m >[0m[1m skips refresh when Fibe config is missing[0m [0m[2m[0.38ms[0m[2m][0m
[32m[Nest] 77364  - [39m04/29/2026, 8:59:35 AM [32m    LOG[39m [38;5;3m[McpConfigWriter] [39m[32mWrote Claude project MCP config to /Users/vyakymenko/Documents/git/fibe third/fibe-agent/apps/api/data/default/claude_workspace/.mcp.json[39m
[32m[Nest] 77364  - [39m04/29/2026, 8:59:35 AM [32m    LOG[39m [38;5;3m[McpConfigWriter] [39m[32mWrote Claude MCP config to /Users/vyakymenko/.claude/settings.json[39m
[32m[Nest] 77364  - [39m04/29/2026, 8:59:35 AM [32m    LOG[39m [38;5;3m[McpConfigWriter] [39m[32mWrote Claude MCP config to /Users/vyakymenko/.claude.json[39m
[32m[Nest] 77364  - [39m04/29/2026, 8:59:35 AM [32m    LOG[39m [38;5;3m[GithubTokenRefreshService] [39m[32mGitHub token refreshed (expires in 3000s)[39m
[0m[32m✓[0m [0mGithubTokenRefreshService[2m >[0m[1m fetches token and updates MCP_CONFIG_JSON[0m [0m[2m[1.19ms[0m[2m][0m
[95m[Nest] 77364  - [39m04/29/2026, 8:59:35 AM [95m  DEBUG[39m [38;5;3m[GithubTokenRefreshService] [39m[95mNo GitHub App installation for this agent owner[39m
[0m[32m✓[0m [0mGithubTokenRefreshService[2m >[0m[1m returns null on 404 (no GitHub App installed)[0m [0m[2m[0.21ms[0m[2m][0m
[33m[Nest] 77364  - [39m04/29/2026, 8:59:35 AM [33m   WARN[39m [38;5;3m[GithubTokenRefreshService] [39m[33mGitHub token refresh failed: 500 [39m
[0m[32m✓[0m [0mGithubTokenRefreshService[2m >[0m[1m returns null on server error[0m [0m[2m[0.13ms[0m[2m][0m
[33m[Nest] 77364  - [39m04/29/2026, 8:59:35 AM [33m   WARN[39m [38;5;3m[GithubTokenRefreshService] [39m[33mGitHub token refresh error: Error: ECONNREFUSED[39m
[0m[32m✓[0m [0mGithubTokenRefreshService[2m >[0m[1m returns null on network error[0m [0m[2m[0.18ms[0m[2m][0m
[32m[Nest] 77364  - [39m04/29/2026, 8:59:35 AM [32m    LOG[39m [38;5;3m[McpConfigWriter] [39m[32mWrote Claude project MCP config to /Users/vyakymenko/Documents/git/fibe third/fibe-agent/apps/api/data/default/claude_workspace/.mcp.json[39m
[32m[Nest] 77364  - [39m04/29/2026, 8:59:35 AM [32m    LOG[39m [38;5;3m[McpConfigWriter] [39m[32mWrote Claude MCP config to /Users/vyakymenko/.claude/settings.json[39m
[32m[Nest] 77364  - [39m04/29/2026, 8:59:35 AM [32m    LOG[39m [38;5;3m[McpConfigWriter] [39m[32mWrote Claude MCP config to /Users/vyakymenko/.claude.json[39m
[32m[Nest] 77364  - [39m04/29/2026, 8:59:35 AM [32m    LOG[39m [38;5;3m[GithubTokenRefreshService] [39m[32mGitHub token refreshed (expires in 3000s)[39m
[0m[32m✓[0m [0mGithubTokenRefreshService[2m >[0m[1m preserves existing MCP config when updating token[0m [0m[2m[1.03ms[0m[2m][0m
[95m[Nest] 77364  - [39m04/29/2026, 8:59:35 AM [95m  DEBUG[39m [38;5;3m[GithubTokenRefreshService] [39m[95mFibe API config missing — skipping GitHub token refresh[39m
[32m[Nest] 77364  - [39m04/29/2026, 8:59:35 AM [32m    LOG[39m [38;5;3m[GithubTokenRefreshService] [39m[32mGitHub token refresh scheduled every 50 minutes[39m
[0m[32m✓[0m [0mGithubTokenRefreshService[2m >[0m[1m onModuleInit runs initial refresh and schedules timer[0m [0m[2m[0.18ms[0m[2m][0m
[0m[32m✓[0m [0mGithubTokenRefreshService[2m >[0m[1m onModuleDestroy is safe when called multiple times[0m [0m[2m[0.01ms[0m[2m][0m
[33m[Nest] 77364  - [39m04/29/2026, 8:59:35 AM [33m   WARN[39m [38;5;3m[GithubTokenRefreshService] [39m[33mGitHub token response missing token field[39m
[0m[32m✓[0m [0mGithubTokenRefreshService[2m >[0m[1m returns null when response has no token field[0m [0m[2m[0.16ms[0m[2m][0m
[32m[Nest] 77364  - [39m04/29/2026, 8:59:35 AM [32m    LOG[39m [38;5;3m[McpConfigWriter] [39m[32mWrote Claude project MCP config to /Users/vyakymenko/Documents/git/fibe third/fibe-agent/apps/api/data/default/claude_workspace/.mcp.json[39m
[32m[Nest] 77364  - [39m04/29/2026, 8:59:35 AM [32m    LOG[39m [38;5;3m[McpConfigWriter] [39m[32mWrote Claude MCP config to /Users/vyakymenko/.claude/settings.json[39m
[32m[Nest] 77364  - [39m04/29/2026, 8:59:35 AM [32m    LOG[39m [38;5;3m[McpConfigWriter] [39m[32mWrote Claude MCP config to /Users/vyakymenko/.claude.json[39m
[32m[Nest] 77364  - [39m04/29/2026, 8:59:35 AM [32m    LOG[39m [38;5;3m[GithubTokenRefreshService] [39m[32mGitHub token refreshed (expires in 3600s)[39m
[32m[Nest] 77364  - [39m04/29/2026, 8:59:35 AM [32m    LOG[39m [38;5;3m[GithubTokenRefreshService] [39m[32mGitHub token refresh scheduled every 50 minutes[39m
[32m[Nest] 77364  - [39m04/29/2026, 8:59:35 AM [32m    LOG[39m [38;5;3m[McpConfigWriter] [39m[32mWrote Claude project MCP config to /Users/vyakymenko/Documents/git/fibe third/fibe-agent/apps/api/data/default/claude_workspace/.mcp.json[39m
[32m[Nest] 77364  - [39m04/29/2026, 8:59:35 AM [32m    LOG[39m [38;5;3m[McpConfigWriter] [39m[32mWrote Claude MCP config to /Users/vyakymenko/.claude/settings.json[39m
[32m[Nest] 77364  - [39m04/29/2026, 8:59:35 AM [32m    LOG[39m [38;5;3m[McpConfigWriter] [39m[32mWrote Claude MCP config to /Users/vyakymenko/.claude.json[39m
[32m[Nest] 77364  - [39m04/29/2026, 8:59:36 AM [32m    LOG[39m [38;5;3m[GithubTokenRefreshService] [39m[32mKilled running GitHub MCP server — will respawn with fresh token[39m
[32m[Nest] 77364  - [39m04/29/2026, 8:59:36 AM [32m    LOG[39m [38;5;3m[GithubTokenRefreshService] [39m[32mGitHub token refreshed (expires in 3600s)[39m
[0m[32m✓[0m [0mGithubTokenRefreshService[2m >[0m[1m periodic refresh calls killGithubMcpServer after initial[0m [0m[2m[[1m184.28ms[0m[2m][0m
[32m[Nest] 77364  - [39m04/29/2026, 8:59:36 AM [32m    LOG[39m [38;5;3m[McpConfigWriter] [39m[32mWrote Claude project MCP config to /Users/vyakymenko/Documents/git/fibe third/fibe-agent/apps/api/data/default/claude_workspace/.mcp.json[39m
[32m[Nest] 77364  - [39m04/29/2026, 8:59:36 AM [32m    LOG[39m [38;5;3m[McpConfigWriter] [39m[32mWrote Claude MCP config to /Users/vyakymenko/.claude/settings.json[39m
[32m[Nest] 77364  - [39m04/29/2026, 8:59:36 AM [32m    LOG[39m [38;5;3m[McpConfigWriter] [39m[32mWrote Claude MCP config to /Users/vyakymenko/.claude.json[39m
[32m[Nest] 77364  - [39m04/29/2026, 8:59:36 AM [32m    LOG[39m [38;5;3m[GithubTokenRefreshService] [39m[32mGitHub token refreshed (expires in 3600s)[39m
[0m[32m✓[0m [0mGithubTokenRefreshService[2m >[0m[1m handles invalid MCP_CONFIG_JSON gracefully during token update[0m [0m[2m[1.00ms[0m[2m][0m
[0m
src/app/fibe-sync/fibe-sync.service.test.ts:
[0m[32m✓[0m [0mFibeSyncService[2m >[0m[1m syncMessages does nothing when sync is disabled[0m [0m[2m[0.20ms[0m[2m][0m
[0m[32m✓[0m [0mFibeSyncService[2m >[0m[1m syncActivity does nothing when sync is disabled[0m
[0m[32m✓[0m [0mFibeSyncService[2m >[0m[1m sync does nothing when apiUrl/apiKey/agentId are missing[0m [0m[2m[0.04ms[0m[2m][0m
[0m[32m✓[0m [0mFibeSyncService[2m >[0m[1m syncMessages makes PUT request when fully configured[0m [0m[2m[[1m601.07ms[0m[2m][0m
[0m[32m✓[0m [0mFibeSyncService[2m >[0m[1m syncActivity makes PUT request with activity endpoint[0m [0m[2m[[1m601.99ms[0m[2m][0m
[0m[32m✓[0m [0mFibeSyncService[2m >[0m[1m handles non-ok response without throwing[0m [0m[2m[0.27ms[0m[2m][0m
[0m[32m✓[0m [0mFibeSyncService[2m >[0m[1m handles network error without throwing[0m [0m[2m[0.07ms[0m[2m][0m
[0m
src/app/message-store/message-store.service.test.ts:
[0m[32m✓[0m [0mMessageStoreService[2m >[0m[1m all returns empty array initially[0m [0m[2m[[1m32.34ms[0m[2m][0m
[0m[32m✓[0m [0mMessageStoreService[2m >[0m[1m add appends message and returns it[0m [0m[2m[[1m31.22ms[0m[2m][0m
[0m[32m✓[0m [0mMessageStoreService[2m >[0m[1m clear removes all messages[0m [0m[2m[[1m32.14ms[0m[2m][0m
[0m[32m✓[0m [0mMessageStoreService[2m >[0m[1m finalizeLastAssistant attaches story to last assistant message[0m [0m[2m[[1m40.19ms[0m[2m][0m
[0m[32m✓[0m [0mMessageStoreService[2m >[0m[1m finalizeLastAssistant does nothing when last message is not assistant[0m [0m[2m[[1m32.69ms[0m[2m][0m
[0m[32m✓[0m [0mMessageStoreService[2m >[0m[1m add with model stores model on message[0m [0m[2m[[1m32.44ms[0m[2m][0m
[0m[32m✓[0m [0mMessageStoreService[2m >[0m[1m finalizeLastAssistant does nothing when messages is empty[0m [0m[2m[[1m32.00ms[0m[2m][0m
[0m[32m✓[0m [0mMessageStoreService[2m >[0m[1m flush persists messages.json immediately[0m [0m[2m[[1m33.18ms[0m[2m][0m
[0m[32m✓[0m [0mMessageStoreService[2m >[0m[1m onModuleDestroy flushes pending messages.json writes[0m [0m[2m[[1m32.86ms[0m[2m][0m
[0m
src/app/orchestrator/orchestrator-streaming-callbacks.test.ts:
[0m[32m✓[0m [0mcreateStreamingCallbacks[2m >[0m[1m onReasoningStart sends REASONING_START[0m [0m[2m[0.15ms[0m[2m][0m
[0m[32m✓[0m [0mcreateStreamingCallbacks[2m >[0m[1m onReasoningChunk accumulates text and sends REASONING_CHUNK[0m [0m[2m[0.11ms[0m[2m][0m
[0m[32m✓[0m [0mcreateStreamingCallbacks[2m >[0m[1m onReasoningEnd sends REASONING_END and appends to activity store[0m [0m[2m[0.11ms[0m[2m][0m
[0m[32m✓[0m [0mcreateStreamingCallbacks[2m >[0m[1m onReasoningEnd does not append when buffer is empty[0m [0m[2m[0.01ms[0m[2m][0m
[0m[32m✓[0m [0mcreateStreamingCallbacks[2m >[0m[1m onReasoningEnd does not append when activityId is null[0m
[0m[32m✓[0m [0mcreateStreamingCallbacks[2m >[0m[1m onStep sends THINKING_STEP and appends to activity store[0m [0m[2m[0.06ms[0m[2m][0m
[0m[32m✓[0m [0mcreateStreamingCallbacks[2m >[0m[1m onStep with string timestamp works[0m [0m[2m[0.01ms[0m[2m][0m
[0m[32m✓[0m [0mcreateStreamingCallbacks[2m >[0m[1m onStep does not append when activityId is null[0m [0m[2m[0.02ms[0m[2m][0m
[0m[32m✓[0m [0mcreateStreamingCallbacks[2m >[0m[1m onAuthRequired sends AUTH_URL_GENERATED[0m [0m[2m[0.02ms[0m[2m][0m
[0m[32m✓[0m [0mcreateStreamingCallbacks[2m >[0m[1m onUsage stores usage via deps[0m [0m[2m[0.11ms[0m[2m][0m
[0m[32m✓[0m [0mcreateStreamingCallbacks[2m >[0m[1m onTool file_created sends FILE_CREATED and appends to activity[0m [0m[2m[0.07ms[0m[2m][0m
[0m[32m✓[0m [0mcreateStreamingCallbacks[2m >[0m[1m onTool tool_call sends TOOL_CALL and appends to activity[0m [0m[2m[0.03ms[0m[2m][0m
[0m[32m✓[0m [0mcreateStreamingCallbacks[2m >[0m[1m onTool does not append when activityId is null[0m
[0m
src/app/orchestrator/orchestrator.service.test.ts:
[32m[Nest] 77364  - [39m04/29/2026, 8:59:37 AM [32m    LOG[39m [38;5;3m[SteeringService] [39m[32mCreated STEERING.md at /var/folders/zb/8rbxhnqj5nqcrlsvjxjs7hs40000gn/T/orch-bCHD2D/STEERING.md[39m
[33m[Nest] 77364  - [39m04/29/2026, 8:59:37 AM [33m   WARN[39m [38;5;3m[McpConfigWriter] [39m[33mNo MCP config writer for provider: mock (raw: mock)[39m
[0m[32m✓[0m [0mOrchestratorService[2m >[0m[1m handleClientConnected sends auth_status, activity_snapshot, queue_updated, and agent_mode_updated[0m [0m[2m[[1m52.53ms[0m[2m][0m
[32m[Nest] 77364  - [39m04/29/2026, 8:59:37 AM [32m    LOG[39m [38;5;3m[SteeringService] [39m[32mCreated STEERING.md at /var/folders/zb/8rbxhnqj5nqcrlsvjxjs7hs40000gn/T/orch-BHwcm1/STEERING.md[39m
[33m[Nest] 77364  - [39m04/29/2026, 8:59:37 AM [33m   WARN[39m [38;5;3m[McpConfigWriter] [39m[33mNo MCP config writer for provider: mock (raw: mock)[39m
[0m[32m✓[0m [0mOrchestratorService[2m >[0m[1m handleClientMessage get_model sends model_updated[0m [0m[2m[[1m52.92ms[0m[2m][0m
[32m[Nest] 77364  - [39m04/29/2026, 8:59:37 AM [32m    LOG[39m [38;5;3m[SteeringService] [39m[32mCreated STEERING.md at /var/folders/zb/8rbxhnqj5nqcrlsvjxjs7hs40000gn/T/orch-mCLqX2/STEERING.md[39m
[33m[Nest] 77364  - [39m04/29/2026, 8:59:37 AM [33m   WARN[39m [38;5;3m[McpConfigWriter] [39m[33mNo MCP config writer for provider: mock (raw: mock)[39m
[0m[32m✓[0m [0mOrchestratorService[2m >[0m[1m handleClientMessage set_model sends model_updated with value[0m [0m[2m[[1m53.48ms[0m[2m][0m
[32m[Nest] 77364  - [39m04/29/2026, 8:59:37 AM [32m    LOG[39m [38;5;3m[SteeringService] [39m[32mCreated STEERING.md at /var/folders/zb/8rbxhnqj5nqcrlsvjxjs7hs40000gn/T/orch-VaFeju/STEERING.md[39m
[33m[Nest] 77364  - [39m04/29/2026, 8:59:37 AM [33m   WARN[39m [38;5;3m[McpConfigWriter] [39m[33mNo MCP config writer for provider: mock (raw: mock)[39m
[0m[32m✓[0m [0mOrchestratorService[2m >[0m[1m handleClientMessage send_chat_message without auth sends error NEED_AUTH[0m [0m[2m[[1m52.73ms[0m[2m][0m
[32m[Nest] 77364  - [39m04/29/2026, 8:59:37 AM [32m    LOG[39m [38;5;3m[SteeringService] [39m[32mCreated STEERING.md at /var/folders/zb/8rbxhnqj5nqcrlsvjxjs7hs40000gn/T/orch-cAkkDt/STEERING.md[39m
[33m[Nest] 77364  - [39m04/29/2026, 8:59:37 AM [33m   WARN[39m [38;5;3m[McpConfigWriter] [39m[33mNo MCP config writer for provider: mock (raw: mock)[39m
[32m[Nest] 77364  - [39m04/29/2026, 8:59:37 AM [32m    LOG[39m [38;5;3m[MockStrategy] [39m[32mcheckAuthStatus: Returning true[39m
[0m[32m✓[0m [0mOrchestratorService[2m >[0m[1m handleClientMessage check_auth_status sends auth_status[0m [0m[2m[[1m52.83ms[0m[2m][0m
[32m[Nest] 77364  - [39m04/29/2026, 8:59:37 AM [32m    LOG[39m [38;5;3m[SteeringService] [39m[32mCreated STEERING.md at /var/folders/zb/8rbxhnqj5nqcrlsvjxjs7hs40000gn/T/orch-6pc6MP/STEERING.md[39m
[33m[Nest] 77364  - [39m04/29/2026, 8:59:37 AM [33m   WARN[39m [38;5;3m[McpConfigWriter] [39m[33mNo MCP config writer for provider: mock (raw: mock)[39m
[0m[32m✓[0m [0mOrchestratorService[2m >[0m[1m handleClientMessage send_chat_message with audioFilename streams response[0m [0m[2m[[1m1057.29ms[0m[2m][0m
[32m[Nest] 77364  - [39m04/29/2026, 8:59:38 AM [32m    LOG[39m [38;5;3m[SteeringService] [39m[32mCreated STEERING.md at /var/folders/zb/8rbxhnqj5nqcrlsvjxjs7hs40000gn/T/orch-NT53Mz/STEERING.md[39m
[33m[Nest] 77364  - [39m04/29/2026, 8:59:38 AM [33m   WARN[39m [38;5;3m[McpConfigWriter] [39m[33mNo MCP config writer for provider: mock (raw: mock)[39m
[0m[32m✓[0m [0mOrchestratorService[2m >[0m[1m handleClientMessage send_chat_message with audio base64 saves and streams[0m [0m[2m[[1m1055.97ms[0m[2m][0m
[32m[Nest] 77364  - [39m04/29/2026, 8:59:39 AM [32m    LOG[39m [38;5;3m[SteeringService] [39m[32mCreated STEERING.md at /var/folders/zb/8rbxhnqj5nqcrlsvjxjs7hs40000gn/T/orch-1l2YYU/STEERING.md[39m
[33m[Nest] 77364  - [39m04/29/2026, 8:59:39 AM [33m   WARN[39m [38;5;3m[McpConfigWriter] [39m[33mNo MCP config writer for provider: mock (raw: mock)[39m
[0m[32m✓[0m [0mOrchestratorService[2m >[0m[1m send_chat_message sends stream_start with model and synthetic thinking_step[0m [0m[2m[[1m1055.33ms[0m[2m][0m
[32m[Nest] 77364  - [39m04/29/2026, 8:59:41 AM [32m    LOG[39m [38;5;3m[SteeringService] [39m[32mCreated STEERING.md at /var/folders/zb/8rbxhnqj5nqcrlsvjxjs7hs40000gn/T/orch-QOzUiO/STEERING.md[39m
[33m[Nest] 77364  - [39m04/29/2026, 8:59:41 AM [33m   WARN[39m [38;5;3m[McpConfigWriter] [39m[33mNo MCP config writer for provider: mock (raw: mock)[39m
[0m[32m✓[0m [0mOrchestratorService[2m >[0m[1m send_chat_message sends stream_end with model[0m [0m[2m[[1m1054.21ms[0m[2m][0m
[32m[Nest] 77364  - [39m04/29/2026, 8:59:42 AM [32m    LOG[39m [38;5;3m[SteeringService] [39m[32mCreated STEERING.md at /var/folders/zb/8rbxhnqj5nqcrlsvjxjs7hs40000gn/T/orch-m550P1/STEERING.md[39m
[33m[Nest] 77364  - [39m04/29/2026, 8:59:42 AM [33m   WARN[39m [38;5;3m[McpConfigWriter] [39m[33mNo MCP config writer for provider: mock (raw: mock)[39m
[0m[32m✓[0m [0mOrchestratorService[2m >[0m[1m handleClientMessage interrupt_agent when not processing does nothing[0m [0m[2m[[1m52.28ms[0m[2m][0m
[32m[Nest] 77364  - [39m04/29/2026, 8:59:42 AM [32m    LOG[39m [38;5;3m[SteeringService] [39m[32mCreated STEERING.md at /var/folders/zb/8rbxhnqj5nqcrlsvjxjs7hs40000gn/T/orch-NERHYg/STEERING.md[39m
[33m[Nest] 77364  - [39m04/29/2026, 8:59:42 AM [33m   WARN[39m [38;5;3m[McpConfigWriter] [39m[33mNo MCP config writer for provider: mock (raw: mock)[39m
[0m[32m✓[0m [0mOrchestratorService[2m >[0m[1m handleClientMessage interrupt_agent when processing sends stream_end with accumulated[0m [0m[2m[[1m1056.20ms[0m[2m][0m
[32m[Nest] 77364  - [39m04/29/2026, 8:59:43 AM [32m    LOG[39m [38;5;3m[SteeringService] [39m[32mCreated STEERING.md at /var/folders/zb/8rbxhnqj5nqcrlsvjxjs7hs40000gn/T/orch-6XFdqB/STEERING.md[39m
[33m[Nest] 77364  - [39m04/29/2026, 8:59:43 AM [33m   WARN[39m [38;5;3m[McpConfigWriter] [39m[33mNo MCP config writer for provider: mock (raw: mock)[39m
[0m[1m77 |[0m         // File may have been deleted externally — recreate on write
[0m[1m78 |[0m       }
[0m[1m79 |[0m 
[0m[1m80 |[0m       [0m[35mconst[0m formatted = [0m[32m`- [[0m${entry.timestamp}[0m[32m] [0m${entry.text}[0m[32m\n`[0m[0m[2m;[0m
[0m[1m81 |[0m       [0m[35mlet[0m newContent = [0m[32m''[0m[0m[2m;[0m
[0m[1m82 |[0m       [0m[35mif[0m (content[0m[3m[1m.trim[0m().length === [0m[33m0[0m) {
               [31m[1m^[0m
[0m[31mTypeError[0m[2m:[0m [1mundefined is not an object (evaluating 'content.trim')[0m
[0m      [2mat [0m[0m[2m<anonymous>[0m[2m ([0m[0m[36m[2m/Users/vyakymenko/Documents/git/fibe third/fibe-agent/apps/api/[0m[36msrc/app/steering/steering.service.ts[0m[2m:[0m[33m82[0m[2m:[33m11[0m[2m)[0m
[0m      [2mat [0m[0m[1m[3masync withLock[0m[2m ([0m[0m[36m[2m/Users/vyakymenko/Documents/git/fibe third/fibe-agent/apps/api/[0m[36msrc/app/steering/steering.service.ts[0m[2m:[0m[33m220[0m[2m:[33m20[0m[2m)[0m
[0m      [2mat [0m[0m[1m[3masync enqueue[0m[2m ([0m[0m[36m[2m/Users/vyakymenko/Documents/git/fibe third/fibe-agent/apps/api/[0m[36msrc/app/steering/steering.service.ts[0m[2m:[0m[33m72[0m[2m:[33m16[0m[2m)[0m
[0m      [2mat [0m[0m[1m[3masync handleQueueMessage[0m[2m ([0m[0m[36m[2m/Users/vyakymenko/Documents/git/fibe third/fibe-agent/apps/api/[0m[36msrc/app/orchestrator/orchestrator.service.ts[0m[2m:[0m[33m537[0m[2m:[33m25[0m[2m)[0m
[0m      [2mat [0m[0m[2masync <anonymous>[0m[2m ([0m[0m[36m[2m/Users/vyakymenko/Documents/git/fibe third/fibe-agent/apps/api/[0m[36msrc/app/orchestrator/orchestrator.service.ts[0m[2m:[0m[33m198[0m[2m:[33m22[0m[2m)[0m
[0m      [2mat [0m[0m[1m[3masync handleClientMessage[0m[2m ([0m[0m[36m[2m/Users/vyakymenko/Documents/git/fibe third/fibe-agent/apps/api/[0m[36msrc/app/orchestrator/orchestrator.service.ts[0m[2m:[0m[33m231[0m[2m:[33m13[0m[2m)[0m
[0m      [2mat [0m[0m[2masync <anonymous>[0m[2m ([0m[0m[36m[2m/Users/vyakymenko/Documents/git/fibe third/fibe-agent/apps/api/[0m[36msrc/app/orchestrator/orchestrator.service.test.ts[0m[2m:[0m[33m255[0m[2m:[33m16[0m[2m)[0m
[0m[31m✗[0m [0mOrchestratorService[2m >[0m[1m send_chat_message while processing queues the message instead of blocking[0m [0m[2m[[1m154.63ms[0m[2m][0m
[32m[Nest] 77364  - [39m04/29/2026, 8:59:43 AM [32m    LOG[39m [38;5;3m[SteeringService] [39m[32mCreated STEERING.md at /var/folders/zb/8rbxhnqj5nqcrlsvjxjs7hs40000gn/T/orch-A3jooh/STEERING.md[39m
[33m[Nest] 77364  - [39m04/29/2026, 8:59:43 AM [33m   WARN[39m [38;5;3m[McpConfigWriter] [39m[33mNo MCP config writer for provider: mock (raw: mock)[39m
[0m[1m77 |[0m         // File may have been deleted externally — recreate on write
[0m[1m78 |[0m       }
[0m[1m79 |[0m 
[0m[1m80 |[0m       [0m[35mconst[0m formatted = [0m[32m`- [[0m${entry.timestamp}[0m[32m] [0m${entry.text}[0m[32m\n`[0m[0m[2m;[0m
[0m[1m81 |[0m       [0m[35mlet[0m newContent = [0m[32m''[0m[0m[2m;[0m
[0m[1m82 |[0m       [0m[35mif[0m (content[0m[3m[1m.trim[0m().length === [0m[33m0[0m) {
               [31m[1m^[0m
[0m[31mTypeError[0m[2m:[0m [1mundefined is not an object (evaluating 'content.trim')[0m
[0m      [2mat [0m[0m[2m<anonymous>[0m[2m ([0m[0m[36m[2m/Users/vyakymenko/Documents/git/fibe third/fibe-agent/apps/api/[0m[36msrc/app/steering/steering.service.ts[0m[2m:[0m[33m82[0m[2m:[33m11[0m[2m)[0m
[0m      [2mat [0m[0m[1m[3masync withLock[0m[2m ([0m[0m[36m[2m/Users/vyakymenko/Documents/git/fibe third/fibe-agent/apps/api/[0m[36msrc/app/steering/steering.service.ts[0m[2m:[0m[33m220[0m[2m:[33m20[0m[2m)[0m
[0m      [2mat [0m[0m[1m[3masync enqueue[0m[2m ([0m[0m[36m[2m/Users/vyakymenko/Documents/git/fibe third/fibe-agent/apps/api/[0m[36msrc/app/steering/steering.service.ts[0m[2m:[0m[33m72[0m[2m:[33m16[0m[2m)[0m
[0m      [2mat [0m[0m[1m[3masync handleQueueMessage[0m[2m ([0m[0m[36m[2m/Users/vyakymenko/Documents/git/fibe third/fibe-agent/apps/api/[0m[36msrc/app/orchestrator/orchestrator.service.ts[0m[2m:[0m[33m537[0m[2m:[33m25[0m[2m)[0m
[0m      [2mat [0m[0m[1m[3masync handleClientMessage[0m[2m ([0m[0m[36m[2m/Users/vyakymenko/Documents/git/fibe third/fibe-agent/apps/api/[0m[36msrc/app/orchestrator/orchestrator.service.ts[0m[2m:[0m[33m231[0m[2m:[33m13[0m[2m)[0m
[0m      [2mat [0m[0m[2masync <anonymous>[0m[2m ([0m[0m[36m[2m/Users/vyakymenko/Documents/git/fibe third/fibe-agent/apps/api/[0m[36msrc/app/orchestrator/orchestrator.service.test.ts[0m[2m:[0m[33m269[0m[2m:[33m16[0m[2m)[0m
[0m[31m✗[0m [0mOrchestratorService[2m >[0m[1m queue_message action queues and emits message + queue_updated[0m [0m[2m[[1m52.94ms[0m[2m][0m
[32m[Nest] 77364  - [39m04/29/2026, 8:59:43 AM [32m    LOG[39m [38;5;3m[SteeringService] [39m[32mCreated STEERING.md at /var/folders/zb/8rbxhnqj5nqcrlsvjxjs7hs40000gn/T/orch-CgAMcD/STEERING.md[39m
[33m[Nest] 77364  - [39m04/29/2026, 8:59:43 AM [33m   WARN[39m [38;5;3m[McpConfigWriter] [39m[33mNo MCP config writer for provider: mock (raw: mock)[39m
[0m[1m77 |[0m         // File may have been deleted externally — recreate on write
[0m[1m78 |[0m       }
[0m[1m79 |[0m 
[0m[1m80 |[0m       [0m[35mconst[0m formatted = [0m[32m`- [[0m${entry.timestamp}[0m[32m] [0m${entry.text}[0m[32m\n`[0m[0m[2m;[0m
[0m[1m81 |[0m       [0m[35mlet[0m newContent = [0m[32m''[0m[0m[2m;[0m
[0m[1m82 |[0m       [0m[35mif[0m (content[0m[3m[1m.trim[0m().length === [0m[33m0[0m) {
               [31m[1m^[0m
[0m[31mTypeError[0m[2m:[0m [1mundefined is not an object (evaluating 'content.trim')[0m
[0m      [2mat [0m[0m[2m<anonymous>[0m[2m ([0m[0m[36m[2m/Users/vyakymenko/Documents/git/fibe third/fibe-agent/apps/api/[0m[36msrc/app/steering/steering.service.ts[0m[2m:[0m[33m82[0m[2m:[33m11[0m[2m)[0m
[0m      [2mat [0m[0m[1m[3masync withLock[0m[2m ([0m[0m[36m[2m/Users/vyakymenko/Documents/git/fibe third/fibe-agent/apps/api/[0m[36msrc/app/steering/steering.service.ts[0m[2m:[0m[33m220[0m[2m:[33m20[0m[2m)[0m
[0m      [2mat [0m[0m[1m[3masync enqueue[0m[2m ([0m[0m[36m[2m/Users/vyakymenko/Documents/git/fibe third/fibe-agent/apps/api/[0m[36msrc/app/steering/steering.service.ts[0m[2m:[0m[33m72[0m[2m:[33m16[0m[2m)[0m
[0m      [2mat [0m[0m[1m[3masync handleQueueMessage[0m[2m ([0m[0m[36m[2m/Users/vyakymenko/Documents/git/fibe third/fibe-agent/apps/api/[0m[36msrc/app/orchestrator/orchestrator.service.ts[0m[2m:[0m[33m537[0m[2m:[33m25[0m[2m)[0m
[0m      [2mat [0m[0m[1m[3masync handleClientMessage[0m[2m ([0m[0m[36m[2m/Users/vyakymenko/Documents/git/fibe third/fibe-agent/apps/api/[0m[36msrc/app/orchestrator/orchestrator.service.ts[0m[2m:[0m[33m231[0m[2m:[33m13[0m[2m)[0m
[0m      [2mat [0m[0m[2masync <anonymous>[0m[2m ([0m[0m[36m[2m/Users/vyakymenko/Documents/git/fibe third/fibe-agent/apps/api/[0m[36msrc/app/orchestrator/orchestrator.service.test.ts[0m[2m:[0m[33m279[0m[2m:[33m16[0m[2m)[0m
[0m[31m✗[0m [0mOrchestratorService[2m >[0m[1m queue resets when a new streaming session starts[0m [0m[2m[[1m52.65ms[0m[2m][0m
[32m[Nest] 77364  - [39m04/29/2026, 8:59:43 AM [32m    LOG[39m [38;5;3m[SteeringService] [39m[32mCreated STEERING.md at /var/folders/zb/8rbxhnqj5nqcrlsvjxjs7hs40000gn/T/orch-3uzCxl/STEERING.md[39m
[33m[Nest] 77364  - [39m04/29/2026, 8:59:43 AM [33m   WARN[39m [38;5;3m[McpConfigWriter] [39m[33mNo MCP config writer for provider: mock (raw: mock)[39m
[32m[Nest] 77364  - [39m04/29/2026, 8:59:43 AM [32m    LOG[39m [38;5;3m[MockStrategy] [39m[32mcheckAuthStatus: Returning true[39m
[0m[32m✓[0m [0mOrchestratorService[2m >[0m[1m sendMessageFromApi returns AGENT_BUSY when isProcessing[0m [0m[2m[[1m53.29ms[0m[2m][0m
[32m[Nest] 77364  - [39m04/29/2026, 8:59:43 AM [32m    LOG[39m [38;5;3m[SteeringService] [39m[32mCreated STEERING.md at /var/folders/zb/8rbxhnqj5nqcrlsvjxjs7hs40000gn/T/orch-lUYcbe/STEERING.md[39m
[33m[Nest] 77364  - [39m04/29/2026, 8:59:43 AM [33m   WARN[39m [38;5;3m[McpConfigWriter] [39m[33mNo MCP config writer for provider: mock (raw: mock)[39m
[32m[Nest] 77364  - [39m04/29/2026, 8:59:43 AM [32m    LOG[39m [38;5;3m[MockStrategy] [39m[32mcheckAuthStatus: Returning true[39m
[0m[31mSequentialJsonWriter failed: [0m[31mENOENT[0m[2m:[0m [1mno such file or directory, open '/var/folders/zb/8rbxhnqj5nqcrlsvjxjs7hs40000gn/T/orch-6XFdqB/.messages.json.77364.1777453184206.2.tmp'[0m
    path[0m[2m:[0m [0m[32m"/var/folders/zb/8rbxhnqj5nqcrlsvjxjs7hs40000gn/T/orch-6XFdqB/.messages.json.77364.1777453184206.2.tmp"[0m[0m[2m,[0m
 syscall[0m[2m:[0m [0m[32m"open"[0m[0m[2m,[0m
   errno[0m[2m:[0m [0m[33m-2[0m[0m[2m,[0m
    code[0m[2m:[0m [32m"ENOENT"[0m

[0m
[0m[32m✓[0m [0mOrchestratorService[2m >[0m[1m sendMessageFromApi returns accepted and messageId when authenticated[0m [0m[2m[[1m1169.76ms[0m[2m][0m
[32m[Nest] 77364  - [39m04/29/2026, 8:59:44 AM [32m    LOG[39m [38;5;3m[SteeringService] [39m[32mCreated STEERING.md at /var/folders/zb/8rbxhnqj5nqcrlsvjxjs7hs40000gn/T/orch-pFWFN9/STEERING.md[39m
[33m[Nest] 77364  - [39m04/29/2026, 8:59:44 AM [33m   WARN[39m [38;5;3m[McpConfigWriter] [39m[33mNo MCP config writer for provider: mock (raw: mock)[39m
[32m[Nest] 77364  - [39m04/29/2026, 8:59:44 AM [32m    LOG[39m [38;5;3m[MockStrategy] [39m[32mcheckAuthStatus: Returning true[39m
[0m[32m✓[0m [0mOrchestratorService[2m >[0m[1m sendMessageFromApi calls checkAndSendAuthStatus first[0m [0m[2m[[1m1067.63ms[0m[2m][0m
[32m[Nest] 77364  - [39m04/29/2026, 8:59:45 AM [32m    LOG[39m [38;5;3m[SteeringService] [39m[32mCreated STEERING.md at /var/folders/zb/8rbxhnqj5nqcrlsvjxjs7hs40000gn/T/orch-ECbOA9/STEERING.md[39m
[33m[Nest] 77364  - [39m04/29/2026, 8:59:45 AM [33m   WARN[39m [38;5;3m[McpConfigWriter] [39m[33mNo MCP config writer for provider: mock (raw: mock)[39m
[32m[Nest] 77364  - [39m04/29/2026, 8:59:45 AM [32m    LOG[39m [38;5;3m[MockStrategy] [39m[32mcheckAuthStatus: Returning true[39m
[0m[32m✓[0m [0mOrchestratorService[2m >[0m[1m handleClientMessage initiate_auth sends auth_success when already authenticated[0m [0m[2m[[1m53.53ms[0m[2m][0m
[32m[Nest] 77364  - [39m04/29/2026, 8:59:45 AM [32m    LOG[39m [38;5;3m[SteeringService] [39m[32mCreated STEERING.md at /var/folders/zb/8rbxhnqj5nqcrlsvjxjs7hs40000gn/T/orch-VQA5Lp/STEERING.md[39m
[33m[Nest] 77364  - [39m04/29/2026, 8:59:45 AM [33m   WARN[39m [38;5;3m[McpConfigWriter] [39m[33mNo MCP config writer for provider: mock (raw: mock)[39m
[0m[32m✓[0m [0mOrchestratorService[2m >[0m[1m handleClientMessage cancel_auth sets isAuthenticated to false[0m [0m[2m[[1m54.35ms[0m[2m][0m
[32m[Nest] 77364  - [39m04/29/2026, 8:59:45 AM [32m    LOG[39m [38;5;3m[SteeringService] [39m[32mCreated STEERING.md at /var/folders/zb/8rbxhnqj5nqcrlsvjxjs7hs40000gn/T/orch-vDOF0u/STEERING.md[39m
[33m[Nest] 77364  - [39m04/29/2026, 8:59:45 AM [33m   WARN[39m [38;5;3m[McpConfigWriter] [39m[33mNo MCP config writer for provider: mock (raw: mock)[39m
[32m[Nest] 77364  - [39m04/29/2026, 8:59:45 AM [32m    LOG[39m [38;5;3m[MockStrategy] [39m[32mclearCredentials: Skipping credential deletion[39m
[32m[Nest] 77364  - [39m04/29/2026, 8:59:45 AM [32m    LOG[39m [38;5;3m[MockStrategy] [39m[32mexecuteAuth: Mocking auth success in 1s[39m
[0m[32m✓[0m [0mOrchestratorService[2m >[0m[1m handleClientMessage reauthenticate clears credentials and re-initiates auth[0m [0m[2m[[1m57.80ms[0m[2m][0m
[32m[Nest] 77364  - [39m04/29/2026, 8:59:45 AM [32m    LOG[39m [38;5;3m[SteeringService] [39m[32mCreated STEERING.md at /var/folders/zb/8rbxhnqj5nqcrlsvjxjs7hs40000gn/T/orch-um5dCA/STEERING.md[39m
[33m[Nest] 77364  - [39m04/29/2026, 8:59:45 AM [33m   WARN[39m [38;5;3m[McpConfigWriter] [39m[33mNo MCP config writer for provider: mock (raw: mock)[39m
[32m[Nest] 77364  - [39m04/29/2026, 8:59:45 AM [32m    LOG[39m [38;5;3m[MockStrategy] [39m[32mexecuteLogout: Mocking logout in 500ms[39m
[0m[32m✓[0m [0mOrchestratorService[2m >[0m[1m handleClientMessage logout sets isAuthenticated and isProcessing to false[0m [0m[2m[[1m52.50ms[0m[2m][0m
[32m[Nest] 77364  - [39m04/29/2026, 8:59:45 AM [32m    LOG[39m [38;5;3m[SteeringService] [39m[32mCreated STEERING.md at /var/folders/zb/8rbxhnqj5nqcrlsvjxjs7hs40000gn/T/orch-Pybv3Y/STEERING.md[39m
[33m[Nest] 77364  - [39m04/29/2026, 8:59:45 AM [33m   WARN[39m [38;5;3m[McpConfigWriter] [39m[33mNo MCP config writer for provider: mock (raw: mock)[39m
[32m[Nest] 77364  - [39m04/29/2026, 8:59:45 AM [32m    LOG[39m [38;5;3m[MockStrategy] [39m[32msubmitAuthCode called with code: test-code[39m
[0m[32m✓[0m [0mOrchestratorService[2m >[0m[1m handleClientMessage submit_auth_code passes code to strategy[0m [0m[2m[[1m53.85ms[0m[2m][0m
[32m[Nest] 77364  - [39m04/29/2026, 8:59:46 AM [32m    LOG[39m [38;5;3m[SteeringService] [39m[32mCreated STEERING.md at /var/folders/zb/8rbxhnqj5nqcrlsvjxjs7hs40000gn/T/orch-qXdqgk/STEERING.md[39m
[33m[Nest] 77364  - [39m04/29/2026, 8:59:46 AM [33m   WARN[39m [38;5;3m[McpConfigWriter] [39m[33mNo MCP config writer for provider: mock (raw: mock)[39m
[0m[32m✓[0m [0mOrchestratorService[2m >[0m[1m handleClientMessage submit_story stores story for last assistant[0m [0m[2m[[1m1065.38ms[0m[2m][0m
[32m[Nest] 77364  - [39m04/29/2026, 8:59:47 AM [32m    LOG[39m [38;5;3m[SteeringService] [39m[32mCreated STEERING.md at /var/folders/zb/8rbxhnqj5nqcrlsvjxjs7hs40000gn/T/orch-mCkdFL/STEERING.md[39m
[33m[Nest] 77364  - [39m04/29/2026, 8:59:47 AM [33m   WARN[39m [38;5;3m[McpConfigWriter] [39m[33mNo MCP config writer for provider: mock (raw: mock)[39m
[95m[Nest] 77364  - [39m04/29/2026, 8:59:47 AM [95m  DEBUG[39m [38;5;3m[OrchestratorService] [39m[95mReceived submit_story but currentActivityId is null (possible duplicate from another tab).[39m
[0m[32m✓[0m [0mOrchestratorService[2m >[0m[1m handleClientMessage submit_story without prior activity is ignored[0m [0m[2m[[1m51.78ms[0m[2m][0m
[32m[Nest] 77364  - [39m04/29/2026, 8:59:47 AM [32m    LOG[39m [38;5;3m[SteeringService] [39m[32mCreated STEERING.md at /var/folders/zb/8rbxhnqj5nqcrlsvjxjs7hs40000gn/T/orch-OJyS8M/STEERING.md[39m
[33m[Nest] 77364  - [39m04/29/2026, 8:59:47 AM [33m   WARN[39m [38;5;3m[McpConfigWriter] [39m[33mNo MCP config writer for provider: mock (raw: mock)[39m
[0m[32m✓[0m [0mOrchestratorService[2m >[0m[1m outbound getter returns the Subject[0m [0m[2m[[1m52.84ms[0m[2m][0m
[32m[Nest] 77364  - [39m04/29/2026, 8:59:47 AM [32m    LOG[39m [38;5;3m[SteeringService] [39m[32mCreated STEERING.md at /var/folders/zb/8rbxhnqj5nqcrlsvjxjs7hs40000gn/T/orch-fuOHIl/STEERING.md[39m
[33m[Nest] 77364  - [39m04/29/2026, 8:59:47 AM [33m   WARN[39m [38;5;3m[McpConfigWriter] [39m[33mNo MCP config writer for provider: mock (raw: mock)[39m
[0m[32m✓[0m [0mOrchestratorService[2m >[0m[1m messages getter returns message store[0m [0m[2m[[1m51.55ms[0m[2m][0m
[32m[Nest] 77364  - [39m04/29/2026, 8:59:47 AM [32m    LOG[39m [38;5;3m[SteeringService] [39m[32mCreated STEERING.md at /var/folders/zb/8rbxhnqj5nqcrlsvjxjs7hs40000gn/T/orch-sQVjh7/STEERING.md[39m
[33m[Nest] 77364  - [39m04/29/2026, 8:59:47 AM [33m   WARN[39m [38;5;3m[McpConfigWriter] [39m[33mNo MCP config writer for provider: mock (raw: mock)[39m
[0m[32m✓[0m [0mOrchestratorService[2m >[0m[1m ensureStrategySettings calls strategy.ensureSettings[0m [0m[2m[[1m52.58ms[0m[2m][0m
[32m[Nest] 77364  - [39m04/29/2026, 8:59:47 AM [32m    LOG[39m [38;5;3m[SteeringService] [39m[32mCreated STEERING.md at /var/folders/zb/8rbxhnqj5nqcrlsvjxjs7hs40000gn/T/orch-yxlTaq/STEERING.md[39m
[33m[Nest] 77364  - [39m04/29/2026, 8:59:47 AM [33m   WARN[39m [38;5;3m[McpConfigWriter] [39m[33mNo MCP config writer for provider: mock (raw: mock)[39m
[33m[Nest] 77364  - [39m04/29/2026, 8:59:47 AM [33m   WARN[39m [38;5;3m[OrchestratorService] [39m[33mUnknown action: nonexistent_action[39m
[0m[32m✓[0m [0mOrchestratorService[2m >[0m[1m handleClientMessage unknown action warns but does not throw[0m [0m[2m[[1m51.79ms[0m[2m][0m
[32m[Nest] 77364  - [39m04/29/2026, 8:59:47 AM [32m    LOG[39m [38;5;3m[SteeringService] [39m[32mCreated STEERING.md at /var/folders/zb/8rbxhnqj5nqcrlsvjxjs7hs40000gn/T/orch-AUnZnp/STEERING.md[39m
[33m[Nest] 77364  - [39m04/29/2026, 8:59:47 AM [33m   WARN[39m [38;5;3m[McpConfigWriter] [39m[33mNo MCP config writer for provider: mock (raw: mock)[39m
[0m[32m✓[0m [0mOrchestratorService[2m >[0m[1m setAgentMode emits AGENT_MODE_UPDATED event[0m [0m[2m[[1m52.50ms[0m[2m][0m
[32m[Nest] 77364  - [39m04/29/2026, 8:59:47 AM [32m    LOG[39m [38;5;3m[SteeringService] [39m[32mCreated STEERING.md at /var/folders/zb/8rbxhnqj5nqcrlsvjxjs7hs40000gn/T/orch-dDVvnp/STEERING.md[39m
[33m[Nest] 77364  - [39m04/29/2026, 8:59:47 AM [33m   WARN[39m [38;5;3m[McpConfigWriter] [39m[33mNo MCP config writer for provider: mock (raw: mock)[39m
[0m[32m✓[0m [0mOrchestratorService[2m >[0m[1m setAgentMode with display string is accepted (backwards compat)[0m [0m[2m[[1m53.00ms[0m[2m][0m
[32m[Nest] 77364  - [39m04/29/2026, 8:59:47 AM [32m    LOG[39m [38;5;3m[SteeringService] [39m[32mCreated STEERING.md at /var/folders/zb/8rbxhnqj5nqcrlsvjxjs7hs40000gn/T/orch-mIft7N/STEERING.md[39m
[33m[Nest] 77364  - [39m04/29/2026, 8:59:47 AM [33m   WARN[39m [38;5;3m[McpConfigWriter] [39m[33mNo MCP config writer for provider: mock (raw: mock)[39m
[0m[32m✓[0m [0mOrchestratorService[2m >[0m[1m setAgentMode with unknown mode returns null and does not emit[0m [0m[2m[[1m52.81ms[0m[2m][0m
[32m[Nest] 77364  - [39m04/29/2026, 8:59:47 AM [32m    LOG[39m [38;5;3m[SteeringService] [39m[32mCreated STEERING.md at /var/folders/zb/8rbxhnqj5nqcrlsvjxjs7hs40000gn/T/orch-kiBCIP/STEERING.md[39m
[33m[Nest] 77364  - [39m04/29/2026, 8:59:47 AM [33m   WARN[39m [38;5;3m[McpConfigWriter] [39m[33mNo MCP config writer for provider: mock (raw: mock)[39m
[0m[32m✓[0m [0mOrchestratorService[2m >[0m[1m handleClientConnected sends agent_mode_updated with current mode[0m [0m[2m[[1m54.07ms[0m[2m][0m
[32m[Nest] 77364  - [39m04/29/2026, 8:59:47 AM [32m    LOG[39m [38;5;3m[SteeringService] [39m[32mCreated STEERING.md at /var/folders/zb/8rbxhnqj5nqcrlsvjxjs7hs40000gn/T/orch-agzHOa/STEERING.md[39m
[33m[Nest] 77364  - [39m04/29/2026, 8:59:47 AM [33m   WARN[39m [38;5;3m[McpConfigWriter] [39m[33mNo MCP config writer for provider: mock (raw: mock)[39m
[0m[32m✓[0m [0mOrchestratorService[2m >[0m[1m answer_user_question resolves a pending LocalMcp question[0m [0m[2m[[1m52.03ms[0m[2m][0m
[32m[Nest] 77364  - [39m04/29/2026, 8:59:47 AM [32m    LOG[39m [38;5;3m[SteeringService] [39m[32mCreated STEERING.md at /var/folders/zb/8rbxhnqj5nqcrlsvjxjs7hs40000gn/T/orch-DT2Nuc/STEERING.md[39m
[33m[Nest] 77364  - [39m04/29/2026, 8:59:47 AM [33m   WARN[39m [38;5;3m[McpConfigWriter] [39m[33mNo MCP config writer for provider: mock (raw: mock)[39m
[0m[32m✓[0m [0mOrchestratorService[2m >[0m[1m confirm_action_response resolves a pending LocalMcp confirm (confirmed=true)[0m [0m[2m[[1m51.84ms[0m[2m][0m
[32m[Nest] 77364  - [39m04/29/2026, 8:59:47 AM [32m    LOG[39m [38;5;3m[SteeringService] [39m[32mCreated STEERING.md at /var/folders/zb/8rbxhnqj5nqcrlsvjxjs7hs40000gn/T/orch-957wCR/STEERING.md[39m
[33m[Nest] 77364  - [39m04/29/2026, 8:59:47 AM [33m   WARN[39m [38;5;3m[McpConfigWriter] [39m[33mNo MCP config writer for provider: mock (raw: mock)[39m
[0m[32m✓[0m [0mOrchestratorService[2m >[0m[1m confirm_action_response with confirmed=false passes false[0m [0m[2m[[1m51.68ms[0m[2m][0m
[32m[Nest] 77364  - [39m04/29/2026, 8:59:47 AM [32m    LOG[39m [38;5;3m[SteeringService] [39m[32mCreated STEERING.md at /var/folders/zb/8rbxhnqj5nqcrlsvjxjs7hs40000gn/T/orch-OV1ov7/STEERING.md[39m
[33m[Nest] 77364  - [39m04/29/2026, 8:59:47 AM [33m   WARN[39m [38;5;3m[McpConfigWriter] [39m[33mNo MCP config writer for provider: mock (raw: mock)[39m
[0m[32m✓[0m [0mOrchestratorService[2m >[0m[1m LocalMcp outbound$ events are forwarded to orchestrator outbound[0m [0m[2m[[1m51.71ms[0m[2m][0m
[0m
src/app/orchestrator/chat-prompt-context.service.test.ts:
[0m[32m✓[0m [0mChatPromptContextService[2m >[0m[1m buildFullPrompt returns trimmed text when no context[0m [0m[2m[0.87ms[0m[2m][0m
[0m[32m✓[0m [0mChatPromptContextService[2m >[0m[1m buildFullPrompt includes image context when imageUrls have paths[0m [0m[2m[0.19ms[0m[2m][0m
[0m[32m✓[0m [0mChatPromptContextService[2m >[0m[1m buildFullPrompt includes voice context when audioFilename has path[0m [0m[2m[0.06ms[0m[2m][0m
[0m[32m✓[0m [0mChatPromptContextService[2m >[0m[1m buildFullPrompt includes attachment context when attachmentFilenames have paths[0m [0m[2m[0.06ms[0m[2m][0m
[0m[32m✓[0m [0mChatPromptContextService[2m >[0m[1m buildFullPrompt includes file context when text has @path and getFileContent returns[0m [0m[2m[0.08ms[0m[2m][0m
[33m[Nest] 77364  - [39m04/29/2026, 8:59:47 AM [33m   WARN[39m [38;5;3m[ChatPromptContextService] [39m[33mPlayground file or folder not found: missing[39m
[0m[32m✓[0m [0mChatPromptContextService[2m >[0m[1m buildFullPrompt ignores @ref when getFileContent and getFolderFileContents throw[0m [0m[2m[0.24ms[0m[2m][0m
[33m[Nest] 77364  - [39m04/29/2026, 8:59:47 AM [33m   WARN[39m [38;5;3m[ChatPromptContextService] [39m[33mPlayground file or folder not found: ../../../etc/passwd[39m
[0m[32m✓[0m [0mChatPromptContextService[2m >[0m[1m buildFullPrompt with @../../../etc/passwd path traversal attempt is handled safely[0m [0m[2m[0.12ms[0m[2m][0m
[0m[32m✓[0m [0mChatPromptContextService[2m >[0m[1m buildFullPrompt handles empty imageUrls gracefully[0m [0m[2m[0.03ms[0m[2m][0m
[0m[32m✓[0m [0mChatPromptContextService[2m >[0m[1m buildFullPrompt with multiple @paths only fetches unique paths[0m [0m[2m[0.05ms[0m[2m][0m
[0m[32m✓[0m [0mChatPromptContextService[2m > [0mbuildHistoryContext[2m >[0m[1m returns empty string for undefined messages[0m [0m[2m[0.02ms[0m[2m][0m
[0m[32m✓[0m [0mChatPromptContextService[2m > [0mbuildHistoryContext[2m >[0m[1m returns empty string for empty array[0m
[0m[32m✓[0m [0mChatPromptContextService[2m > [0mbuildHistoryContext[2m >[0m[1m formats user and assistant messages with role labels[0m [0m[2m[0.05ms[0m[2m][0m
[0m[32m✓[0m [0mChatPromptContextService[2m > [0mbuildHistoryContext[2m >[0m[1m truncates individual messages longer than 2000 chars[0m [0m[2m[0.03ms[0m[2m][0m
[0m[32m✓[0m [0mChatPromptContextService[2m > [0mbuildHistoryContext[2m >[0m[1m limits to last 50 messages[0m [0m[2m[0.04ms[0m[2m][0m
[0m[32m✓[0m [0mChatPromptContextService[2m > [0mbuildHistoryContext[2m >[0m[1m stops accumulating when total chars exceed 30000[0m [0m[2m[0.07ms[0m[2m][0m
[0m[32m✓[0m [0mChatPromptContextService[2m > [0minjectModeHint[2m >[0m[1m prepends [MODE] block to text[0m [0m[2m[0.03ms[0m[2m][0m
[0m[32m✓[0m [0mChatPromptContextService[2m > [0minjectModeHint[2m >[0m[1m returns text unchanged when mode is empty[0m
[0m[32m✓[0m [0mChatPromptContextService[2m > [0minjectModeHint[2m >[0m[1m works with all canonical mode display strings[0m [0m[2m[0.04ms[0m[2m][0m
[0m[32m✓[0m [0mChatPromptContextService[2m > [0minjectModeHint[2m >[0m[1m mode hint appears before the user text[0m [0m[2m[0.01ms[0m[2m][0m
[0m
src/app/orchestrator/finish-agent-stream.test.ts:
[0m[32m✓[0m [0mfinishAgentStream[2m >[0m[1m adds assistant message and sends stream_end[0m [0m[2m[0.13ms[0m[2m][0m
[0m[32m✓[0m [0mfinishAgentStream[2m >[0m[1m uses fallback when accumulated is empty[0m [0m[2m[0.07ms[0m[2m][0m
[0m[32m✓[0m [0mfinishAgentStream[2m >[0m[1m sends complete thinking step[0m [0m[2m[0.10ms[0m[2m][0m
[0m[32m✓[0m [0mfinishAgentStream[2m >[0m[1m includes usage in stream_end when provided[0m [0m[2m[0.11ms[0m[2m][0m
[0m[32m✓[0m [0mfinishAgentStream[2m >[0m[1m sets usage on activity store and sends update when activityId + usage present[0m [0m[2m[0.05ms[0m[2m][0m
[0m[32m✓[0m [0mfinishAgentStream[2m >[0m[1m does not set usage when activityId is null[0m [0m[2m[0.02ms[0m[2m][0m
[0m[32m✓[0m [0mfinishAgentStream[2m >[0m[1m does not send activity_updated when getById returns null[0m
[0m[32m✓[0m [0mfinishAgentStream[2m >[0m[1m clears lastStreamUsage[0m
[0m[32m✓[0m [0mfinishAgentStream[2m >[0m[1m syncs messages after adding[0m

[0m[2m18 tests failed:[0m
[0m[31m✗[0m [0mloadFibeSettings[2m >[0m[1m should return defaults if file does not exist[0m
[0m[31m✗[0m [0mloadFibeSettings[2m >[0m[1m should return defaults if file contains invalid JSON, but does not throw[0m [0m[2m[0.44ms[0m[2m][0m
[0m[31m✗[0m [0mloadFibeSettings[2m >[0m[1m should merge user excludes and visibleHidden with defaults[0m [0m[2m[0.09ms[0m[2m][0m
[0m[31m✗[0m [0mUploadsService[2m > [0mextractImageInfo[2m >[0m[1m returns info using mocks and caches it[0m [0m[2m[1.45ms[0m[2m][0m
[0m[31m✗[0m [0mPlaygroundsService[2m >[0m[1m getFileContent returns file content for valid path[0m [0m[2m[0.83ms[0m[2m][0m
[0m[31m✗[0m [0mPlaygroundsService[2m >[0m[1m getFileContent returns content for file in subdirectory[0m [0m[2m[0.87ms[0m[2m][0m
[0m[31m✗[0m [0mPlaygroundsService[2m >[0m[1m getFolderFileContents returns all file contents under folder[0m [0m[2m[1.88ms[0m[2m][0m
[0m[31m✗[0m [0mPlayroomBrowserService[2m > [0mgetCurrentLink()[2m >[0m[1m returns content of .current_playground[0m [0m[2m[0.84ms[0m[2m][0m
[0m[31m✗[0m [0mSteeringService[2m >[0m[1m enqueue adds a message and writes STEERING.md[0m [0m[2m[1.14ms[0m[2m][0m
[0m[31m✗[0m [0mSteeringService[2m >[0m[1m enqueue multiple messages preserves order[0m [0m[2m[0.66ms[0m[2m][0m
[0m[31m✗[0m [0mSteeringService[2m >[0m[1m resetQueue clears STEERING.md and count[0m [0m[2m[0.63ms[0m[2m][0m
[0m[31m✗[0m [0mSteeringService[2m >[0m[1m fs.watch updates count when file is changed externally[0m [0m[2m[0.83ms[0m[2m][0m
[0m[31m✗[0m [0mSteeringService[2m >[0m[1m enqueue trims whitespace from text[0m [0m[2m[0.59ms[0m[2m][0m
[0m[31m✗[0m [0mSteeringService[2m >[0m[1m stale lock is cleaned up automatically[0m [0m[2m[0.77ms[0m[2m][0m
[0m[31m✗[0m [0mSteeringService[2m >[0m[1m recovers when STEERING.md is deleted externally[0m [0m[2m[0.58ms[0m[2m][0m
[0m[31m✗[0m [0mOrchestratorService[2m >[0m[1m send_chat_message while processing queues the message instead of blocking[0m [0m[2m[[1m154.63ms[0m[2m][0m
[0m[31m✗[0m [0mOrchestratorService[2m >[0m[1m queue_message action queues and emits message + queue_updated[0m [0m[2m[[1m52.94ms[0m[2m][0m
[0m[31m✗[0m [0mOrchestratorService[2m >[0m[1m queue resets when a new streaming session starts[0m [0m[2m[[1m52.65ms[0m[2m][0m

[0m[32m 805 pass[0m
[0m[31m 18 fail[0m
 1354 expect() calls
Ran 823 tests across 59 files. [0m[2m[[1m26.64s[0m[2m][0m
Warning: command "bun test --preload ./test-setup.ts" exited with non-zero status code


 NX   Running target test for project api failed

Failed tasks:

- api:test

Hint: run the command with --verbose for more details.

error: "nx" exited with code 1
